[Phase3.8b] root=/data/state_diff2
[Phase3.8b] python=/miniforge3/envs/coord_bimanual/bin/python
[Phase3.8b] conda_env=coord_bimanual
[Phase3.8b] head=a3288f51c1a080a75a2e452ccd7ccde19166af9a
/data/state_diff2/external/deformable-ravens/ravens/tasks/defs_cloth.py:53: UserWarning: pkg_resources is deprecated as an API. See https://setuptools.pypa.io/en/latest/pkg_resources.html. The pkg_resources package is slated for removal as early as 2025-11-30. Refrain from using this package or pin to Setuptools<81.
  import pkg_resources
{
  "checks": {
    "forbidden_modules_not_loaded": true,
    "has_condition_name": true,
    "has_paper_x": true,
    "has_source_file": true,
    "has_state_action_x": true,
    "has_visible_seed": true,
    "has_window_t": true,
    "has_y_action": true,
    "import_numpy": true,
    "import_phase3_6_matched_action_replay_diag": true,
    "import_phase3_8_idm_geometry_repair_probe": true,
    "import_pybullet": true,
    "import_ravens_environment": true,
    "import_ravens_tasks": true,
    "import_torch": true,
    "phase36_raw_prefix_available": true,
    "phase36_state_match": true,
    "phase36_summary_exists": true,
    "phase37_root_geometry_blocker": true,
    "phase37_summary_exists": true,
    "phase37_verdict_fail_expected": true,
    "phase38_repair_fail_report_exists": true,
    "phase38_sensitivity_exists": true,
    "phase38_sensitivity_pass": true,
    "phase38_top_dim_mentions_pose1_y": true,
    "running_in_coord_bimanual": true,
    "script_import_and_input_hazard_free": true,
    "task_has_hidden_breakaway_pin": true,
    "task_has_required_conditions": true,
    "task_instantiates": true,
    "task_registered": true,
    "windows_conditions_match": true,
    "windows_diagnostic_match": true,
    "windows_loadable": true,
    "windows_primary_match": true,
    "y_action_dim_14": true
  },
  "conda_env": "coord_bimanual",
  "git": {
    "branch": "Experiment1",
    "head": "a3288f51c1a080a75a2e452ccd7ccde19166af9a",
    "origin_experiment1": "a3288f51c1a080a75a2e452ccd7ccde19166af9a",
    "status": "?? \"reports/phase3_8b_narrow_pose1_repair_run.log\\r\"\n?? reports/phase3_8b_narrow_pose1_repair_start_audit.md\n?? reports/phase3_8b_narrow_repair_preflight_report.md\n?? reports/phase3_8b_narrow_repair_preflight_summary.json\n?? scripts/phase3_8b_analyze_narrow_pose1_repair.py\n?? scripts/phase3_8b_narrow_pose1_repair_probe.py\n?? scripts/phase3_8b_narrow_repair_preflight.py\n?? scripts/phase3_8b_run_narrow_pose1_repair.sh\n",
    "submodule": "388a3f5582c8fdffaecb06448f285d693a45b83c external/deformable-ravens (heads/ccda-cable)"
  },
  "issues": [],
  "phase37_summary": {
    "gt_exec_mean_delta_final_fraction": 0.20833333333333337,
    "idm_gt_exec_mean_delta_final_fraction": 1.4456028966473393e-18,
    "root_cause": "idm_action_execution_geometry_blocker",
    "verdict": "FAIL"
  },
  "phase38_sensitivity_top_dims": [
    {
      "action_source": "idm_pred_future",
      "baseline": "paper_state",
      "component": "pose1_xyz",
      "dim": 8,
      "max_abs_error": 0.28311944007873535,
      "mean_abs_error": 0.14558200957253575,
      "mean_signed_error": -0.1406666749777893,
      "num_rows": 12,
      "path": "params/pose1/0/1"
    },
    {
      "action_source": "idm_pred_future",
      "baseline": "state_action",
      "component": "pose1_xyz",
      "dim": 8,
      "max_abs_error": 0.24597162008285522,
      "mean_abs_error": 0.12691292818635702,
      "mean_signed_error": -0.1106994195530812,
      "num_rows": 12,
      "path": "params/pose1/0/1"
    },
    {
      "action_source": "idm_pred_future",
      "baseline": "paper_state",
      "component": "pose0_xyz",
      "dim": 1,
      "max_abs_error": 0.34867727756500244,
      "mean_abs_error": 0.09561392416556676,
      "mean_signed_error": -0.06293963640928268,
      "num_rows": 12,
      "path": "params/pose0/0/1"
    },
    {
      "action_source": "idm_pred_future",
      "baseline": "state_action",
      "component": "pose0_xyz",
      "dim": 1,
      "max_abs_error": 0.35100024938583374,
      "mean_abs_error": 0.0875444399813811,
      "mean_signed_error": -0.04246670628587405,
      "num_rows": 12,
      "path": "params/pose0/0/1"
    },
    {
      "action_source": "idm_pred_future",
      "baseline": "paper_state",
      "component": "pose1_xyz",
      "dim": 7,
      "max_abs_error": 0.16946059465408325,
      "mean_abs_error": 0.07322475810845692,
      "mean_signed_error": 0.059522087375322975,
      "num_rows": 12,
      "path": "params/pose1/0/0"
    },
    {
      "action_source": "idm_pred_future",
      "baseline": "state_action",
      "component": "pose1_xyz",
      "dim": 7,
      "max_abs_error": 0.1915430724620819,
      "mean_abs_error": 0.07098402331272761,
      "mean_signed_error": 0.05330318957567215,
      "num_rows": 12,
      "path": "params/pose1/0/0"
    },
    {
      "action_source": "idm_gt_future",
      "baseline": "paper_state",
      "component": "pose1_xyz",
      "dim": 8,
      "max_abs_error": 0.16992425918579102,
      "mean_abs_error": 0.0614831541509678,
      "mean_signed_error": -0.05263296258635819,
      "num_rows": 12,
      "path": "params/pose1/0/1"
    },
    {
      "action_source": "idm_gt_future",
      "baseline": "state_action",
      "component": "pose1_xyz",
      "dim": 8,
      "max_abs_error": 0.16992425918579102,
      "mean_abs_error": 0.0614831541509678,
      "mean_signed_error": -0.05263296258635819,
      "num_rows": 12,
      "path": "params/pose1/0/1"
    }
  ],
  "python": "/miniforge3/envs/coord_bimanual/bin/python",
  "shapes": {
    "action_dim": [],
    "action_template_json_or_pickle_path": [],
    "condition_id": [
      956
    ],
    "condition_name": [
      956
    ],
    "episode_action_len": [
      956
    ],
    "final_fraction": [
      956
    ],
    "meta_json": [],
    "n_beads": [],
    "paper_x": [
      956,
      405
    ],
    "robot_pose_dim": [],
    "robot_pose_proxy_source": [
      956
    ],
    "source_file": [
      956
    ],
    "split_name": [
      956
    ],
    "state_action_x": [
      956,
      447
    ],
    "state_dim": [],
    "success": [
      956
    ],
    "tf": [],
    "th": [],
    "visible_seed": [
      956
    ],
    "window_t": [
      956
    ],
    "y_action": [
      956,
      14
    ],
    "y_final_state": [
      956,
      135
    ],
    "y_state": [
      956,
      4,
      135
    ]
  },
  "verdict": "PASS",
  "windows_meta": {
    "action_codec": {
      "class": "ExecutableActionCodec",
      "dim": 14,
      "num_camera_config_paths": 0,
      "num_param_paths": 14,
      "num_paths": 14,
      "paths": [
        "params/pose0/0/0",
        "params/pose0/0/1",
        "params/pose0/0/2",
        "params/pose0/1/0",
        "params/pose0/1/1",
        "params/pose0/1/2",
        "params/pose0/1/3",
        "params/pose1/0/0",
        "params/pose1/0/1",
        "params/pose1/0/2",
        "params/pose1/1/0",
        "params/pose1/1/1",
        "params/pose1/1/2",
        "params/pose1/1/3"
      ]
    },
    "action_codec_summary": {
      "class": "ExecutableActionCodec",
      "dim": 14,
      "num_camera_config_paths": 0,
      "num_param_paths": 14,
      "num_paths": 14,
      "paths": [
        "params/pose0/0/0",
        "params/pose0/0/1",
        "params/pose0/0/2",
        "params/pose0/1/0",
        "params/pose0/1/1",
        "params/pose0/1/2",
        "params/pose0/1/3",
        "params/pose1/0/0",
        "params/pose1/0/1",
        "params/pose1/0/2",
        "params/pose1/1/0",
        "params/pose1/1/1",
        "params/pose1/1/2",
        "params/pose1/1/3"
      ]
    },
    "action_dim": 14,
    "action_template_json_or_pickle_path": "/data/state_diff2/data/phase3_state_diff_windows/phase3_action_template.pkl",
    "action_template_path": "/data/state_diff2/data/phase3_state_diff_windows/phase3_action_template.pkl",
    "canonicalization_rule": "group by split_name, visible_seed, window_t; copy free input to paired hidden branches; targets remain condition-specific",
    "canonicalization_summary_path": "/data/state_diff2/reports/phase3_canonicalization_summary.json",
    "canonicalized_paired_input_windows": 717,
    "ccda_breakaway_bead_ratio": "0.45",
    "ccda_breakaway_disp": "0.045",
    "ccda_breakaway_force": "2.6",
    "ccda_oracle_breakaway_pull_dist": "0.36",
    "complete_condition_filter": "keep only split/visible_seed/window_t groups containing: free, hidden_pin, hidden_high_friction, hidden_breakaway_pin",
    "conditions": [
      "free",
      "hidden_pin",
      "hidden_high_friction",
      "hidden_breakaway_pin"
    ],
    "diagnostic_branch_pair": "free_vs_hidden_pin",
    "diagnostic_hidden_condition": "hidden_pin",
    "dropped_windows_incomplete_condition_groups": 1921,
    "episode_action_len_max": 20,
    "episode_action_len_mean": 7.076359832635983,
    "episode_action_len_min": 1,
    "feature_schema": {
      "forbidden_not_in_x": [
        "hidden_condition",
        "hidden_contact_meta",
        "recoverability_params",
        "recoverability_class_candidate",
        "breakaway_released",
        "breakaway_release_step",
        "breakaway_step",
        "breakaway_threshold",
        "breakaway_max_disp_seen",
        "condition_id",
        "condition_name",
        "condition_label",
        "condition_id_onehot",
        "success",
        "final_fraction",
        "ccda_pair_group",
        "pair_group",
        "source_file",
        "visible_seed",
        "ccda_visible_seed"
      ],
      "paper_x": [
        "bead_xy_history",
        "bead_velocity_history",
        "robot_pose_proxy_history"
      ],
      "state_action_x": [
        "paper_x",
        "past_action_history_excluding_current_action"
      ],
      "y_action": [
        "current_executable_pick_place_action"
      ],
      "y_state": [
        "future_state_trajectory"
      ]
    },
    "forbidden_metadata_not_in_x": [
      "hidden_condition",
      "hidden_contact_meta",
      "recoverability_params",
      "recoverability_class_candidate",
      "breakaway_released",
      "breakaway_release_step",
      "breakaway_step",
      "breakaway_threshold",
      "breakaway_max_disp_seen",
      "condition_id",
      "condition_name",
      "condition_label",
      "condition_id_onehot",
      "success",
      "final_fraction",
      "ccda_pair_group",
      "pair_group",
      "source_file",
      "visible_seed",
      "ccda_visible_seed"
    ],
    "heldout_visible_seed_count": 30,
    "heldout_visible_seeds": [
      100000,
      100001,
      100002,
      100003,
      100004,
      100005,
      100006,
      100007,
      100008,
      100009,
      100010,
      100011,
      100012,
      100013,
      100014,
      100015,
      100016,
      100017,
      100018,
      100019,
      100020,
      100021,
      100022,
      100023,
      100024,
      100025,
      100026,
      100027,
      100028,
      100029
    ],
    "max_windows_per_episode": 0,
    "n_beads": 24,
    "num_episodes_loaded": 520,
    "num_heldout_windows": 188,
    "num_train_windows": 768,
    "num_windows": 956,
    "paper_x_shape": [
      956,
      405
    ],
    "phase2_5_selected_config": "breakaway_force_2p6_disp_0p045_pull_0p36",
    "phase2_5_selected_recoverable_condition": "hidden_breakaway_pin",
    "primary_branch_pair": "free_vs_hidden_breakaway_pin",
    "primary_hidden_condition": "hidden_breakaway_pin",
    "raw_num_windows_before_complete_condition_filter": 2877,
    "robot_pose_dim": 39,
    "robot_pose_proxy_source_counts": {
      "pybullet_robot_body": 13471
    },
    "state_action_extra_all_zero": false,
    "state_action_extra_std": 0.2338666021823883,
    "state_action_x_shape": [
      956,
      447
    ],
    "state_dim": 135,
    "tf": 4,
    "th": 3,
    "train_heldout_seed_overlap": [],
    "train_visible_seed_count": 100,
    "train_visible_seeds": [
      1000,
      1001,
      1002,
      1003,
      1004,
      1005,
      1006,
      1007,
      1008,
      1009,
      1010,
      1011,
      1012,
      1013,
      1014,
      1015,
      1016,
      1017,
      1018,
      1019,
      1020,
      1021,
      1022,
      1023,
      1024,
      1025,
      1026,
      1027,
      1028,
      1029,
      1030,
      1031,
      1032,
      1033,
      1034,
      1035,
      1036,
      1037,
      1038,
      1039,
      1040,
      1041,
      1042,
      1043,
      1044,
      1045,
      1046,
      1047,
      1048,
      1049,
      1050,
      1051,
      1052,
      1053,
      1054,
      1055,
      1056,
      1057,
      1058,
      1059,
      1060,
      1061,
      1062,
      1063,
      1064,
      1065,
      1066,
      1067,
      1068,
      1069,
      1070,
      1071,
      1072,
      1073,
      1074,
      1075,
      1076,
      1077,
      1078,
      1079,
      1080,
      1081,
      1082,
      1083,
      1084,
      1085,
      1086,
      1087,
      1088,
      1089,
      1090,
      1091,
      1092,
      1093,
      1094,
      1095,
      1096,
      1097,
      1098,
      1099
    ],
    "windows_per_condition": {
      "free": 239,
      "hidden_breakaway_pin": 239,
      "hidden_high_friction": 239,
      "hidden_pin": 239
    },
    "y_action_shape": [
      956,
      14
    ]
  }
}
{
  "failed": 0,
  "important_note": "This is a narrowed diagnostic. GT-blended variants are diagnostic upper bounds only, not deployable policy actions.",
  "narrowed_matrix": {
    "baselines": [
      "state_action"
    ],
    "conditions": [
      "free",
      "hidden_breakaway_pin",
      "hidden_high_friction"
    ],
    "max_rows": 18,
    "samples_per_condition": 1,
    "sources": [
      "idm_gt_future"
    ],
    "variants": [
      "gt_reference",
      "idm_original",
      "idm_gt_pose1_xy",
      "idm_gt_pose0_xy",
      "idm_gt_pose0_pose1_xy",
      "idm_gt_pull_dir_gt_len"
    ]
  },
  "num_rows_written": 4,
  "ok": 4,
  "out_csv": "reports/phase3_8b_narrow_pose1_repair_trials.csv",
  "progress_json": "reports/phase3_8b_narrow_pose1_repair_progress.json",
  "scope": "phase3_8b_narrow_pose1_repair_no_phase4_no_cps",
  "status": "stopped_after_first_effective",
  "timeout": 0,
  "worker_dir": "reports/phase3_8b_workers"
}
{
  "completed_fraction": 0.2222222222222222,
  "effective_gt_blended_repairs": {
    "pose0_xy": 0.6666666666666666
  },
  "gt_reference_delta": 0.875,
  "idm_original_delta": 0.0,
  "important_note": "This is a narrowed diagnostic. GT-blended variants are diagnostic upper bounds only, not deployable policy actions.",
  "issues": [
    {
      "detail": "{'pose0_xy': 0.6666666666666666}",
      "level": "WARN",
      "name": "narrowed_gt_blended_repair_restores_progress"
    }
  ],
  "num_failed_rows": 0,
  "num_ok_rows": 4,
  "num_rows": 4,
  "num_timeout_rows": 0,
  "pose0_pose1_xy_delta": NaN,
  "pose0_xy_delta": 0.6666666666666666,
  "pose1_xy_delta": 0.0,
  "progress": {
    "already_completed_on_resume": 0,
    "completed": 4,
    "failed": 0,
    "finished_at": "2026-07-06T18:52:41+0800",
    "last_row": {
      "baseline": "state_action",
      "condition": "free",
      "exec_delta_final_fraction": 0.6666666666666666,
      "exec_failure_reason": "",
      "repair_variant": "idm_gt_pose0_xy",
      "source_action": "idm_gt_future",
      "status": "ok"
    },
    "ok": 4,
    "out_csv": "reports/phase3_8b_narrow_pose1_repair_trials.csv",
    "scope": "phase3_8b_narrow_pose1_repair_no_phase4_no_cps",
    "started_at": "2026-07-06T18:51:53+0800",
    "status": "stopped_after_first_effective",
    "timeout": 0,
    "total_specs": 18
  },
  "pull_direction_gt_len_delta": NaN,
  "raw_summary": {
    "failed": 0,
    "important_note": "This is a narrowed diagnostic. GT-blended variants are diagnostic upper bounds only, not deployable policy actions.",
    "narrowed_matrix": {
      "baselines": [
        "state_action"
      ],
      "conditions": [
        "free",
        "hidden_breakaway_pin",
        "hidden_high_friction"
      ],
      "max_rows": 18,
      "samples_per_condition": 1,
      "sources": [
        "idm_gt_future"
      ],
      "variants": [
        "gt_reference",
        "idm_original",
        "idm_gt_pose1_xy",
        "idm_gt_pose0_xy",
        "idm_gt_pose0_pose1_xy",
        "idm_gt_pull_dir_gt_len"
      ]
    },
    "num_rows_written": 4,
    "ok": 4,
    "out_csv": "reports/phase3_8b_narrow_pose1_repair_trials.csv",
    "progress_json": "reports/phase3_8b_narrow_pose1_repair_progress.json",
    "scope": "phase3_8b_narrow_pose1_repair_no_phase4_no_cps",
    "status": "stopped_after_first_effective",
    "timeout": 0,
    "worker_dir": "reports/phase3_8b_workers"
  },
  "recommendation": "Do not enter Phase4/CPS. Use the supported geometry blocker to design an IDM geometry loss or action weighting repair.",
  "root_cause": "pose0_pick_xy_geometry_blocker_supported",
  "table": [
    {
      "baseline": "state_action",
      "condition": "free",
      "exec_failure_count": 0,
      "failure_rows": 0,
      "mean_action_mae_to_gt": 0.0,
      "mean_delta_final_fraction": 0.875,
      "mean_final_fraction_after": 0.875,
      "mean_pose0_xy_dist_to_gt": 0.0,
      "mean_pose1_xy_dist_to_gt": 0.0,
      "mean_prefix_mae": 0.0038247951306402683,
      "mean_pull_angle_deg_to_gt": 1.2074182697257333e-06,
      "mean_pull_len_ratio_to_gt": 1.0,
      "ok_rows": 1,
      "repair_variant": "gt_reference",
      "rows": 1,
      "source_action": "idm_gt_future",
      "success_rate": 0.0,
      "timeout_rows": 0
    },
    {
      "baseline": "state_action",
      "condition": "free",
      "exec_failure_count": 0,
      "failure_rows": 0,
      "mean_action_mae_to_gt": 0.0028428309597074986,
      "mean_delta_final_fraction": 0.6666666666666666,
      "mean_final_fraction_after": 0.6666666666666666,
      "mean_pose0_xy_dist_to_gt": 0.0,
      "mean_pose1_xy_dist_to_gt": 0.015681876281447585,
      "mean_prefix_mae": 0.003832572838291526,
      "mean_pull_angle_deg_to_gt": 1.7144075727427195,
      "mean_pull_len_ratio_to_gt": 1.0086506820659982,
      "ok_rows": 1,
      "repair_variant": "idm_gt_pose0_xy",
      "rows": 1,
      "source_action": "idm_gt_future",
      "success_rate": 0.0,
      "timeout_rows": 0
    },
    {
      "baseline": "state_action",
      "condition": "free",
      "exec_failure_count": 0,
      "failure_rows": 0,
      "mean_action_mae_to_gt": 0.004754898138344288,
      "mean_delta_final_fraction": 0.0,
      "mean_final_fraction_after": 0.0,
      "mean_pose0_xy_dist_to_gt": 0.03345985796214927,
      "mean_pose1_xy_dist_to_gt": 0.0,
      "mean_prefix_mae": 0.0038160262629389763,
      "mean_pull_angle_deg_to_gt": 3.587137358655938,
      "mean_pull_len_ratio_to_gt": 0.9748657315689893,
      "ok_rows": 1,
      "repair_variant": "idm_gt_pose1_xy",
      "rows": 1,
      "source_action": "idm_gt_future",
      "success_rate": 0.0,
      "timeout_rows": 0
    },
    {
      "baseline": "state_action",
      "condition": "free",
      "exec_failure_count": 0,
      "failure_rows": 0,
      "mean_action_mae_to_gt": 0.006156668532639742,
      "mean_delta_final_fraction": 0.0,
      "mean_final_fraction_after": 0.0,
      "mean_pose0_xy_dist_to_gt": 0.03345985796214927,
      "mean_pose1_xy_dist_to_gt": 0.015681876281447585,
      "mean_prefix_mae": 0.0038219739217311144,
      "mean_pull_angle_deg_to_gt": 5.308760409848856,
      "mean_pull_len_ratio_to_gt": 0.985381684905269,
      "ok_rows": 1,
      "repair_variant": "idm_original",
      "rows": 1,
      "source_action": "idm_gt_future",
      "success_rate": 0.0,
      "timeout_rows": 0
    }
  ],
  "verdict": "WARN"
}
[Phase3.8b] done
