[Phase3.9] root=/data/state_diff2
[Phase3.9] python=/miniforge3/envs/coord_bimanual/bin/python
[Phase3.9] conda_env=coord_bimanual
[Phase3.9] head=4be9aaf5ffeab648e110e8f847347b598d43d447
/data/state_diff2/external/deformable-ravens/ravens/tasks/defs_cloth.py:53: UserWarning: pkg_resources is deprecated as an API. See https://setuptools.pypa.io/en/latest/pkg_resources.html. The pkg_resources package is slated for removal as early as 2025-11-30. Refrain from using this package or pin to Setuptools<81.
  import pkg_resources
{
  "checkpoint": "/data/state_diff2/checkpoints/phase3/state_action/fold_0_seed_0",
  "checks": {
    "action_codec_dim_14": true,
    "action_codec_no_camera_config": true,
    "forbidden_modules_not_loaded": true,
    "has_condition_name": true,
    "has_paper_x": true,
    "has_source_file": true,
    "has_split_name": true,
    "has_state_action_x": true,
    "has_visible_seed": true,
    "has_window_t": true,
    "has_y_action": true,
    "import_ccda_phase3_models": true,
    "import_ccda_phase3_train_utils": true,
    "import_numpy": true,
    "import_phase3_8b_narrow_pose1_repair_probe": true,
    "import_pybullet": true,
    "import_ravens_environment": true,
    "import_ravens_tasks": true,
    "import_torch": true,
    "phase38c_root_coupled": true,
    "phase38c_summary_exists": true,
    "phase38c_warn_expected": true,
    "running_in_coord_bimanual": true,
    "script_import_and_input_hazard_free": true,
    "state_action_checkpoint_complete": true,
    "task_has_hidden_breakaway_pin": true,
    "task_has_required_conditions": true,
    "task_instantiates": true,
    "task_registered": true,
    "windows_conditions_match": true,
    "windows_diagnostic_match": true,
    "windows_loadable": true,
    "windows_primary_match": true,
    "y_action_dim_14": true
  },
  "codec": {
    "dim": 14,
    "path": "/data/state_diff2/data/phase3_state_diff_windows/phase3_action_template.pkl",
    "summary": {
      "class": "ExecutableActionCodec",
      "dim": 14,
      "num_camera_config_paths": 0,
      "num_param_paths": 14,
      "num_paths": 14,
      "paths": [
        "params/pose0/0/0",
        "params/pose0/0/1",
        "params/pose0/0/2",
        "params/pose0/1/0",
        "params/pose0/1/1",
        "params/pose0/1/2",
        "params/pose0/1/3",
        "params/pose1/0/0",
        "params/pose1/0/1",
        "params/pose1/0/2",
        "params/pose1/1/0",
        "params/pose1/1/1",
        "params/pose1/1/2",
        "params/pose1/1/3"
      ]
    }
  },
  "conda_env": "coord_bimanual",
  "git": {
    "branch": "Experiment1",
    "head": "4be9aaf5ffeab648e110e8f847347b598d43d447",
    "origin_experiment1": "4be9aaf5ffeab648e110e8f847347b598d43d447",
    "status": "?? reports/phase3_9_geometry_idm_preflight_report.md\n?? reports/phase3_9_geometry_idm_preflight_summary.json\n?? \"reports/phase3_9_geometry_idm_run.log\\r\"\n?? reports/phase3_9_geometry_idm_start_audit.md\n?? scripts/phase3_9_analyze_controlled_retry.py\n?? scripts/phase3_9_controlled_retry.py\n?? scripts/phase3_9_geometry_idm_preflight.py\n?? scripts/phase3_9_run_geometry_idm_repair.sh\n?? scripts/phase3_9_train_geometry_idm.py\n",
    "submodule": "388a3f5582c8fdffaecb06448f285d693a45b83c external/deformable-ravens (heads/ccda-cable)"
  },
  "issues": [],
  "phase38c_summary": {
    "both_xy_supported_conditions": [
      "free",
      "hidden_breakaway_pin",
      "hidden_high_friction"
    ],
    "pose0_supported_conditions": [
      "free"
    ],
    "pose1_supported_conditions": [
      "hidden_breakaway_pin",
      "hidden_high_friction"
    ],
    "root_cause": "coupled_pick_place_xy_geometry_blocker_supported",
    "verdict": "WARN"
  },
  "python": "/miniforge3/envs/coord_bimanual/bin/python",
  "shapes": {
    "action_dim": [],
    "action_template_json_or_pickle_path": [],
    "condition_id": [
      956
    ],
    "condition_name": [
      956
    ],
    "episode_action_len": [
      956
    ],
    "final_fraction": [
      956
    ],
    "meta_json": [],
    "n_beads": [],
    "paper_x": [
      956,
      405
    ],
    "robot_pose_dim": [],
    "robot_pose_proxy_source": [
      956
    ],
    "source_file": [
      956
    ],
    "split_name": [
      956
    ],
    "state_action_x": [
      956,
      447
    ],
    "state_dim": [],
    "success": [
      956
    ],
    "tf": [],
    "th": [],
    "visible_seed": [
      956
    ],
    "window_t": [
      956
    ],
    "y_action": [
      956,
      14
    ],
    "y_final_state": [
      956,
      135
    ],
    "y_state": [
      956,
      4,
      135
    ]
  },
  "verdict": "PASS",
  "windows_meta": {
    "action_codec": {
      "class": "ExecutableActionCodec",
      "dim": 14,
      "num_camera_config_paths": 0,
      "num_param_paths": 14,
      "num_paths": 14,
      "paths": [
        "params/pose0/0/0",
        "params/pose0/0/1",
        "params/pose0/0/2",
        "params/pose0/1/0",
        "params/pose0/1/1",
        "params/pose0/1/2",
        "params/pose0/1/3",
        "params/pose1/0/0",
        "params/pose1/0/1",
        "params/pose1/0/2",
        "params/pose1/1/0",
        "params/pose1/1/1",
        "params/pose1/1/2",
        "params/pose1/1/3"
      ]
    },
    "action_codec_summary": {
      "class": "ExecutableActionCodec",
      "dim": 14,
      "num_camera_config_paths": 0,
      "num_param_paths": 14,
      "num_paths": 14,
      "paths": [
        "params/pose0/0/0",
        "params/pose0/0/1",
        "params/pose0/0/2",
        "params/pose0/1/0",
        "params/pose0/1/1",
        "params/pose0/1/2",
        "params/pose0/1/3",
        "params/pose1/0/0",
        "params/pose1/0/1",
        "params/pose1/0/2",
        "params/pose1/1/0",
        "params/pose1/1/1",
        "params/pose1/1/2",
        "params/pose1/1/3"
      ]
    },
    "action_dim": 14,
    "action_template_json_or_pickle_path": "/data/state_diff2/data/phase3_state_diff_windows/phase3_action_template.pkl",
    "action_template_path": "/data/state_diff2/data/phase3_state_diff_windows/phase3_action_template.pkl",
    "canonicalization_rule": "group by split_name, visible_seed, window_t; copy free input to paired hidden branches; targets remain condition-specific",
    "canonicalization_summary_path": "/data/state_diff2/reports/phase3_canonicalization_summary.json",
    "canonicalized_paired_input_windows": 717,
    "ccda_breakaway_bead_ratio": "0.45",
    "ccda_breakaway_disp": "0.045",
    "ccda_breakaway_force": "2.6",
    "ccda_oracle_breakaway_pull_dist": "0.36",
    "complete_condition_filter": "keep only split/visible_seed/window_t groups containing: free, hidden_pin, hidden_high_friction, hidden_breakaway_pin",
    "conditions": [
      "free",
      "hidden_pin",
      "hidden_high_friction",
      "hidden_breakaway_pin"
    ],
    "diagnostic_branch_pair": "free_vs_hidden_pin",
    "diagnostic_hidden_condition": "hidden_pin",
    "dropped_windows_incomplete_condition_groups": 1921,
    "episode_action_len_max": 20,
    "episode_action_len_mean": 7.076359832635983,
    "episode_action_len_min": 1,
    "feature_schema": {
      "forbidden_not_in_x": [
        "hidden_condition",
        "hidden_contact_meta",
        "recoverability_params",
        "recoverability_class_candidate",
        "breakaway_released",
        "breakaway_release_step",
        "breakaway_step",
        "breakaway_threshold",
        "breakaway_max_disp_seen",
        "condition_id",
        "condition_name",
        "condition_label",
        "condition_id_onehot",
        "success",
        "final_fraction",
        "ccda_pair_group",
        "pair_group",
        "source_file",
        "visible_seed",
        "ccda_visible_seed"
      ],
      "paper_x": [
        "bead_xy_history",
        "bead_velocity_history",
        "robot_pose_proxy_history"
      ],
      "state_action_x": [
        "paper_x",
        "past_action_history_excluding_current_action"
      ],
      "y_action": [
        "current_executable_pick_place_action"
      ],
      "y_state": [
        "future_state_trajectory"
      ]
    },
    "forbidden_metadata_not_in_x": [
      "hidden_condition",
      "hidden_contact_meta",
      "recoverability_params",
      "recoverability_class_candidate",
      "breakaway_released",
      "breakaway_release_step",
      "breakaway_step",
      "breakaway_threshold",
      "breakaway_max_disp_seen",
      "condition_id",
      "condition_name",
      "condition_label",
      "condition_id_onehot",
      "success",
      "final_fraction",
      "ccda_pair_group",
      "pair_group",
      "source_file",
      "visible_seed",
      "ccda_visible_seed"
    ],
    "heldout_visible_seed_count": 30,
    "heldout_visible_seeds": [
      100000,
      100001,
      100002,
      100003,
      100004,
      100005,
      100006,
      100007,
      100008,
      100009,
      100010,
      100011,
      100012,
      100013,
      100014,
      100015,
      100016,
      100017,
      100018,
      100019,
      100020,
      100021,
      100022,
      100023,
      100024,
      100025,
      100026,
      100027,
      100028,
      100029
    ],
    "max_windows_per_episode": 0,
    "n_beads": 24,
    "num_episodes_loaded": 520,
    "num_heldout_windows": 188,
    "num_train_windows": 768,
    "num_windows": 956,
    "paper_x_shape": [
      956,
      405
    ],
    "phase2_5_selected_config": "breakaway_force_2p6_disp_0p045_pull_0p36",
    "phase2_5_selected_recoverable_condition": "hidden_breakaway_pin",
    "primary_branch_pair": "free_vs_hidden_breakaway_pin",
    "primary_hidden_condition": "hidden_breakaway_pin",
    "raw_num_windows_before_complete_condition_filter": 2877,
    "robot_pose_dim": 39,
    "robot_pose_proxy_source_counts": {
      "pybullet_robot_body": 13471
    },
    "state_action_extra_all_zero": false,
    "state_action_extra_std": 0.2338666021823883,
    "state_action_x_shape": [
      956,
      447
    ],
    "state_dim": 135,
    "tf": 4,
    "th": 3,
    "train_heldout_seed_overlap": [],
    "train_visible_seed_count": 100,
    "train_visible_seeds": [
      1000,
      1001,
      1002,
      1003,
      1004,
      1005,
      1006,
      1007,
      1008,
      1009,
      1010,
      1011,
      1012,
      1013,
      1014,
      1015,
      1016,
      1017,
      1018,
      1019,
      1020,
      1021,
      1022,
      1023,
      1024,
      1025,
      1026,
      1027,
      1028,
      1029,
      1030,
      1031,
      1032,
      1033,
      1034,
      1035,
      1036,
      1037,
      1038,
      1039,
      1040,
      1041,
      1042,
      1043,
      1044,
      1045,
      1046,
      1047,
      1048,
      1049,
      1050,
      1051,
      1052,
      1053,
      1054,
      1055,
      1056,
      1057,
      1058,
      1059,
      1060,
      1061,
      1062,
      1063,
      1064,
      1065,
      1066,
      1067,
      1068,
      1069,
      1070,
      1071,
      1072,
      1073,
      1074,
      1075,
      1076,
      1077,
      1078,
      1079,
      1080,
      1081,
      1082,
      1083,
      1084,
      1085,
      1086,
      1087,
      1088,
      1089,
      1090,
      1091,
      1092,
      1093,
      1094,
      1095,
      1096,
      1097,
      1098,
      1099
    ],
    "windows_per_condition": {
      "free": 239,
      "hidden_breakaway_pin": 239,
      "hidden_high_friction": 239,
      "hidden_pin": 239
    },
    "y_action_shape": [
      956,
      14
    ]
  }
}
{
  "baseline": "state_action",
  "codec_paths": [
    "params/pose0/0/0",
    "params/pose0/0/1",
    "params/pose0/0/2",
    "params/pose0/1/0",
    "params/pose0/1/1",
    "params/pose0/1/2",
    "params/pose0/1/3",
    "params/pose1/0/0",
    "params/pose1/0/1",
    "params/pose1/0/2",
    "params/pose1/1/0",
    "params/pose1/1/1",
    "params/pose1/1/2",
    "params/pose1/1/3"
  ],
  "config": {
    "action_z_weight": 1.0,
    "baseline": "state_action",
    "batch_size": 128,
    "coupled_xy_weight": 8.0,
    "epochs": 300,
    "future_key": "y_state",
    "idm_hidden_dim": 256,
    "idm_lr": 0.001,
    "idm_weight_decay": 0.001,
    "note": "Phase3.9 trains inverse dynamics only; no future DDPM, no CPS.",
    "old_checkpoint": "/data/state_diff2/checkpoints/phase3/state_action/fold_0_seed_0",
    "pose0_xy_weight": 8.0,
    "pose1_xy_weight": 8.0,
    "pull_xy_weight": 4.0,
    "quat_weight": 0.02,
    "seed": 390000,
    "z_weight": 0.25
  },
  "config_path": "/data/state_diff2/checkpoints/phase3_9_geometry_idm/state_action/fold_phase3_9_seed_390000/config.json",
  "future_key": "y_state",
  "idxs": {
    "p0xy": [
      0,
      1
    ],
    "p0z": [
      2
    ],
    "p1xy": [
      7,
      8
    ],
    "p1z": [
      9
    ],
    "q0": [
      3,
      4,
      5,
      6
    ],
    "q1": [
      10,
      11,
      12,
      13
    ]
  },
  "important_note": "Checkpoint is local diagnostic artifact and must not be committed.",
  "inverse_dynamics_path": "/data/state_diff2/checkpoints/phase3_9_geometry_idm/state_action/fold_phase3_9_seed_390000/inverse_dynamics.pt",
  "metrics": {
    "history": [
      {
        "epoch": 1,
        "train_geom_loss": 0.07049662433564663,
        "train_loss": 0.879395474990209
      },
      {
        "epoch": 25,
        "train_geom_loss": 0.00137827384363239,
        "train_loss": 0.07569582884510358
      },
      {
        "epoch": 50,
        "train_geom_loss": 0.0006324205508766075,
        "train_loss": 0.030313272960484028
      },
      {
        "epoch": 75,
        "train_geom_loss": 0.00028366708526543033,
        "train_loss": 0.016254243751366932
      },
      {
        "epoch": 100,
        "train_geom_loss": 0.00025130391198520857,
        "train_loss": 0.010105704888701439
      },
      {
        "epoch": 125,
        "train_geom_loss": 0.00021621170890284702,
        "train_loss": 0.011332162035008272
      },
      {
        "epoch": 150,
        "train_geom_loss": 0.0002626642356820715,
        "train_loss": 0.007244540145620704
      },
      {
        "epoch": 175,
        "train_geom_loss": 0.00011643338924235043,
        "train_loss": 0.004904683989783128
      },
      {
        "epoch": 200,
        "train_geom_loss": 0.0002026064224385967,
        "train_loss": 0.00783244171179831
      },
      {
        "epoch": 225,
        "train_geom_loss": 9.812959312209084e-05,
        "train_loss": 0.0031992639803017178
      },
      {
        "epoch": 250,
        "train_geom_loss": 7.790635815278317e-05,
        "train_loss": 0.003223880116517345
      },
      {
        "epoch": 275,
        "train_geom_loss": 8.15322406803413e-05,
        "train_loss": 0.0037173011417811117
      },
      {
        "epoch": 300,
        "train_geom_loss": 8.773014936499142e-05,
        "train_loss": 0.0027241725862647095
      }
    ],
    "train_rows": 768,
    "val_action_mae": 0.007362406235188246,
    "val_pose0_xy_mae": 0.025601575151085854,
    "val_pose1_xy_mae": 0.022205449640750885,
    "val_pull_xy_mae": 0.031021803617477417,
    "val_rows": 188
  },
  "old_checkpoint": "/data/state_diff2/checkpoints/phase3/state_action/fold_0_seed_0",
  "scope": "phase3_9_geometry_aware_idm_train_no_phase4_no_cps",
  "verdict": "PASS"
}
{
  "failed": 0,
  "matrix": {
    "actions": [
      "gt_reference",
      "old_idm_gt_future",
      "phase39_idm_gt_future"
    ],
    "baseline": "state_action",
    "conditions": [
      "free",
      "hidden_breakaway_pin",
      "hidden_high_friction"
    ],
    "max_rows": 18,
    "samples_per_condition": 2
  },
  "num_rows_written": 18,
  "ok": 18,
  "out_csv": "reports/phase3_9_geometry_idm_controlled_retry_trials.csv",
  "progress_json": "reports/phase3_9_geometry_idm_controlled_retry_progress.json",
  "scope": "phase3_9_geometry_idm_controlled_retry_no_phase4_no_cps",
  "status": "completed",
  "timeout": 0,
  "worker_dir": "reports/phase3_9_workers"
}
{
  "completed_fraction": 1.0,
  "condition_table": [
    {
      "condition": "free",
      "gt_reference_delta": 0.4583333333333333,
      "gt_success": 0.0,
      "improved": true,
      "improvement": 0.4583333333333333,
      "old_idm_delta": 0.0,
      "old_success": 0.0,
      "phase39_idm_delta": 0.4583333333333333,
      "phase39_success": 0.0,
      "ratio_to_gt": 1.0
    },
    {
      "condition": "hidden_breakaway_pin",
      "gt_reference_delta": 0.375,
      "gt_success": 0.0,
      "improved": true,
      "improvement": 0.4166666666666667,
      "old_idm_delta": 0.020833333333333332,
      "old_success": 0.0,
      "phase39_idm_delta": 0.4375,
      "phase39_success": 0.0,
      "ratio_to_gt": 1.1666666666666667
    },
    {
      "condition": "hidden_high_friction",
      "gt_reference_delta": 0.8333333333333334,
      "gt_success": 0.5,
      "improved": true,
      "improvement": 0.7916666666666666,
      "old_idm_delta": 0.08333333333333333,
      "old_success": 0.5,
      "phase39_idm_delta": 0.875,
      "phase39_success": 0.5,
      "ratio_to_gt": 1.05
    }
  ],
  "important_note": "This is one-step matched-prefix diagnostic only, not Phase4/CPS and not paper-level rollout evidence.",
  "improved_conditions": [
    "free",
    "hidden_breakaway_pin",
    "hidden_high_friction"
  ],
  "issues": [
    {
      "detail": "['free', 'hidden_breakaway_pin', 'hidden_high_friction']",
      "level": "WARN",
      "name": "phase39_geometry_idm_repair_supported"
    }
  ],
  "num_failed_rows": 0,
  "num_ok_rows": 18,
  "num_rows": 18,
  "num_timeout_rows": 0,
  "primary_improved": true,
  "progress": {
    "completed": 18,
    "failed": 0,
    "finished_at": "2026-07-06T19:39:31+0800",
    "last_row": {
      "action_source": "phase39_idm_gt_future",
      "condition": "hidden_high_friction",
      "exec_delta_final_fraction": NaN,
      "exec_failure_reason": "",
      "status": "ok"
    },
    "ok": 18,
    "out_csv": "reports/phase3_9_geometry_idm_controlled_retry_trials.csv",
    "scope": "phase3_9_geometry_idm_controlled_retry_no_phase4_no_cps",
    "started_at": "2026-07-06T19:35:43+0800",
    "status": "completed",
    "timeout": 0,
    "total_specs": 18
  },
  "raw_summary": {
    "failed": 0,
    "matrix": {
      "actions": [
        "gt_reference",
        "old_idm_gt_future",
        "phase39_idm_gt_future"
      ],
      "baseline": "state_action",
      "conditions": [
        "free",
        "hidden_breakaway_pin",
        "hidden_high_friction"
      ],
      "max_rows": 18,
      "samples_per_condition": 2
    },
    "num_rows_written": 18,
    "ok": 18,
    "out_csv": "reports/phase3_9_geometry_idm_controlled_retry_trials.csv",
    "progress_json": "reports/phase3_9_geometry_idm_controlled_retry_progress.json",
    "scope": "phase3_9_geometry_idm_controlled_retry_no_phase4_no_cps",
    "status": "completed",
    "timeout": 0,
    "worker_dir": "reports/phase3_9_workers"
  },
  "recommendation": "Do not enter Phase4/CPS. Next run a slightly larger Phase3.9b controlled retry or repair loss ablation before rollout.",
  "root_cause": "phase39_geometry_idm_repair_supported",
  "table": [
    {
      "action_source": "gt_reference",
      "baseline": "state_action",
      "condition": "free",
      "exec_failure_count": 0,
      "failed_rows": 0,
      "mean_action_mae_to_gt": 0.0,
      "mean_delta_final_fraction": 0.4583333333333333,
      "mean_final_fraction_after": 0.4583333333333333,
      "mean_pose0_xy_dist_to_gt": 0.0,
      "mean_pose1_xy_dist_to_gt": 0.0,
      "mean_prefix_mae": 0.04735752544365823,
      "mean_pull_angle_deg_to_gt": 6.037091348628667e-07,
      "ok_rows": 2,
      "rows": 2,
      "success_rate": 0.0,
      "timeout_rows": 0
    },
    {
      "action_source": "gt_reference",
      "baseline": "state_action",
      "condition": "hidden_breakaway_pin",
      "exec_failure_count": 0,
      "failed_rows": 0,
      "mean_action_mae_to_gt": 0.0,
      "mean_delta_final_fraction": 0.375,
      "mean_final_fraction_after": 0.375,
      "mean_pose0_xy_dist_to_gt": 0.0,
      "mean_pose1_xy_dist_to_gt": 0.0,
      "mean_prefix_mae": 0.047420423361472785,
      "mean_pull_angle_deg_to_gt": 6.037091348628667e-07,
      "ok_rows": 2,
      "rows": 2,
      "success_rate": 0.0,
      "timeout_rows": 0
    },
    {
      "action_source": "gt_reference",
      "baseline": "state_action",
      "condition": "hidden_high_friction",
      "exec_failure_count": 0,
      "failed_rows": 0,
      "mean_action_mae_to_gt": 0.0,
      "mean_delta_final_fraction": 0.8333333333333334,
      "mean_final_fraction_after": 0.8333333333333334,
      "mean_pose0_xy_dist_to_gt": 0.0,
      "mean_pose1_xy_dist_to_gt": 0.0,
      "mean_prefix_mae": 0.022208159789443016,
      "mean_pull_angle_deg_to_gt": 0.0,
      "ok_rows": 2,
      "rows": 2,
      "success_rate": 0.5,
      "timeout_rows": 0
    },
    {
      "action_source": "old_idm_gt_future",
      "baseline": "state_action",
      "condition": "free",
      "exec_failure_count": 0,
      "failed_rows": 0,
      "mean_action_mae_to_gt": 0.010551278945058584,
      "mean_delta_final_fraction": 0.0,
      "mean_final_fraction_after": 0.0,
      "mean_pose0_xy_dist_to_gt": 0.05903867776963223,
      "mean_pose1_xy_dist_to_gt": 0.04729683083118329,
      "mean_prefix_mae": 0.04736651841085404,
      "mean_pull_angle_deg_to_gt": 15.179273479760264,
      "ok_rows": 2,
      "rows": 2,
      "success_rate": 0.0,
      "timeout_rows": 0
    },
    {
      "action_source": "old_idm_gt_future",
      "baseline": "state_action",
      "condition": "hidden_breakaway_pin",
      "exec_failure_count": 0,
      "failed_rows": 0,
      "mean_action_mae_to_gt": 0.01069025183096528,
      "mean_delta_final_fraction": 0.020833333333333332,
      "mean_final_fraction_after": 0.020833333333333332,
      "mean_pose0_xy_dist_to_gt": 0.05143384376850292,
      "mean_pose1_xy_dist_to_gt": 0.058719387294197144,
      "mean_prefix_mae": 0.047393108950927854,
      "mean_pull_angle_deg_to_gt": 13.731026661383606,
      "ok_rows": 2,
      "rows": 2,
      "success_rate": 0.0,
      "timeout_rows": 0
    },
    {
      "action_source": "old_idm_gt_future",
      "baseline": "state_action",
      "condition": "hidden_high_friction",
      "exec_failure_count": 0,
      "failed_rows": 0,
      "mean_action_mae_to_gt": 0.008796957787126303,
      "mean_delta_final_fraction": 0.08333333333333333,
      "mean_final_fraction_after": 0.08333333333333333,
      "mean_pose0_xy_dist_to_gt": 0.03919596735476642,
      "mean_pose1_xy_dist_to_gt": 0.04899482678496475,
      "mean_prefix_mae": 0.02248231298290193,
      "mean_pull_angle_deg_to_gt": 14.890756199376945,
      "ok_rows": 2,
      "rows": 2,
      "success_rate": 0.5,
      "timeout_rows": 0
    },
    {
      "action_source": "phase39_idm_gt_future",
      "baseline": "state_action",
      "condition": "free",
      "exec_failure_count": 0,
      "failed_rows": 0,
      "mean_action_mae_to_gt": 0.0018864183221012354,
      "mean_delta_final_fraction": 0.4583333333333333,
      "mean_final_fraction_after": 0.4583333333333333,
      "mean_pose0_xy_dist_to_gt": 0.00787817875381309,
      "mean_pose1_xy_dist_to_gt": 0.009371110934763425,
      "mean_prefix_mae": 0.04736623540520668,
      "mean_pull_angle_deg_to_gt": 1.4431407184140523,
      "ok_rows": 2,
      "rows": 2,
      "success_rate": 0.0,
      "timeout_rows": 0
    },
    {
      "action_source": "phase39_idm_gt_future",
      "baseline": "state_action",
      "condition": "hidden_breakaway_pin",
      "exec_failure_count": 0,
      "failed_rows": 0,
      "mean_action_mae_to_gt": 0.00217540463199839,
      "mean_delta_final_fraction": 0.4375,
      "mean_final_fraction_after": 0.4375,
      "mean_pose0_xy_dist_to_gt": 0.011474853755662205,
      "mean_pose1_xy_dist_to_gt": 0.007584352309437896,
      "mean_prefix_mae": 0.04738088697195053,
      "mean_pull_angle_deg_to_gt": 1.948030963190326,
      "ok_rows": 2,
      "rows": 2,
      "success_rate": 0.0,
      "timeout_rows": 0
    },
    {
      "action_source": "phase39_idm_gt_future",
      "baseline": "state_action",
      "condition": "hidden_high_friction",
      "exec_failure_count": 0,
      "failed_rows": 0,
      "mean_action_mae_to_gt": 0.0016557579365326092,
      "mean_delta_final_fraction": 0.875,
      "mean_final_fraction_after": 0.875,
      "mean_pose0_xy_dist_to_gt": 0.006872450121553933,
      "mean_pose1_xy_dist_to_gt": 0.006929571180839003,
      "mean_prefix_mae": 0.02250580210238695,
      "mean_pull_angle_deg_to_gt": 1.1844962591056258,
      "ok_rows": 2,
      "rows": 2,
      "success_rate": 0.5,
      "timeout_rows": 0
    }
  ],
  "train_summary": {
    "inverse_dynamics_path": "/data/state_diff2/checkpoints/phase3_9_geometry_idm/state_action/fold_phase3_9_seed_390000/inverse_dynamics.pt",
    "metrics": {
      "history": [
        {
          "epoch": 1,
          "train_geom_loss": 0.07049662433564663,
          "train_loss": 0.879395474990209
        },
        {
          "epoch": 25,
          "train_geom_loss": 0.00137827384363239,
          "train_loss": 0.07569582884510358
        },
        {
          "epoch": 50,
          "train_geom_loss": 0.0006324205508766075,
          "train_loss": 0.030313272960484028
        },
        {
          "epoch": 75,
          "train_geom_loss": 0.00028366708526543033,
          "train_loss": 0.016254243751366932
        },
        {
          "epoch": 100,
          "train_geom_loss": 0.00025130391198520857,
          "train_loss": 0.010105704888701439
        },
        {
          "epoch": 125,
          "train_geom_loss": 0.00021621170890284702,
          "train_loss": 0.011332162035008272
        },
        {
          "epoch": 150,
          "train_geom_loss": 0.0002626642356820715,
          "train_loss": 0.007244540145620704
        },
        {
          "epoch": 175,
          "train_geom_loss": 0.00011643338924235043,
          "train_loss": 0.004904683989783128
        },
        {
          "epoch": 200,
          "train_geom_loss": 0.0002026064224385967,
          "train_loss": 0.00783244171179831
        },
        {
          "epoch": 225,
          "train_geom_loss": 9.812959312209084e-05,
          "train_loss": 0.0031992639803017178
        },
        {
          "epoch": 250,
          "train_geom_loss": 7.790635815278317e-05,
          "train_loss": 0.003223880116517345
        },
        {
          "epoch": 275,
          "train_geom_loss": 8.15322406803413e-05,
          "train_loss": 0.0037173011417811117
        },
        {
          "epoch": 300,
          "train_geom_loss": 8.773014936499142e-05,
          "train_loss": 0.0027241725862647095
        }
      ],
      "train_rows": 768,
      "val_action_mae": 0.007362406235188246,
      "val_pose0_xy_mae": 0.025601575151085854,
      "val_pose1_xy_mae": 0.022205449640750885,
      "val_pull_xy_mae": 0.031021803617477417,
      "val_rows": 188
    }
  },
  "verdict": "WARN"
}
[Phase3.9] done
