[Phase3.5] root=/data/state_diff2
[Phase3.5] python=/miniforge3/envs/coord_bimanual/bin/python
[Phase3.5] conda_env=coord_bimanual
[Phase3.5] head=10e9eb5d37678f4b4bd91ff7267d8acd426082a4
[Phase3.5] conditions=free hidden_pin hidden_high_friction hidden_breakaway_pin
/data/state_diff2/external/deformable-ravens/ravens/tasks/defs_cloth.py:53: UserWarning: pkg_resources is deprecated as an API. See https://setuptools.pypa.io/en/latest/pkg_resources.html. The pkg_resources package is slated for removal as early as 2025-11-30. Refrain from using this package or pin to Setuptools<81.
  import pkg_resources
{
  "action_template": {
    "class": "ExecutableActionCodec",
    "dim": 14,
    "exists": true,
    "num_camera_config_paths": 0,
    "num_paths": 14
  },
  "checkpoint_summary": {
    "paper_state": {
      "exists": true,
      "first_complete": "/data/state_diff2/checkpoints/phase3/paper_state/fold_0_seed_0",
      "num_complete": 6
    },
    "state_action": {
      "exists": true,
      "first_complete": "/data/state_diff2/checkpoints/phase3/state_action/fold_0_seed_0",
      "num_complete": 6
    }
  },
  "checks": {
    "action_template_dim_14": true,
    "action_template_exists": true,
    "action_template_no_camera_config": true,
    "forbidden_modules_not_loaded": true,
    "import_numpy": true,
    "import_pybullet": true,
    "import_ravens_environment": true,
    "import_ravens_tasks": true,
    "import_torch": true,
    "paper_state_checkpoints_complete": true,
    "phase34_exists": true,
    "phase34_rows_positive": true,
    "phase34_warn_or_pass": true,
    "policy_script_no_hazard": true,
    "running_in_coord_bimanual": true,
    "state_action_checkpoints_complete": true,
    "task_has_hidden_breakaway_pin": true,
    "task_has_required_conditions": true,
    "task_instantiates": true,
    "task_registered": true,
    "windows_conditions_match": true,
    "windows_diagnostic_match": true,
    "windows_loadable": true,
    "windows_primary_match": true,
    "y_action_dim_14": true
  },
  "conda_env": "coord_bimanual",
  "git": {
    "branch": "Experiment1",
    "head": "10e9eb5d37678f4b4bd91ff7267d8acd426082a4",
    "origin_experiment1": "10e9eb5d37678f4b4bd91ff7267d8acd426082a4",
    "status": "?? reports/phase3_5_action_codec_decode_samples.csv\n?? reports/phase3_5_action_codec_inspect_report.md\n?? reports/phase3_5_action_codec_inspect_summary.json\n?? reports/phase3_5_action_execution_diag.pid\n?? reports/phase3_5_action_execution_preflight_report.md\n?? reports/phase3_5_action_execution_preflight_summary.json\n?? reports/phase3_5_action_execution_runtime_config.md\n?? reports/phase3_5_action_execution_start_audit.md\n?? scripts/phase3_5_action_codec_inspect.py\n?? scripts/phase3_5_action_execution_diag.py\n?? scripts/phase3_5_action_execution_preflight.py\n?? scripts/phase3_5_analyze_action_diagnostics.py\n?? scripts/phase3_5_run_action_execution_diag.sh\n",
    "submodule": "388a3f5582c8fdffaecb06448f285d693a45b83c external/deformable-ravens (heads/ccda-cable)"
  },
  "imports": {
    "numpy": {
      "error": null,
      "ok": true,
      "version": "1.23.3"
    },
    "pybullet": {
      "error": null,
      "ok": true,
      "version": "unknown"
    },
    "ravens.environment": {
      "error": null,
      "ok": true,
      "version": "unknown"
    },
    "ravens.tasks": {
      "error": null,
      "ok": true,
      "version": "unknown"
    },
    "torch": {
      "error": null,
      "ok": true,
      "version": "1.12.1.post200"
    }
  },
  "issues": [],
  "phase34_summary": {
    "num_rows": 32,
    "verdict": "WARN"
  },
  "python": "/miniforge3/envs/coord_bimanual/bin/python",
  "shapes": {
    "action_dim": [],
    "action_template_json_or_pickle_path": [],
    "condition_id": [
      956
    ],
    "condition_name": [
      956
    ],
    "episode_action_len": [
      956
    ],
    "final_fraction": [
      956
    ],
    "meta_json": [],
    "n_beads": [],
    "paper_x": [
      956,
      405
    ],
    "robot_pose_dim": [],
    "robot_pose_proxy_source": [
      956
    ],
    "source_file": [
      956
    ],
    "split_name": [
      956
    ],
    "state_action_x": [
      956,
      447
    ],
    "state_dim": [],
    "success": [
      956
    ],
    "tf": [],
    "th": [],
    "visible_seed": [
      956
    ],
    "window_t": [
      956
    ],
    "y_action": [
      956,
      14
    ],
    "y_final_state": [
      956,
      135
    ],
    "y_state": [
      956,
      4,
      135
    ]
  },
  "verdict": "PASS",
  "windows_meta": {
    "conditions": [
      "free",
      "hidden_pin",
      "hidden_high_friction",
      "hidden_breakaway_pin"
    ],
    "diagnostic_hidden_condition": "hidden_pin",
    "primary_hidden_condition": "hidden_breakaway_pin"
  }
}
{
  "action_dim_std": [
    0.11606723070144653,
    0.23564045131206512,
    0.004804996307939291,
    0.0,
    0.0,
    0.0,
    0.0,
    0.10031915456056595,
    0.1750912070274353,
    0.003473927266895771,
    0.0,
    0.0,
    0.0,
    0.0
  ],
  "interpretation": "Codec decode sanity only; not action execution evidence.",
  "issues": [],
  "near_zero_action_dims": 8,
  "num_rows": 32,
  "verdict": "PASS"
}
/data/state_diff2/scripts/phase3_policy_rollout.py:104: UserWarning: pkg_resources is deprecated as an API. See https://setuptools.pypa.io/en/latest/pkg_resources.html. The pkg_resources package is slated for removal as early as 2025-11-30. Refrain from using this package or pin to Setuptools<81.
  import pkg_resources
Warning: movej exceeded 5.0 sec timeout. Skipping.
Warning: movej exceeded 15.0 sec timeout. Skipping.
Warning: movej exceeded 5.0 sec timeout. Skipping.
Warning: movej exceeded 5.0 sec timeout. Skipping.
Warning: movej exceeded 15.0 sec timeout. Skipping.
Warning: movej exceeded 15.0 sec timeout. Skipping.
{
  "baselines": [
    "paper_state",
    "state_action"
  ],
  "conditions": [
    "free",
    "hidden_pin",
    "hidden_high_friction",
    "hidden_breakaway_pin"
  ],
  "learned_steps": 4,
  "motion_timeouts": [
    5.0,
    15.0
  ],
  "num_rows": 246,
  "oracle_steps": 8,
  "out_csv": "reports/phase3_5_action_execution_trials.csv",
  "scope": "phase3_5_action_execution_diagnostic_no_phase4_no_cps",
  "seeds_per_condition": 2
}
{
  "gt_mean_delta_final_fraction": 0.0,
  "gt_success_count": 0,
  "issues": [
    {
      "detail": "Oracle progresses but decoded y_action replay does not. Suspect action codec / coordinate scale / action-template mismatch.",
      "level": "FAIL",
      "name": "gt_y_action_replay_no_progress_but_oracle_progresses"
    },
    {
      "detail": "success_rate improves from timeout 5.0 to 15.0; Phase3.4 may have been timeout-limited.",
      "level": "WARN",
      "name": "motion_timeout_affects_success"
    }
  ],
  "learned_mean_delta_final_fraction": 0.0035919540229885053,
  "learned_success_count": 0,
  "num_rows": 246,
  "oracle_mean_delta_final_fraction": 0.10233918128654966,
  "oracle_success_count": 8,
  "recommendation": "Do not enter Phase4/CPS until FAIL items are resolved.",
  "root_cause": "action_codec_or_rollout_adapter_blocker",
  "table": [
    {
      "action_valid_rate": 1.0,
      "baseline": "",
      "condition": "free",
      "control_source": "gt_y_action_replay",
      "failure_count": 0,
      "mean_action_ood": NaN,
      "mean_clip_fraction": NaN,
      "mean_delta_final_fraction": 0.0,
      "mean_final_fraction_after": 0.0,
      "motion_timeout": "15.0",
      "rows": 2,
      "success_count": 0,
      "success_rate": 0.0
    },
    {
      "action_valid_rate": 1.0,
      "baseline": "",
      "condition": "free",
      "control_source": "gt_y_action_replay",
      "failure_count": 0,
      "mean_action_ood": NaN,
      "mean_clip_fraction": NaN,
      "mean_delta_final_fraction": 0.0,
      "mean_final_fraction_after": 0.0,
      "motion_timeout": "5.0",
      "rows": 2,
      "success_count": 0,
      "success_rate": 0.0
    },
    {
      "action_valid_rate": 1.0,
      "baseline": "",
      "condition": "hidden_breakaway_pin",
      "control_source": "gt_y_action_replay",
      "failure_count": 0,
      "mean_action_ood": NaN,
      "mean_clip_fraction": NaN,
      "mean_delta_final_fraction": 0.0,
      "mean_final_fraction_after": 0.0,
      "motion_timeout": "15.0",
      "rows": 2,
      "success_count": 0,
      "success_rate": 0.0
    },
    {
      "action_valid_rate": 1.0,
      "baseline": "",
      "condition": "hidden_breakaway_pin",
      "control_source": "gt_y_action_replay",
      "failure_count": 0,
      "mean_action_ood": NaN,
      "mean_clip_fraction": NaN,
      "mean_delta_final_fraction": 0.0,
      "mean_final_fraction_after": 0.0,
      "motion_timeout": "5.0",
      "rows": 2,
      "success_count": 0,
      "success_rate": 0.0
    },
    {
      "action_valid_rate": 1.0,
      "baseline": "",
      "condition": "hidden_high_friction",
      "control_source": "gt_y_action_replay",
      "failure_count": 0,
      "mean_action_ood": NaN,
      "mean_clip_fraction": NaN,
      "mean_delta_final_fraction": 0.0,
      "mean_final_fraction_after": 0.0,
      "motion_timeout": "15.0",
      "rows": 2,
      "success_count": 0,
      "success_rate": 0.0
    },
    {
      "action_valid_rate": 1.0,
      "baseline": "",
      "condition": "hidden_high_friction",
      "control_source": "gt_y_action_replay",
      "failure_count": 0,
      "mean_action_ood": NaN,
      "mean_clip_fraction": NaN,
      "mean_delta_final_fraction": 0.0,
      "mean_final_fraction_after": 0.0,
      "motion_timeout": "5.0",
      "rows": 2,
      "success_count": 0,
      "success_rate": 0.0
    },
    {
      "action_valid_rate": 1.0,
      "baseline": "",
      "condition": "hidden_pin",
      "control_source": "gt_y_action_replay",
      "failure_count": 0,
      "mean_action_ood": NaN,
      "mean_clip_fraction": NaN,
      "mean_delta_final_fraction": 0.0,
      "mean_final_fraction_after": 0.0,
      "motion_timeout": "15.0",
      "rows": 2,
      "success_count": 0,
      "success_rate": 0.0
    },
    {
      "action_valid_rate": 1.0,
      "baseline": "",
      "condition": "hidden_pin",
      "control_source": "gt_y_action_replay",
      "failure_count": 0,
      "mean_action_ood": NaN,
      "mean_clip_fraction": NaN,
      "mean_delta_final_fraction": 0.0,
      "mean_final_fraction_after": 0.0,
      "motion_timeout": "5.0",
      "rows": 2,
      "success_count": 0,
      "success_rate": 0.0
    },
    {
      "action_valid_rate": 1.0,
      "baseline": "paper_state",
      "condition": "free",
      "control_source": "learned_action",
      "failure_count": 0,
      "mean_action_ood": 0.3958957605063915,
      "mean_clip_fraction": 0.0,
      "mean_delta_final_fraction": 0.015625,
      "mean_final_fraction_after": 0.0625,
      "motion_timeout": "15.0",
      "rows": 8,
      "success_count": 0,
      "success_rate": 0.0
    },
    {
      "action_valid_rate": 1.0,
      "baseline": "paper_state",
      "condition": "free",
      "control_source": "learned_action",
      "failure_count": 0,
      "mean_action_ood": 0.41304469481110573,
      "mean_clip_fraction": 0.0,
      "mean_delta_final_fraction": 0.0,
      "mean_final_fraction_after": 0.046875,
      "motion_timeout": "5.0",
      "rows": 8,
      "success_count": 0,
      "success_rate": 0.0
    },
    {
      "action_valid_rate": 1.0,
      "baseline": "paper_state",
      "condition": "hidden_breakaway_pin",
      "control_source": "learned_action",
      "failure_count": 0,
      "mean_action_ood": 0.3817547354847193,
      "mean_clip_fraction": 0.0,
      "mean_delta_final_fraction": 0.0,
      "mean_final_fraction_after": 0.0,
      "motion_timeout": "15.0",
      "rows": 8,
      "success_count": 0,
      "success_rate": 0.0
    },
    {
      "action_valid_rate": 1.0,
      "baseline": "paper_state",
      "condition": "hidden_breakaway_pin",
      "control_source": "learned_action",
      "failure_count": 0,
      "mean_action_ood": 0.39359213784337044,
      "mean_clip_fraction": 0.0,
      "mean_delta_final_fraction": 0.010416666666666666,
      "mean_final_fraction_after": 0.041666666666666664,
      "motion_timeout": "5.0",
      "rows": 8,
      "success_count": 0,
      "success_rate": 0.0
    },
    {
      "action_valid_rate": 1.0,
      "baseline": "paper_state",
      "condition": "hidden_high_friction",
      "control_source": "learned_action",
      "failure_count": 0,
      "mean_action_ood": 0.583720400929451,
      "mean_clip_fraction": 0.0,
      "mean_delta_final_fraction": 0.0,
      "mean_final_fraction_after": 0.0,
      "motion_timeout": "15.0",
      "rows": 8,
      "success_count": 0,
      "success_rate": 0.0
    },
    {
      "action_valid_rate": 1.0,
      "baseline": "paper_state",
      "condition": "hidden_high_friction",
      "control_source": "learned_action",
      "failure_count": 0,
      "mean_action_ood": 0.40273982286453247,
      "mean_clip_fraction": 0.0,
      "mean_delta_final_fraction": 0.0,
      "mean_final_fraction_after": 0.03125,
      "motion_timeout": "5.0",
      "rows": 8,
      "success_count": 0,
      "success_rate": 0.0
    },
    {
      "action_valid_rate": 1.0,
      "baseline": "paper_state",
      "condition": "hidden_pin",
      "control_source": "learned_action",
      "failure_count": 0,
      "mean_action_ood": 0.6344810165464878,
      "mean_clip_fraction": 0.0,
      "mean_delta_final_fraction": 0.0,
      "mean_final_fraction_after": 0.0,
      "motion_timeout": "15.0",
      "rows": 8,
      "success_count": 0,
      "success_rate": 0.0
    },
    {
      "action_valid_rate": 1.0,
      "baseline": "paper_state",
      "condition": "hidden_pin",
      "control_source": "learned_action",
      "failure_count": 0,
      "mean_action_ood": 0.5432746708393097,
      "mean_clip_fraction": 0.0,
      "mean_delta_final_fraction": 0.0,
      "mean_final_fraction_after": 0.0,
      "motion_timeout": "5.0",
      "rows": 5,
      "success_count": 0,
      "success_rate": 0.0
    },
    {
      "action_valid_rate": 1.0,
      "baseline": "state_action",
      "condition": "free",
      "control_source": "learned_action",
      "failure_count": 0,
      "mean_action_ood": 0.3076529772952199,
      "mean_clip_fraction": 0.0,
      "mean_delta_final_fraction": 0.0,
      "mean_final_fraction_after": 0.015625,
      "motion_timeout": "15.0",
      "rows": 8,
      "success_count": 0,
      "success_rate": 0.0
    },
    {
      "action_valid_rate": 1.0,
      "baseline": "state_action",
      "condition": "free",
      "control_source": "learned_action",
      "failure_count": 0,
      "mean_action_ood": 0.3080467889085412,
      "mean_clip_fraction": 0.0,
      "mean_delta_final_fraction": 0.0,
      "mean_final_fraction_after": 0.03645833333333333,
      "motion_timeout": "5.0",
      "rows": 8,
      "success_count": 0,
      "success_rate": 0.0
    },
    {
      "action_valid_rate": 1.0,
      "baseline": "state_action",
      "condition": "hidden_breakaway_pin",
      "control_source": "learned_action",
      "failure_count": 0,
      "mean_action_ood": 0.384508497081697,
      "mean_clip_fraction": 0.0,
      "mean_delta_final_fraction": 0.026041666666666664,
      "mean_final_fraction_after": 0.06770833333333333,
      "motion_timeout": "15.0",
      "rows": 8,
      "success_count": 0,
      "success_rate": 0.0
    },
    {
      "action_valid_rate": 1.0,
      "baseline": "state_action",
      "condition": "hidden_breakaway_pin",
      "control_source": "learned_action",
      "failure_count": 0,
      "mean_action_ood": 0.35505584068596363,
      "mean_clip_fraction": 0.0,
      "mean_delta_final_fraction": 0.0,
      "mean_final_fraction_after": 0.0,
      "motion_timeout": "5.0",
      "rows": 8,
      "success_count": 0,
      "success_rate": 0.0
    },
    {
      "action_valid_rate": 1.0,
      "baseline": "state_action",
      "condition": "hidden_high_friction",
      "control_source": "learned_action",
      "failure_count": 0,
      "mean_action_ood": 0.5461020953953266,
      "mean_clip_fraction": 0.0,
      "mean_delta_final_fraction": 0.0,
      "mean_final_fraction_after": 0.0,
      "motion_timeout": "15.0",
      "rows": 8,
      "success_count": 0,
      "success_rate": 0.0
    },
    {
      "action_valid_rate": 1.0,
      "baseline": "state_action",
      "condition": "hidden_high_friction",
      "control_source": "learned_action",
      "failure_count": 0,
      "mean_action_ood": 0.5850027352571487,
      "mean_clip_fraction": 0.0,
      "mean_delta_final_fraction": 0.0,
      "mean_final_fraction_after": 0.0,
      "motion_timeout": "5.0",
      "rows": 8,
      "success_count": 0,
      "success_rate": 0.0
    },
    {
      "action_valid_rate": 1.0,
      "baseline": "state_action",
      "condition": "hidden_pin",
      "control_source": "learned_action",
      "failure_count": 0,
      "mean_action_ood": 0.5732134580612183,
      "mean_clip_fraction": 0.0,
      "mean_delta_final_fraction": 0.0,
      "mean_final_fraction_after": 0.0,
      "motion_timeout": "15.0",
      "rows": 2,
      "success_count": 0,
      "success_rate": 0.0
    },
    {
      "action_valid_rate": 1.0,
      "baseline": "state_action",
      "condition": "hidden_pin",
      "control_source": "learned_action",
      "failure_count": 0,
      "mean_action_ood": 0.7007565021514892,
      "mean_clip_fraction": 0.0,
      "mean_delta_final_fraction": 0.0,
      "mean_final_fraction_after": 0.0,
      "motion_timeout": "5.0",
      "rows": 5,
      "success_count": 0,
      "success_rate": 0.0
    },
    {
      "action_valid_rate": 0.875,
      "baseline": "",
      "condition": "free",
      "control_source": "oracle_action",
      "failure_count": 0,
      "mean_action_ood": NaN,
      "mean_clip_fraction": NaN,
      "mean_delta_final_fraction": 0.125,
      "mean_final_fraction_after": 0.5546875,
      "motion_timeout": "15.0",
      "rows": 16,
      "success_count": 2,
      "success_rate": 0.125
    },
    {
      "action_valid_rate": 0.875,
      "baseline": "",
      "condition": "free",
      "control_source": "oracle_action",
      "failure_count": 0,
      "mean_action_ood": NaN,
      "mean_clip_fraction": NaN,
      "mean_delta_final_fraction": 0.125,
      "mean_final_fraction_after": 0.4947916666666667,
      "motion_timeout": "5.0",
      "rows": 16,
      "success_count": 2,
      "success_rate": 0.125
    },
    {
      "action_valid_rate": 0.875,
      "baseline": "",
      "condition": "hidden_breakaway_pin",
      "control_source": "oracle_action",
      "failure_count": 0,
      "mean_action_ood": NaN,
      "mean_clip_fraction": NaN,
      "mean_delta_final_fraction": 0.125,
      "mean_final_fraction_after": 0.49218749999999994,
      "motion_timeout": "15.0",
      "rows": 16,
      "success_count": 2,
      "success_rate": 0.125
    },
    {
      "action_valid_rate": 0.875,
      "baseline": "",
      "condition": "hidden_breakaway_pin",
      "control_source": "oracle_action",
      "failure_count": 0,
      "mean_action_ood": NaN,
      "mean_clip_fraction": NaN,
      "mean_delta_final_fraction": 0.11197916666666666,
      "mean_final_fraction_after": 0.46093750000000006,
      "motion_timeout": "5.0",
      "rows": 16,
      "success_count": 0,
      "success_rate": 0.0
    },
    {
      "action_valid_rate": 0.8666666666666667,
      "baseline": "",
      "condition": "hidden_high_friction",
      "control_source": "oracle_action",
      "failure_count": 0,
      "mean_action_ood": NaN,
      "mean_clip_fraction": NaN,
      "mean_delta_final_fraction": 0.13055555555555556,
      "mean_final_fraction_after": 0.45555555555555555,
      "motion_timeout": "15.0",
      "rows": 15,
      "success_count": 1,
      "success_rate": 0.06666666666666667
    },
    {
      "action_valid_rate": 0.8571428571428571,
      "baseline": "",
      "condition": "hidden_high_friction",
      "control_source": "oracle_action",
      "failure_count": 0,
      "mean_action_ood": NaN,
      "mean_clip_fraction": NaN,
      "mean_delta_final_fraction": 0.1369047619047619,
      "mean_final_fraction_after": 0.43154761904761907,
      "motion_timeout": "5.0",
      "rows": 14,
      "success_count": 1,
      "success_rate": 0.07142857142857142
    },
    {
      "action_valid_rate": 0.8181818181818182,
      "baseline": "",
      "condition": "hidden_pin",
      "control_source": "oracle_action",
      "failure_count": 0,
      "mean_action_ood": NaN,
      "mean_clip_fraction": NaN,
      "mean_delta_final_fraction": 0.0,
      "mean_final_fraction_after": 0.0,
      "motion_timeout": "15.0",
      "rows": 11,
      "success_count": 0,
      "success_rate": 0.0
    },
    {
      "action_valid_rate": 0.8,
      "baseline": "",
      "condition": "hidden_pin",
      "control_source": "oracle_action",
      "failure_count": 0,
      "mean_action_ood": NaN,
      "mean_clip_fraction": NaN,
      "mean_delta_final_fraction": 0.0,
      "mean_final_fraction_after": 0.0,
      "motion_timeout": "5.0",
      "rows": 10,
      "success_count": 0,
      "success_rate": 0.0
    }
  ],
  "timeout_summary": {
    "15.0": {
      "failure_count": 0,
      "mean_delta_final_fraction": 0.050739247311827974,
      "rows": 124,
      "success_rate": 0.04032258064516129
    },
    "5.0": {
      "failure_count": 0,
      "mean_delta_final_fraction": 0.047472677595628426,
      "rows": 122,
      "success_rate": 0.02459016393442623
    }
  },
  "verdict": "FAIL"
}
[Phase3.5][FAIL] action diagnostic found blocking issue
