[Phase3.11] root=/data/state_diff2
[Phase3.11] python=/miniforge3/envs/coord_bimanual/bin/python
[Phase3.11] conda_env=coord_bimanual
[Phase3.11] head=8555def3a8a36e19d353b0dbf70f246a69755bf8
/data/state_diff2/external/deformable-ravens/ravens/tasks/defs_cloth.py:53: UserWarning: pkg_resources is deprecated as an API. See https://setuptools.pypa.io/en/latest/pkg_resources.html. The pkg_resources package is slated for removal as early as 2025-11-30. Refrain from using this package or pin to Setuptools<81.
  import pkg_resources
{
  "checkpoints": {
    "best_ablation": "xy_only_high_weight",
    "old_state_action": "/data/state_diff2/checkpoints/phase3/state_action/fold_0_seed_0",
    "phase39_default_geometry": "/data/state_diff2/checkpoints/phase3_9_geometry_idm/state_action/fold_phase3_9_seed_390000/inverse_dynamics.pt",
    "phase39b_best": "/data/state_diff2/checkpoints/phase3_9b_geometry_idm/state_action/xy_only_high_weight/fold_phase3_9b_seed_392003/inverse_dynamics.pt"
  },
  "checks": {
    "action_codec_dim_14": true,
    "action_codec_no_camera_config": true,
    "forbidden_modules_not_loaded": true,
    "has_action_dim": true,
    "has_condition_name": true,
    "has_n_beads": true,
    "has_split_name": true,
    "has_state_action_x": true,
    "has_th": true,
    "has_y_action": true,
    "has_y_state": true,
    "import_ccda_phase3_rollout": true,
    "import_ccda_phase3_train_utils": true,
    "import_numpy": true,
    "import_phase3_10b_trace_rollout": true,
    "import_phase3_policy_rollout": true,
    "import_pybullet": true,
    "import_ravens_environment": true,
    "import_ravens_tasks": true,
    "import_torch": true,
    "old_state_action_checkpoint_complete": true,
    "phase310b_future_branch_mismatch": true,
    "phase310b_no_phase4_scope": true,
    "phase310b_summary_exists": true,
    "phase39_default_idm_exists": true,
    "phase39b_best_idm_exists": true,
    "phase39b_best_matches": true,
    "phase39b_summary_exists": true,
    "running_in_coord_bimanual": true,
    "script_import_and_input_hazard_free": true,
    "task_has_primary": true,
    "task_has_required_conditions": true,
    "task_instantiates": true,
    "task_registered": true,
    "windows_conditions_match": true,
    "windows_diagnostic_match": true,
    "windows_loadable": true,
    "windows_primary_match": true,
    "y_action_dim_14": true
  },
  "codec": {
    "dim": 14,
    "path": "/data/state_diff2/data/phase3_state_diff_windows/phase3_action_template.pkl",
    "summary": {
      "class": "ExecutableActionCodec",
      "dim": 14,
      "num_camera_config_paths": 0,
      "num_param_paths": 14,
      "num_paths": 14,
      "paths": [
        "params/pose0/0/0",
        "params/pose0/0/1",
        "params/pose0/0/2",
        "params/pose0/1/0",
        "params/pose0/1/1",
        "params/pose0/1/2",
        "params/pose0/1/3",
        "params/pose1/0/0",
        "params/pose1/0/1",
        "params/pose1/0/2",
        "params/pose1/1/0",
        "params/pose1/1/1",
        "params/pose1/1/2",
        "params/pose1/1/3"
      ]
    }
  },
  "conda_env": "coord_bimanual",
  "git": {
    "branch": "Experiment1",
    "head": "8555def3a8a36e19d353b0dbf70f246a69755bf8",
    "origin_experiment1": "8555def3a8a36e19d353b0dbf70f246a69755bf8",
    "status": "?? checkpoints/\n?? reports/phase3_11_future_source_swap_preflight_report.md\n?? reports/phase3_11_future_source_swap_preflight_summary.json\n?? reports/phase3_11_future_source_swap_start.md\n?? scripts/phase3_11_analyze_future_source_swap.py\n?? scripts/phase3_11_future_source_swap_preflight.py\n?? scripts/phase3_11_future_source_swap_rollout.py\n?? scripts/phase3_11_run_future_source_swap.sh\n",
    "submodule": "388a3f5582c8fdffaecb06448f285d693a45b83c external/deformable-ravens (heads/ccda-cable)"
  },
  "issues": [],
  "phase310b_summary": {
    "diagnostic_flags": {
      "default_future_branch_mismatch": true,
      "future_branch_mismatch": true,
      "primary_best_improved": true,
      "primary_default_improved": false,
      "weak_best_pull": true,
      "weak_default_pull": true
    },
    "root_cause": "phase310b_predicted_future_branch_mismatch_supported",
    "verdict": "WARN"
  },
  "python": "/miniforge3/envs/coord_bimanual/bin/python",
  "shapes": {
    "action_dim": [],
    "action_template_json_or_pickle_path": [],
    "condition_id": [
      956
    ],
    "condition_name": [
      956
    ],
    "episode_action_len": [
      956
    ],
    "final_fraction": [
      956
    ],
    "meta_json": [],
    "n_beads": [],
    "paper_x": [
      956,
      405
    ],
    "robot_pose_dim": [],
    "robot_pose_proxy_source": [
      956
    ],
    "source_file": [
      956
    ],
    "split_name": [
      956
    ],
    "state_action_x": [
      956,
      447
    ],
    "state_dim": [],
    "success": [
      956
    ],
    "tf": [],
    "th": [],
    "visible_seed": [
      956
    ],
    "window_t": [
      956
    ],
    "y_action": [
      956,
      14
    ],
    "y_final_state": [
      956,
      135
    ],
    "y_state": [
      956,
      4,
      135
    ]
  },
  "verdict": "PASS",
  "windows_meta": {
    "action_codec": {
      "class": "ExecutableActionCodec",
      "dim": 14,
      "num_camera_config_paths": 0,
      "num_param_paths": 14,
      "num_paths": 14,
      "paths": [
        "params/pose0/0/0",
        "params/pose0/0/1",
        "params/pose0/0/2",
        "params/pose0/1/0",
        "params/pose0/1/1",
        "params/pose0/1/2",
        "params/pose0/1/3",
        "params/pose1/0/0",
        "params/pose1/0/1",
        "params/pose1/0/2",
        "params/pose1/1/0",
        "params/pose1/1/1",
        "params/pose1/1/2",
        "params/pose1/1/3"
      ]
    },
    "action_codec_summary": {
      "class": "ExecutableActionCodec",
      "dim": 14,
      "num_camera_config_paths": 0,
      "num_param_paths": 14,
      "num_paths": 14,
      "paths": [
        "params/pose0/0/0",
        "params/pose0/0/1",
        "params/pose0/0/2",
        "params/pose0/1/0",
        "params/pose0/1/1",
        "params/pose0/1/2",
        "params/pose0/1/3",
        "params/pose1/0/0",
        "params/pose1/0/1",
        "params/pose1/0/2",
        "params/pose1/1/0",
        "params/pose1/1/1",
        "params/pose1/1/2",
        "params/pose1/1/3"
      ]
    },
    "action_dim": 14,
    "action_template_json_or_pickle_path": "/data/state_diff2/data/phase3_state_diff_windows/phase3_action_template.pkl",
    "action_template_path": "/data/state_diff2/data/phase3_state_diff_windows/phase3_action_template.pkl",
    "canonicalization_rule": "group by split_name, visible_seed, window_t; copy free input to paired hidden branches; targets remain condition-specific",
    "canonicalization_summary_path": "/data/state_diff2/reports/phase3_canonicalization_summary.json",
    "canonicalized_paired_input_windows": 717,
    "ccda_breakaway_bead_ratio": "0.45",
    "ccda_breakaway_disp": "0.045",
    "ccda_breakaway_force": "2.6",
    "ccda_oracle_breakaway_pull_dist": "0.36",
    "complete_condition_filter": "keep only split/visible_seed/window_t groups containing: free, hidden_pin, hidden_high_friction, hidden_breakaway_pin",
    "conditions": [
      "free",
      "hidden_pin",
      "hidden_high_friction",
      "hidden_breakaway_pin"
    ],
    "diagnostic_branch_pair": "free_vs_hidden_pin",
    "diagnostic_hidden_condition": "hidden_pin",
    "dropped_windows_incomplete_condition_groups": 1921,
    "episode_action_len_max": 20,
    "episode_action_len_mean": 7.076359832635983,
    "episode_action_len_min": 1,
    "feature_schema": {
      "forbidden_not_in_x": [
        "hidden_condition",
        "hidden_contact_meta",
        "recoverability_params",
        "recoverability_class_candidate",
        "breakaway_released",
        "breakaway_release_step",
        "breakaway_step",
        "breakaway_threshold",
        "breakaway_max_disp_seen",
        "condition_id",
        "condition_name",
        "condition_label",
        "condition_id_onehot",
        "success",
        "final_fraction",
        "ccda_pair_group",
        "pair_group",
        "source_file",
        "visible_seed",
        "ccda_visible_seed"
      ],
      "paper_x": [
        "bead_xy_history",
        "bead_velocity_history",
        "robot_pose_proxy_history"
      ],
      "state_action_x": [
        "paper_x",
        "past_action_history_excluding_current_action"
      ],
      "y_action": [
        "current_executable_pick_place_action"
      ],
      "y_state": [
        "future_state_trajectory"
      ]
    },
    "forbidden_metadata_not_in_x": [
      "hidden_condition",
      "hidden_contact_meta",
      "recoverability_params",
      "recoverability_class_candidate",
      "breakaway_released",
      "breakaway_release_step",
      "breakaway_step",
      "breakaway_threshold",
      "breakaway_max_disp_seen",
      "condition_id",
      "condition_name",
      "condition_label",
      "condition_id_onehot",
      "success",
      "final_fraction",
      "ccda_pair_group",
      "pair_group",
      "source_file",
      "visible_seed",
      "ccda_visible_seed"
    ],
    "heldout_visible_seed_count": 30,
    "heldout_visible_seeds": [
      100000,
      100001,
      100002,
      100003,
      100004,
      100005,
      100006,
      100007,
      100008,
      100009,
      100010,
      100011,
      100012,
      100013,
      100014,
      100015,
      100016,
      100017,
      100018,
      100019,
      100020,
      100021,
      100022,
      100023,
      100024,
      100025,
      100026,
      100027,
      100028,
      100029
    ],
    "max_windows_per_episode": 0,
    "n_beads": 24,
    "num_episodes_loaded": 520,
    "num_heldout_windows": 188,
    "num_train_windows": 768,
    "num_windows": 956,
    "paper_x_shape": [
      956,
      405
    ],
    "phase2_5_selected_config": "breakaway_force_2p6_disp_0p045_pull_0p36",
    "phase2_5_selected_recoverable_condition": "hidden_breakaway_pin",
    "primary_branch_pair": "free_vs_hidden_breakaway_pin",
    "primary_hidden_condition": "hidden_breakaway_pin",
    "raw_num_windows_before_complete_condition_filter": 2877,
    "robot_pose_dim": 39,
    "robot_pose_proxy_source_counts": {
      "pybullet_robot_body": 13471
    },
    "state_action_extra_all_zero": false,
    "state_action_extra_std": 0.2338666021823883,
    "state_action_x_shape": [
      956,
      447
    ],
    "state_dim": 135,
    "tf": 4,
    "th": 3,
    "train_heldout_seed_overlap": [],
    "train_visible_seed_count": 100,
    "train_visible_seeds": [
      1000,
      1001,
      1002,
      1003,
      1004,
      1005,
      1006,
      1007,
      1008,
      1009,
      1010,
      1011,
      1012,
      1013,
      1014,
      1015,
      1016,
      1017,
      1018,
      1019,
      1020,
      1021,
      1022,
      1023,
      1024,
      1025,
      1026,
      1027,
      1028,
      1029,
      1030,
      1031,
      1032,
      1033,
      1034,
      1035,
      1036,
      1037,
      1038,
      1039,
      1040,
      1041,
      1042,
      1043,
      1044,
      1045,
      1046,
      1047,
      1048,
      1049,
      1050,
      1051,
      1052,
      1053,
      1054,
      1055,
      1056,
      1057,
      1058,
      1059,
      1060,
      1061,
      1062,
      1063,
      1064,
      1065,
      1066,
      1067,
      1068,
      1069,
      1070,
      1071,
      1072,
      1073,
      1074,
      1075,
      1076,
      1077,
      1078,
      1079,
      1080,
      1081,
      1082,
      1083,
      1084,
      1085,
      1086,
      1087,
      1088,
      1089,
      1090,
      1091,
      1092,
      1093,
      1094,
      1095,
      1096,
      1097,
      1098,
      1099
    ],
    "windows_per_condition": {
      "free": 239,
      "hidden_breakaway_pin": 239,
      "hidden_high_friction": 239,
      "hidden_pin": 239
    },
    "y_action_shape": [
      956,
      14
    ]
  }
}
{
  "failed": 0,
  "matrix": {
    "conditions": [
      "free",
      "hidden_breakaway_pin",
      "hidden_high_friction"
    ],
    "episodes_per_condition": 3,
    "future_sources": [
      "ddpm_mean",
      "ddpm_best_of_k_by_train_nn",
      "global_input_retrieval",
      "condition_matched_retrieval"
    ],
    "idm_policies": [
      "phase39b_xy_only_high_weight"
    ],
    "max_steps": 16,
    "samples_per_step": 32
  },
  "num_episodes_written": 36,
  "ok": 36,
  "out_episode_csv": "reports/phase3_11_future_source_swap_episodes.csv",
  "out_step_csv": "reports/phase3_11_future_source_swap_steps.csv",
  "progress_json": "reports/phase3_11_future_source_swap_progress.json",
  "scope": "phase3_11_future_source_swap_no_phase4_no_cps",
  "status": "completed",
  "timeout": 0,
  "worker_dir": "reports/phase3_11_workers"
}
{
  "condition_table": [
    {
      "bestk_improvement": -0.013888888888888888,
      "condition": "free",
      "condition_retrieval_final": 0.0,
      "condition_retrieval_improvement": -0.027777777777777776,
      "condition_retrieval_match": 1.0,
      "condition_retrieval_pull": 0.08157487801508978,
      "ddpm_bestk_final": 0.013888888888888888,
      "ddpm_bestk_match": 0.16666666666666666,
      "ddpm_bestk_pull": 0.1988104989286512,
      "ddpm_mean_final": 0.027777777777777776,
      "ddpm_mean_match": 0.0,
      "ddpm_mean_pull": 0.06195121778000612,
      "global_retrieval_final": 0.05555555555555555,
      "global_retrieval_improvement": 0.027777777777777776,
      "global_retrieval_match": 1.0,
      "global_retrieval_pull": 0.08165133026583742
    },
    {
      "bestk_improvement": -0.027777777777777776,
      "condition": "hidden_breakaway_pin",
      "condition_retrieval_final": 0.0,
      "condition_retrieval_improvement": -0.08333333333333333,
      "condition_retrieval_match": 1.0,
      "condition_retrieval_pull": 0.16566480183973908,
      "ddpm_bestk_final": 0.05555555555555555,
      "ddpm_bestk_match": 0.2708333333333333,
      "ddpm_bestk_pull": 0.10715695101922999,
      "ddpm_mean_final": 0.08333333333333333,
      "ddpm_mean_match": 0.20833333333333334,
      "ddpm_mean_pull": 0.11568248774468277,
      "global_retrieval_final": 0.06944444444444445,
      "global_retrieval_improvement": -0.013888888888888881,
      "global_retrieval_match": 0.0,
      "global_retrieval_pull": 0.06893883649415027
    },
    {
      "bestk_improvement": -0.12499999999999999,
      "condition": "hidden_high_friction",
      "condition_retrieval_final": 0.0,
      "condition_retrieval_improvement": -0.2222222222222222,
      "condition_retrieval_match": 1.0,
      "condition_retrieval_pull": 0.1224148510567223,
      "ddpm_bestk_final": 0.09722222222222222,
      "ddpm_bestk_match": 0.5416666666666666,
      "ddpm_bestk_pull": 0.10921248933300376,
      "ddpm_mean_final": 0.2222222222222222,
      "ddpm_mean_match": 0.7916666666666666,
      "ddpm_mean_pull": 0.12818014972435776,
      "global_retrieval_final": 0.18055555555555558,
      "global_retrieval_improvement": -0.04166666666666663,
      "global_retrieval_match": 0.0,
      "global_retrieval_pull": 0.09541812603129074
    }
  ],
  "diagnostic_flags": {
    "bestk_supported": false,
    "condition_match_improved": true,
    "condition_pull_restored": false,
    "condition_retrieval_supported": false,
    "global_retrieval_supported": false
  },
  "important_note": "This is a future-source swap diagnostic. condition_matched_retrieval uses condition label and is an upper bound only. No Phase4/CPS.",
  "issues": [
    {
      "detail": "{'ddpm_match': 0.20833333333333334, 'condition_match': 1.0}",
      "level": "WARN",
      "name": "condition_matched_future_restores_branch_match"
    },
    {
      "detail": "{'condition': 'hidden_breakaway_pin', 'ddpm_mean_final': 0.08333333333333333, 'ddpm_bestk_final': 0.05555555555555555, 'global_retrieval_final': 0.06944444444444445, 'condition_retrieval_final': 0.0, 'bestk_improvement': -0.027777777777777776, 'global_retrieval_improvement': -0.013888888888888881, 'condition_retrieval_improvement': -0.08333333333333333, 'ddpm_mean_match': 0.20833333333333334, 'ddpm_bestk_match': 0.2708333333333333, 'global_retrieval_match': 0.0, 'condition_retrieval_match': 1.0, 'ddpm_mean_pull': 0.11568248774468277, 'ddpm_bestk_pull': 0.10715695101922999, 'global_retrieval_pull': 0.06893883649415027, 'condition_retrieval_pull': 0.16566480183973908}",
      "level": "WARN",
      "name": "future_source_swap_not_clearly_supported"
    }
  ],
  "num_episode_rows": 36,
  "num_step_rows": 576,
  "progress": {
    "completed": 36,
    "failed": 0,
    "finished_at": "2026-07-07T11:35:09+0800",
    "last_row": {
      "condition": "hidden_high_friction",
      "failure_reason": "",
      "final_fraction": 0.0,
      "future_match": 1.0,
      "future_source": "condition_matched_retrieval",
      "idm_policy": "phase39b_xy_only_high_weight",
      "status": "ok"
    },
    "ok": 36,
    "out_episode_csv": "reports/phase3_11_future_source_swap_episodes.csv",
    "out_step_csv": "reports/phase3_11_future_source_swap_steps.csv",
    "scope": "phase3_11_future_source_swap_no_phase4_no_cps",
    "started_at": "2026-07-07T11:09:22+0800",
    "status": "completed",
    "timeout": 0,
    "total_specs": 36
  },
  "raw_summary": {
    "failed": 0,
    "matrix": {
      "conditions": [
        "free",
        "hidden_breakaway_pin",
        "hidden_high_friction"
      ],
      "episodes_per_condition": 3,
      "future_sources": [
        "ddpm_mean",
        "ddpm_best_of_k_by_train_nn",
        "global_input_retrieval",
        "condition_matched_retrieval"
      ],
      "idm_policies": [
        "phase39b_xy_only_high_weight"
      ],
      "max_steps": 16,
      "samples_per_step": 32
    },
    "num_episodes_written": 36,
    "ok": 36,
    "out_episode_csv": "reports/phase3_11_future_source_swap_episodes.csv",
    "out_step_csv": "reports/phase3_11_future_source_swap_steps.csv",
    "progress_json": "reports/phase3_11_future_source_swap_progress.json",
    "scope": "phase3_11_future_source_swap_no_phase4_no_cps",
    "status": "completed",
    "timeout": 0,
    "worker_dir": "reports/phase3_11_workers"
  },
  "recommendation": "Do not enter Phase4/CPS. Future-source swap is inconclusive; inspect step CSV and closed-loop input OOD.",
  "root_cause": "phase311_future_source_swap_inconclusive_or_not_supported",
  "table": [
    {
      "condition": "free",
      "failed_rows": 0,
      "future_source": "condition_matched_retrieval",
      "idm_policy": "phase39b_xy_only_high_weight",
      "mean_action_ood": 0.4235759486133854,
      "mean_clip_frac": 0.0,
      "mean_delta_fraction": 0.0,
      "mean_final_fraction": 0.0,
      "mean_future_match": 1.0,
      "mean_future_nn_l2": 0.0,
      "mean_future_nn_mae": 0.0,
      "mean_input_nn_l2": 0.04988350179822495,
      "mean_pull_len": 0.08157487801508978,
      "ok_rows": 3,
      "rows": 3,
      "success_rate": 0.0,
      "timeout_rows": 0,
      "uses_condition_label": 1
    },
    {
      "condition": "hidden_breakaway_pin",
      "failed_rows": 0,
      "future_source": "condition_matched_retrieval",
      "idm_policy": "phase39b_xy_only_high_weight",
      "mean_action_ood": 0.5629526923100153,
      "mean_clip_frac": 0.0,
      "mean_delta_fraction": -0.05555555555555555,
      "mean_final_fraction": 0.0,
      "mean_future_match": 1.0,
      "mean_future_nn_l2": 0.0,
      "mean_future_nn_mae": 0.0,
      "mean_input_nn_l2": 0.07409490963133673,
      "mean_pull_len": 0.16566480183973908,
      "ok_rows": 3,
      "rows": 3,
      "success_rate": 0.0,
      "timeout_rows": 0,
      "uses_condition_label": 1
    },
    {
      "condition": "hidden_high_friction",
      "failed_rows": 0,
      "future_source": "condition_matched_retrieval",
      "idm_policy": "phase39b_xy_only_high_weight",
      "mean_action_ood": 0.3977750747775038,
      "mean_clip_frac": 0.0,
      "mean_delta_fraction": -0.20833333333333334,
      "mean_final_fraction": 0.0,
      "mean_future_match": 1.0,
      "mean_future_nn_l2": 0.0,
      "mean_future_nn_mae": 0.0,
      "mean_input_nn_l2": 0.058517013889892645,
      "mean_pull_len": 0.1224148510567223,
      "ok_rows": 3,
      "rows": 3,
      "success_rate": 0.0,
      "timeout_rows": 0,
      "uses_condition_label": 1
    },
    {
      "condition": "free",
      "failed_rows": 0,
      "future_source": "ddpm_best_of_k_by_train_nn",
      "idm_policy": "phase39b_xy_only_high_weight",
      "mean_action_ood": 0.45910400229816634,
      "mean_clip_frac": 0.0,
      "mean_delta_fraction": 0.013888888888888888,
      "mean_final_fraction": 0.013888888888888888,
      "mean_future_match": 0.16666666666666666,
      "mean_future_nn_l2": 0.06881222051257889,
      "mean_future_nn_mae": 0.03452996575894455,
      "mean_input_nn_l2": 0.0715441172554468,
      "mean_pull_len": 0.1988104989286512,
      "ok_rows": 3,
      "rows": 3,
      "success_rate": 0.0,
      "timeout_rows": 0,
      "uses_condition_label": 0
    },
    {
      "condition": "hidden_breakaway_pin",
      "failed_rows": 0,
      "future_source": "ddpm_best_of_k_by_train_nn",
      "idm_policy": "phase39b_xy_only_high_weight",
      "mean_action_ood": 0.3379734270274639,
      "mean_clip_frac": 0.0,
      "mean_delta_fraction": 0.05555555555555555,
      "mean_final_fraction": 0.05555555555555555,
      "mean_future_match": 0.2708333333333333,
      "mean_future_nn_l2": 0.0689389556646347,
      "mean_future_nn_mae": 0.03458740608766675,
      "mean_input_nn_l2": 0.0605793094728142,
      "mean_pull_len": 0.10715695101922999,
      "ok_rows": 3,
      "rows": 3,
      "success_rate": 0.0,
      "timeout_rows": 0,
      "uses_condition_label": 0
    },
    {
      "condition": "hidden_high_friction",
      "failed_rows": 0,
      "future_source": "ddpm_best_of_k_by_train_nn",
      "idm_policy": "phase39b_xy_only_high_weight",
      "mean_action_ood": 0.37165871045241755,
      "mean_clip_frac": 0.0,
      "mean_delta_fraction": 0.09722222222222222,
      "mean_final_fraction": 0.09722222222222222,
      "mean_future_match": 0.5416666666666666,
      "mean_future_nn_l2": 0.06964329800878961,
      "mean_future_nn_mae": 0.03477210225537419,
      "mean_input_nn_l2": 0.04832148268663635,
      "mean_pull_len": 0.10921248933300376,
      "ok_rows": 3,
      "rows": 3,
      "success_rate": 0.0,
      "timeout_rows": 0,
      "uses_condition_label": 0
    },
    {
      "condition": "free",
      "failed_rows": 0,
      "future_source": "ddpm_mean",
      "idm_policy": "phase39b_xy_only_high_weight",
      "mean_action_ood": 0.19026880525052547,
      "mean_clip_frac": 0.0,
      "mean_delta_fraction": -0.1388888888888889,
      "mean_final_fraction": 0.027777777777777776,
      "mean_future_match": 0.0,
      "mean_future_nn_l2": 0.04754459586304923,
      "mean_future_nn_mae": 0.021630012857106824,
      "mean_input_nn_l2": 0.05390099581563845,
      "mean_pull_len": 0.06195121778000612,
      "ok_rows": 3,
      "rows": 3,
      "success_rate": 0.0,
      "timeout_rows": 0,
      "uses_condition_label": 0
    },
    {
      "condition": "hidden_breakaway_pin",
      "failed_rows": 0,
      "future_source": "ddpm_mean",
      "idm_policy": "phase39b_xy_only_high_weight",
      "mean_action_ood": 0.338850193656981,
      "mean_clip_frac": 0.0,
      "mean_delta_fraction": 0.08333333333333333,
      "mean_final_fraction": 0.08333333333333333,
      "mean_future_match": 0.20833333333333334,
      "mean_future_nn_l2": 0.046731725024680294,
      "mean_future_nn_mae": 0.02145132146930943,
      "mean_input_nn_l2": 0.06287706152458365,
      "mean_pull_len": 0.11568248774468277,
      "ok_rows": 3,
      "rows": 3,
      "success_rate": 0.0,
      "timeout_rows": 0,
      "uses_condition_label": 0
    },
    {
      "condition": "hidden_high_friction",
      "failed_rows": 0,
      "future_source": "ddpm_mean",
      "idm_policy": "phase39b_xy_only_high_weight",
      "mean_action_ood": 0.32117135962471366,
      "mean_clip_frac": 0.0,
      "mean_delta_fraction": 0.08333333333333331,
      "mean_final_fraction": 0.2222222222222222,
      "mean_future_match": 0.7916666666666666,
      "mean_future_nn_l2": 0.05540454015135765,
      "mean_future_nn_mae": 0.02623141696676612,
      "mean_input_nn_l2": 0.06552411299586917,
      "mean_pull_len": 0.12818014972435776,
      "ok_rows": 3,
      "rows": 3,
      "success_rate": 0.0,
      "timeout_rows": 0,
      "uses_condition_label": 0
    },
    {
      "condition": "free",
      "failed_rows": 0,
      "future_source": "global_input_retrieval",
      "idm_policy": "phase39b_xy_only_high_weight",
      "mean_action_ood": 0.4285413986071944,
      "mean_clip_frac": 0.0,
      "mean_delta_fraction": 0.05555555555555555,
      "mean_final_fraction": 0.05555555555555555,
      "mean_future_match": 1.0,
      "mean_future_nn_l2": 0.0,
      "mean_future_nn_mae": 0.0,
      "mean_input_nn_l2": 0.04321244783932343,
      "mean_pull_len": 0.08165133026583742,
      "ok_rows": 3,
      "rows": 3,
      "success_rate": 0.0,
      "timeout_rows": 0,
      "uses_condition_label": 0
    },
    {
      "condition": "hidden_breakaway_pin",
      "failed_rows": 0,
      "future_source": "global_input_retrieval",
      "idm_policy": "phase39b_xy_only_high_weight",
      "mean_action_ood": 0.48888125146428746,
      "mean_clip_frac": 0.0,
      "mean_delta_fraction": 0.06944444444444445,
      "mean_final_fraction": 0.06944444444444445,
      "mean_future_match": 0.0,
      "mean_future_nn_l2": 0.0,
      "mean_future_nn_mae": 0.0,
      "mean_input_nn_l2": 0.048454018930594124,
      "mean_pull_len": 0.06893883649415027,
      "ok_rows": 3,
      "rows": 3,
      "success_rate": 0.0,
      "timeout_rows": 0,
      "uses_condition_label": 0
    },
    {
      "condition": "hidden_high_friction",
      "failed_rows": 0,
      "future_source": "global_input_retrieval",
      "idm_policy": "phase39b_xy_only_high_weight",
      "mean_action_ood": 0.3703775564208627,
      "mean_clip_frac": 0.0,
      "mean_delta_fraction": 0.06944444444444446,
      "mean_final_fraction": 0.18055555555555558,
      "mean_future_match": 0.0,
      "mean_future_nn_l2": 0.0,
      "mean_future_nn_mae": 0.0,
      "mean_input_nn_l2": 0.05091750051360577,
      "mean_pull_len": 0.09541812603129074,
      "ok_rows": 3,
      "rows": 3,
      "success_rate": 0.0,
      "timeout_rows": 0,
      "uses_condition_label": 0
    }
  ],
  "verdict": "WARN"
}
[Phase3.11] done
