[Phase3.10] root=/data/state_diff2
[Phase3.10] python=/miniforge3/envs/coord_bimanual/bin/python
[Phase3.10] conda_env=coord_bimanual
[Phase3.10] head=ae76cb48ce4460459a6e097df1982ad98650902f
/data/state_diff2/external/deformable-ravens/ravens/tasks/defs_cloth.py:53: UserWarning: pkg_resources is deprecated as an API. See https://setuptools.pypa.io/en/latest/pkg_resources.html. The pkg_resources package is slated for removal as early as 2025-11-30. Refrain from using this package or pin to Setuptools<81.
  import pkg_resources
{
  "checkpoints": {
    "best_ablation": "xy_only_high_weight",
    "old_state_action": "/data/state_diff2/checkpoints/phase3/state_action/fold_0_seed_0",
    "phase39_default_geometry": "/data/state_diff2/checkpoints/phase3_9_geometry_idm/state_action/fold_phase3_9_seed_390000/inverse_dynamics.pt",
    "phase39b_best": "/data/state_diff2/checkpoints/phase3_9b_geometry_idm/state_action/xy_only_high_weight/fold_phase3_9b_seed_392003/inverse_dynamics.pt"
  },
  "checks": {
    "action_codec_dim_14": true,
    "action_codec_no_camera_config": true,
    "forbidden_modules_not_loaded": true,
    "has_action_dim": true,
    "has_n_beads": true,
    "has_th": true,
    "has_y_action": true,
    "import_ccda_phase3_rollout": true,
    "import_ccda_phase3_train_utils": true,
    "import_numpy": true,
    "import_phase3_policy_rollout": true,
    "import_pybullet": true,
    "import_ravens_environment": true,
    "import_ravens_tasks": true,
    "import_torch": true,
    "old_state_action_checkpoint_complete": true,
    "phase39_default_idm_exists": true,
    "phase39b_best_idm_exists": true,
    "phase39b_best_matches": true,
    "phase39b_default_robust": true,
    "phase39b_no_phase4_scope": true,
    "phase39b_summary_exists": true,
    "running_in_coord_bimanual": true,
    "script_import_and_input_hazard_free": true,
    "task_has_primary": true,
    "task_has_required_conditions": true,
    "task_instantiates": true,
    "task_registered": true,
    "windows_conditions_match": true,
    "windows_diagnostic_match": true,
    "windows_loadable": true,
    "windows_primary_match": true,
    "y_action_dim_14": true
  },
  "codec": {
    "dim": 14,
    "path": "/data/state_diff2/data/phase3_state_diff_windows/phase3_action_template.pkl",
    "summary": {
      "class": "ExecutableActionCodec",
      "dim": 14,
      "num_camera_config_paths": 0,
      "num_param_paths": 14,
      "num_paths": 14,
      "paths": [
        "params/pose0/0/0",
        "params/pose0/0/1",
        "params/pose0/0/2",
        "params/pose0/1/0",
        "params/pose0/1/1",
        "params/pose0/1/2",
        "params/pose0/1/3",
        "params/pose1/0/0",
        "params/pose1/0/1",
        "params/pose1/0/2",
        "params/pose1/1/0",
        "params/pose1/1/1",
        "params/pose1/1/2",
        "params/pose1/1/3"
      ]
    }
  },
  "conda_env": "coord_bimanual",
  "git": {
    "branch": "Experiment1",
    "head": "ae76cb48ce4460459a6e097df1982ad98650902f",
    "origin_experiment1": "ae76cb48ce4460459a6e097df1982ad98650902f",
    "status": "?? checkpoints/\n?? reports/phase3_10_learned_rollout_preflight_report.md\n?? reports/phase3_10_learned_rollout_preflight_summary.json\n?? reports/phase3_10_learned_rollout_start_audit.md\n?? scripts/phase3_10_analyze_learned_rollout.py\n?? scripts/phase3_10_controlled_learned_rollout.py\n?? scripts/phase3_10_learned_rollout_preflight.py\n?? scripts/phase3_10_run_controlled_learned_rollout.sh\n",
    "submodule": "388a3f5582c8fdffaecb06448f285d693a45b83c external/deformable-ravens (heads/ccda-cable)"
  },
  "issues": [],
  "phase39b_summary": {
    "best_ablation": "xy_only_high_weight",
    "default_robust": true,
    "root_cause": "phase39b_geometry_loss_ablation_supported",
    "verdict": "WARN"
  },
  "python": "/miniforge3/envs/coord_bimanual/bin/python",
  "shapes": {
    "action_dim": [],
    "action_template_json_or_pickle_path": [],
    "condition_id": [
      956
    ],
    "condition_name": [
      956
    ],
    "episode_action_len": [
      956
    ],
    "final_fraction": [
      956
    ],
    "meta_json": [],
    "n_beads": [],
    "paper_x": [
      956,
      405
    ],
    "robot_pose_dim": [],
    "robot_pose_proxy_source": [
      956
    ],
    "source_file": [
      956
    ],
    "split_name": [
      956
    ],
    "state_action_x": [
      956,
      447
    ],
    "state_dim": [],
    "success": [
      956
    ],
    "tf": [],
    "th": [],
    "visible_seed": [
      956
    ],
    "window_t": [
      956
    ],
    "y_action": [
      956,
      14
    ],
    "y_final_state": [
      956,
      135
    ],
    "y_state": [
      956,
      4,
      135
    ]
  },
  "verdict": "PASS",
  "windows_meta": {
    "action_codec": {
      "class": "ExecutableActionCodec",
      "dim": 14,
      "num_camera_config_paths": 0,
      "num_param_paths": 14,
      "num_paths": 14,
      "paths": [
        "params/pose0/0/0",
        "params/pose0/0/1",
        "params/pose0/0/2",
        "params/pose0/1/0",
        "params/pose0/1/1",
        "params/pose0/1/2",
        "params/pose0/1/3",
        "params/pose1/0/0",
        "params/pose1/0/1",
        "params/pose1/0/2",
        "params/pose1/1/0",
        "params/pose1/1/1",
        "params/pose1/1/2",
        "params/pose1/1/3"
      ]
    },
    "action_codec_summary": {
      "class": "ExecutableActionCodec",
      "dim": 14,
      "num_camera_config_paths": 0,
      "num_param_paths": 14,
      "num_paths": 14,
      "paths": [
        "params/pose0/0/0",
        "params/pose0/0/1",
        "params/pose0/0/2",
        "params/pose0/1/0",
        "params/pose0/1/1",
        "params/pose0/1/2",
        "params/pose0/1/3",
        "params/pose1/0/0",
        "params/pose1/0/1",
        "params/pose1/0/2",
        "params/pose1/1/0",
        "params/pose1/1/1",
        "params/pose1/1/2",
        "params/pose1/1/3"
      ]
    },
    "action_dim": 14,
    "action_template_json_or_pickle_path": "/data/state_diff2/data/phase3_state_diff_windows/phase3_action_template.pkl",
    "action_template_path": "/data/state_diff2/data/phase3_state_diff_windows/phase3_action_template.pkl",
    "canonicalization_rule": "group by split_name, visible_seed, window_t; copy free input to paired hidden branches; targets remain condition-specific",
    "canonicalization_summary_path": "/data/state_diff2/reports/phase3_canonicalization_summary.json",
    "canonicalized_paired_input_windows": 717,
    "ccda_breakaway_bead_ratio": "0.45",
    "ccda_breakaway_disp": "0.045",
    "ccda_breakaway_force": "2.6",
    "ccda_oracle_breakaway_pull_dist": "0.36",
    "complete_condition_filter": "keep only split/visible_seed/window_t groups containing: free, hidden_pin, hidden_high_friction, hidden_breakaway_pin",
    "conditions": [
      "free",
      "hidden_pin",
      "hidden_high_friction",
      "hidden_breakaway_pin"
    ],
    "diagnostic_branch_pair": "free_vs_hidden_pin",
    "diagnostic_hidden_condition": "hidden_pin",
    "dropped_windows_incomplete_condition_groups": 1921,
    "episode_action_len_max": 20,
    "episode_action_len_mean": 7.076359832635983,
    "episode_action_len_min": 1,
    "feature_schema": {
      "forbidden_not_in_x": [
        "hidden_condition",
        "hidden_contact_meta",
        "recoverability_params",
        "recoverability_class_candidate",
        "breakaway_released",
        "breakaway_release_step",
        "breakaway_step",
        "breakaway_threshold",
        "breakaway_max_disp_seen",
        "condition_id",
        "condition_name",
        "condition_label",
        "condition_id_onehot",
        "success",
        "final_fraction",
        "ccda_pair_group",
        "pair_group",
        "source_file",
        "visible_seed",
        "ccda_visible_seed"
      ],
      "paper_x": [
        "bead_xy_history",
        "bead_velocity_history",
        "robot_pose_proxy_history"
      ],
      "state_action_x": [
        "paper_x",
        "past_action_history_excluding_current_action"
      ],
      "y_action": [
        "current_executable_pick_place_action"
      ],
      "y_state": [
        "future_state_trajectory"
      ]
    },
    "forbidden_metadata_not_in_x": [
      "hidden_condition",
      "hidden_contact_meta",
      "recoverability_params",
      "recoverability_class_candidate",
      "breakaway_released",
      "breakaway_release_step",
      "breakaway_step",
      "breakaway_threshold",
      "breakaway_max_disp_seen",
      "condition_id",
      "condition_name",
      "condition_label",
      "condition_id_onehot",
      "success",
      "final_fraction",
      "ccda_pair_group",
      "pair_group",
      "source_file",
      "visible_seed",
      "ccda_visible_seed"
    ],
    "heldout_visible_seed_count": 30,
    "heldout_visible_seeds": [
      100000,
      100001,
      100002,
      100003,
      100004,
      100005,
      100006,
      100007,
      100008,
      100009,
      100010,
      100011,
      100012,
      100013,
      100014,
      100015,
      100016,
      100017,
      100018,
      100019,
      100020,
      100021,
      100022,
      100023,
      100024,
      100025,
      100026,
      100027,
      100028,
      100029
    ],
    "max_windows_per_episode": 0,
    "n_beads": 24,
    "num_episodes_loaded": 520,
    "num_heldout_windows": 188,
    "num_train_windows": 768,
    "num_windows": 956,
    "paper_x_shape": [
      956,
      405
    ],
    "phase2_5_selected_config": "breakaway_force_2p6_disp_0p045_pull_0p36",
    "phase2_5_selected_recoverable_condition": "hidden_breakaway_pin",
    "primary_branch_pair": "free_vs_hidden_breakaway_pin",
    "primary_hidden_condition": "hidden_breakaway_pin",
    "raw_num_windows_before_complete_condition_filter": 2877,
    "robot_pose_dim": 39,
    "robot_pose_proxy_source_counts": {
      "pybullet_robot_body": 13471
    },
    "state_action_extra_all_zero": false,
    "state_action_extra_std": 0.2338666021823883,
    "state_action_x_shape": [
      956,
      447
    ],
    "state_dim": 135,
    "tf": 4,
    "th": 3,
    "train_heldout_seed_overlap": [],
    "train_visible_seed_count": 100,
    "train_visible_seeds": [
      1000,
      1001,
      1002,
      1003,
      1004,
      1005,
      1006,
      1007,
      1008,
      1009,
      1010,
      1011,
      1012,
      1013,
      1014,
      1015,
      1016,
      1017,
      1018,
      1019,
      1020,
      1021,
      1022,
      1023,
      1024,
      1025,
      1026,
      1027,
      1028,
      1029,
      1030,
      1031,
      1032,
      1033,
      1034,
      1035,
      1036,
      1037,
      1038,
      1039,
      1040,
      1041,
      1042,
      1043,
      1044,
      1045,
      1046,
      1047,
      1048,
      1049,
      1050,
      1051,
      1052,
      1053,
      1054,
      1055,
      1056,
      1057,
      1058,
      1059,
      1060,
      1061,
      1062,
      1063,
      1064,
      1065,
      1066,
      1067,
      1068,
      1069,
      1070,
      1071,
      1072,
      1073,
      1074,
      1075,
      1076,
      1077,
      1078,
      1079,
      1080,
      1081,
      1082,
      1083,
      1084,
      1085,
      1086,
      1087,
      1088,
      1089,
      1090,
      1091,
      1092,
      1093,
      1094,
      1095,
      1096,
      1097,
      1098,
      1099
    ],
    "windows_per_condition": {
      "free": 239,
      "hidden_breakaway_pin": 239,
      "hidden_high_friction": 239,
      "hidden_pin": 239
    },
    "y_action_shape": [
      956,
      14
    ]
  }
}
{
  "failed": 0,
  "matrix": {
    "conditions": [
      "free",
      "hidden_breakaway_pin",
      "hidden_high_friction"
    ],
    "episodes_per_condition": 4,
    "max_steps": 16,
    "policies": [
      "old_state_action",
      "phase39_default_geometry",
      "phase39b_xy_only_high_weight"
    ],
    "samples_per_step": 16
  },
  "num_rows_written": 36,
  "ok": 36,
  "out_csv": "reports/phase3_10_controlled_learned_rollout_trials.csv",
  "progress_json": "reports/phase3_10_controlled_learned_rollout_progress.json",
  "scope": "phase3_10_controlled_learned_rollout_no_phase4_no_cps",
  "status": "completed",
  "timeout": 0,
  "worker_dir": "reports/phase3_10_workers"
}
{
  "completed_fraction": 1.0,
  "condition_table": [
    {
      "best_final_fraction": 0.1875,
      "best_improved": false,
      "best_improvement": -0.041666666666666685,
      "best_success": 0.0,
      "condition": "free",
      "default_final_fraction": 0.26041666666666663,
      "default_improved": false,
      "default_improvement": 0.031249999999999944,
      "default_success": 0.0,
      "old_final_fraction": 0.22916666666666669,
      "old_success": 0.0
    },
    {
      "best_final_fraction": 0.11458333333333333,
      "best_improved": false,
      "best_improvement": 0.04166666666666666,
      "best_success": 0.0,
      "condition": "hidden_breakaway_pin",
      "default_final_fraction": 0.020833333333333332,
      "default_improved": false,
      "default_improvement": -0.05208333333333334,
      "default_success": 0.0,
      "old_final_fraction": 0.07291666666666667,
      "old_success": 0.0
    },
    {
      "best_final_fraction": 0.0,
      "best_improved": false,
      "best_improvement": -0.16666666666666666,
      "best_success": 0.0,
      "condition": "hidden_high_friction",
      "default_final_fraction": 0.21875,
      "default_improved": true,
      "default_improvement": 0.05208333333333334,
      "default_success": 0.0,
      "old_final_fraction": 0.16666666666666666,
      "old_success": 0.0
    }
  ],
  "important_note": "This is controlled learned rollout retry only. No Phase4/CPS and no paper-level evidence.",
  "improved_best_conditions": [],
  "improved_default_conditions": [
    "hidden_high_friction"
  ],
  "issues": [
    {
      "detail": "{'best': [], 'default': ['hidden_high_friction']}",
      "level": "FAIL",
      "name": "phase310_repaired_rollout_not_supported"
    }
  ],
  "num_rows": 36,
  "primary_best_improved": false,
  "primary_default_improved": false,
  "progress": {
    "completed": 36,
    "failed": 0,
    "finished_at": "2026-07-06T22:25:02+0800",
    "last_row": {
      "condition": "hidden_high_friction",
      "failure_reason": "",
      "final_fraction": 0.0,
      "policy": "phase39b_xy_only_high_weight",
      "status": "ok",
      "success": 0
    },
    "ok": 36,
    "out_csv": "reports/phase3_10_controlled_learned_rollout_trials.csv",
    "scope": "phase3_10_controlled_learned_rollout_no_phase4_no_cps",
    "started_at": "2026-07-06T22:00:21+0800",
    "status": "completed",
    "timeout": 0,
    "total_specs": 36
  },
  "raw_summary": {
    "failed": 0,
    "matrix": {
      "conditions": [
        "free",
        "hidden_breakaway_pin",
        "hidden_high_friction"
      ],
      "episodes_per_condition": 4,
      "max_steps": 16,
      "policies": [
        "old_state_action",
        "phase39_default_geometry",
        "phase39b_xy_only_high_weight"
      ],
      "samples_per_step": 16
    },
    "num_rows_written": 36,
    "ok": 36,
    "out_csv": "reports/phase3_10_controlled_learned_rollout_trials.csv",
    "progress_json": "reports/phase3_10_controlled_learned_rollout_progress.json",
    "scope": "phase3_10_controlled_learned_rollout_no_phase4_no_cps",
    "status": "completed",
    "timeout": 0,
    "worker_dir": "reports/phase3_10_workers"
  },
  "recommendation": "Do not enter Phase4/CPS. Next run Phase3.10b repeat/diagnostic rollout or predicted-future error audit.",
  "root_cause": "phase310_repaired_rollout_not_supported",
  "table": [
    {
      "condition": "free",
      "failed_rows": 0,
      "failure_count": 0,
      "max_action_ood": 0.5727438479661942,
      "mean_action_ood": 0.2346291511785239,
      "mean_final_curve": 0.1917622433975339,
      "mean_final_fraction": 0.22916666666666669,
      "mean_future_std": 0.03864804410841316,
      "mean_pull_xy_len": 0.0848279649289907,
      "mean_steps": 16.0,
      "ok_rows": 4,
      "policy": "old_state_action",
      "rows": 4,
      "success_rate": 0.0,
      "timeout_rows": 0
    },
    {
      "condition": "hidden_breakaway_pin",
      "failed_rows": 0,
      "failure_count": 0,
      "max_action_ood": 0.7127366960048676,
      "mean_action_ood": 0.4542553259525448,
      "mean_final_curve": 0.2195286974310875,
      "mean_final_fraction": 0.07291666666666667,
      "mean_future_std": 0.03590583964250982,
      "mean_pull_xy_len": 0.22384737867105287,
      "mean_steps": 16.0,
      "ok_rows": 4,
      "policy": "old_state_action",
      "rows": 4,
      "success_rate": 0.0,
      "timeout_rows": 0
    },
    {
      "condition": "hidden_high_friction",
      "failed_rows": 0,
      "failure_count": 0,
      "max_action_ood": 0.681653156876564,
      "mean_action_ood": 0.4603518107905984,
      "mean_final_curve": 0.2215793221257627,
      "mean_final_fraction": 0.16666666666666666,
      "mean_future_std": 0.03585369486245327,
      "mean_pull_xy_len": 0.1751977510866709,
      "mean_steps": 16.0,
      "ok_rows": 4,
      "policy": "old_state_action",
      "rows": 4,
      "success_rate": 0.0,
      "timeout_rows": 0
    },
    {
      "condition": "free",
      "failed_rows": 0,
      "failure_count": 0,
      "max_action_ood": 0.5027405992150307,
      "mean_action_ood": 0.2375474480795674,
      "mean_final_curve": 0.25487788300961256,
      "mean_final_fraction": 0.26041666666666663,
      "mean_future_std": 0.03875232976861298,
      "mean_pull_xy_len": 0.07561167311359895,
      "mean_steps": 16.0,
      "ok_rows": 4,
      "policy": "phase39_default_geometry",
      "rows": 4,
      "success_rate": 0.0,
      "timeout_rows": 0
    },
    {
      "condition": "hidden_breakaway_pin",
      "failed_rows": 0,
      "failure_count": 0,
      "max_action_ood": 0.7226976081728935,
      "mean_action_ood": 0.2633497741771862,
      "mean_final_curve": 0.18341131787747145,
      "mean_final_fraction": 0.020833333333333332,
      "mean_future_std": 0.0385509921470657,
      "mean_pull_xy_len": 0.07893245039485919,
      "mean_steps": 16.0,
      "ok_rows": 4,
      "policy": "phase39_default_geometry",
      "rows": 4,
      "success_rate": 0.0,
      "timeout_rows": 0
    },
    {
      "condition": "hidden_high_friction",
      "failed_rows": 0,
      "failure_count": 0,
      "max_action_ood": 0.4677562266588211,
      "mean_action_ood": 0.26627678133081645,
      "mean_final_curve": 0.22771165054291487,
      "mean_final_fraction": 0.21875,
      "mean_future_std": 0.034205909512820654,
      "mean_pull_xy_len": 0.0741864573355997,
      "mean_steps": 16.0,
      "ok_rows": 4,
      "policy": "phase39_default_geometry",
      "rows": 4,
      "success_rate": 0.0,
      "timeout_rows": 0
    },
    {
      "condition": "free",
      "failed_rows": 0,
      "failure_count": 0,
      "max_action_ood": 0.8059769421815872,
      "mean_action_ood": 0.33852514473255724,
      "mean_final_curve": 0.20299310609698296,
      "mean_final_fraction": 0.1875,
      "mean_future_std": 0.03907487145625055,
      "mean_pull_xy_len": 0.15254713136528153,
      "mean_steps": 16.0,
      "ok_rows": 4,
      "policy": "phase39b_xy_only_high_weight",
      "rows": 4,
      "success_rate": 0.0,
      "timeout_rows": 0
    },
    {
      "condition": "hidden_breakaway_pin",
      "failed_rows": 0,
      "failure_count": 0,
      "max_action_ood": 0.7098381668329239,
      "mean_action_ood": 0.31844371487386525,
      "mean_final_curve": 0.21597075532190502,
      "mean_final_fraction": 0.11458333333333333,
      "mean_future_std": 0.03835708927363157,
      "mean_pull_xy_len": 0.12714035352837527,
      "mean_steps": 16.0,
      "ok_rows": 4,
      "policy": "phase39b_xy_only_high_weight",
      "rows": 4,
      "success_rate": 0.0,
      "timeout_rows": 0
    },
    {
      "condition": "hidden_high_friction",
      "failed_rows": 0,
      "failure_count": 0,
      "max_action_ood": 0.737924799323082,
      "mean_action_ood": 0.5106280990876257,
      "mean_final_curve": 0.2698281519114971,
      "mean_final_fraction": 0.0,
      "mean_future_std": 0.03564114720211364,
      "mean_pull_xy_len": 0.21788667314103805,
      "mean_steps": 16.0,
      "ok_rows": 4,
      "policy": "phase39b_xy_only_high_weight",
      "rows": 4,
      "success_rate": 0.0,
      "timeout_rows": 0
    }
  ],
  "verdict": "WARN"
}
[Phase3.10] done
