[Phase3.6] root=/data/state_diff2
[Phase3.6] python=/miniforge3/envs/coord_bimanual/bin/python
[Phase3.6] conda_env=coord_bimanual
[Phase3.6] head=6a5232205349211716d84a96ba2f5ef428960069
{
  "checks": {
    "can_use_state_action_tail_as_low_conf_prefix": true,
    "has_condition_key": true,
    "has_paper_x": true,
    "has_source_key": true,
    "has_state_action_x": true,
    "has_visible_seed_key": true,
    "has_window_t_key": true,
    "has_y_action": true,
    "meta_conditions_match": true,
    "meta_diagnostic_match": true,
    "meta_primary_match": true,
    "state_action_extra_dim": 42,
    "state_action_extra_dim_multiple_of_14": true,
    "windows_exists": true,
    "y_action_dim_14": true
  },
  "condition_key": "condition_name",
  "issues": [],
  "keys": [
    "paper_x",
    "state_action_x",
    "y_state",
    "y_final_state",
    "y_action",
    "condition_id",
    "condition_name",
    "visible_seed",
    "split_name",
    "source_file",
    "window_t",
    "episode_action_len",
    "success",
    "final_fraction",
    "state_dim",
    "robot_pose_dim",
    "action_dim",
    "n_beads",
    "th",
    "tf",
    "action_template_json_or_pickle_path",
    "robot_pose_proxy_source",
    "meta_json"
  ],
  "meta": {
    "action_codec": {
      "class": "ExecutableActionCodec",
      "dim": 14,
      "num_camera_config_paths": 0,
      "num_param_paths": 14,
      "num_paths": 14,
      "paths": [
        "params/pose0/0/0",
        "params/pose0/0/1",
        "params/pose0/0/2",
        "params/pose0/1/0",
        "params/pose0/1/1",
        "params/pose0/1/2",
        "params/pose0/1/3",
        "params/pose1/0/0",
        "params/pose1/0/1",
        "params/pose1/0/2",
        "params/pose1/1/0",
        "params/pose1/1/1",
        "params/pose1/1/2",
        "params/pose1/1/3"
      ]
    },
    "action_codec_summary": {
      "class": "ExecutableActionCodec",
      "dim": 14,
      "num_camera_config_paths": 0,
      "num_param_paths": 14,
      "num_paths": 14,
      "paths": [
        "params/pose0/0/0",
        "params/pose0/0/1",
        "params/pose0/0/2",
        "params/pose0/1/0",
        "params/pose0/1/1",
        "params/pose0/1/2",
        "params/pose0/1/3",
        "params/pose1/0/0",
        "params/pose1/0/1",
        "params/pose1/0/2",
        "params/pose1/1/0",
        "params/pose1/1/1",
        "params/pose1/1/2",
        "params/pose1/1/3"
      ]
    },
    "action_dim": 14,
    "action_template_json_or_pickle_path": "/data/state_diff2/data/phase3_state_diff_windows/phase3_action_template.pkl",
    "action_template_path": "/data/state_diff2/data/phase3_state_diff_windows/phase3_action_template.pkl",
    "canonicalization_rule": "group by split_name, visible_seed, window_t; copy free input to paired hidden branches; targets remain condition-specific",
    "canonicalization_summary_path": "/data/state_diff2/reports/phase3_canonicalization_summary.json",
    "canonicalized_paired_input_windows": 717,
    "ccda_breakaway_bead_ratio": "0.45",
    "ccda_breakaway_disp": "0.045",
    "ccda_breakaway_force": "2.6",
    "ccda_oracle_breakaway_pull_dist": "0.36",
    "complete_condition_filter": "keep only split/visible_seed/window_t groups containing: free, hidden_pin, hidden_high_friction, hidden_breakaway_pin",
    "conditions": [
      "free",
      "hidden_pin",
      "hidden_high_friction",
      "hidden_breakaway_pin"
    ],
    "diagnostic_branch_pair": "free_vs_hidden_pin",
    "diagnostic_hidden_condition": "hidden_pin",
    "dropped_windows_incomplete_condition_groups": 1921,
    "episode_action_len_max": 20,
    "episode_action_len_mean": 7.076359832635983,
    "episode_action_len_min": 1,
    "feature_schema": {
      "forbidden_not_in_x": [
        "hidden_condition",
        "hidden_contact_meta",
        "recoverability_params",
        "recoverability_class_candidate",
        "breakaway_released",
        "breakaway_release_step",
        "breakaway_step",
        "breakaway_threshold",
        "breakaway_max_disp_seen",
        "condition_id",
        "condition_name",
        "condition_label",
        "condition_id_onehot",
        "success",
        "final_fraction",
        "ccda_pair_group",
        "pair_group",
        "source_file",
        "visible_seed",
        "ccda_visible_seed"
      ],
      "paper_x": [
        "bead_xy_history",
        "bead_velocity_history",
        "robot_pose_proxy_history"
      ],
      "state_action_x": [
        "paper_x",
        "past_action_history_excluding_current_action"
      ],
      "y_action": [
        "current_executable_pick_place_action"
      ],
      "y_state": [
        "future_state_trajectory"
      ]
    },
    "forbidden_metadata_not_in_x": [
      "hidden_condition",
      "hidden_contact_meta",
      "recoverability_params",
      "recoverability_class_candidate",
      "breakaway_released",
      "breakaway_release_step",
      "breakaway_step",
      "breakaway_threshold",
      "breakaway_max_disp_seen",
      "condition_id",
      "condition_name",
      "condition_label",
      "condition_id_onehot",
      "success",
      "final_fraction",
      "ccda_pair_group",
      "pair_group",
      "source_file",
      "visible_seed",
      "ccda_visible_seed"
    ],
    "heldout_visible_seed_count": 30,
    "heldout_visible_seeds": [
      100000,
      100001,
      100002,
      100003,
      100004,
      100005,
      100006,
      100007,
      100008,
      100009,
      100010,
      100011,
      100012,
      100013,
      100014,
      100015,
      100016,
      100017,
      100018,
      100019,
      100020,
      100021,
      100022,
      100023,
      100024,
      100025,
      100026,
      100027,
      100028,
      100029
    ],
    "max_windows_per_episode": 0,
    "n_beads": 24,
    "num_episodes_loaded": 520,
    "num_heldout_windows": 188,
    "num_train_windows": 768,
    "num_windows": 956,
    "paper_x_shape": [
      956,
      405
    ],
    "phase2_5_selected_config": "breakaway_force_2p6_disp_0p045_pull_0p36",
    "phase2_5_selected_recoverable_condition": "hidden_breakaway_pin",
    "primary_branch_pair": "free_vs_hidden_breakaway_pin",
    "primary_hidden_condition": "hidden_breakaway_pin",
    "raw_num_windows_before_complete_condition_filter": 2877,
    "robot_pose_dim": 39,
    "robot_pose_proxy_source_counts": {
      "pybullet_robot_body": 13471
    },
    "state_action_extra_all_zero": false,
    "state_action_extra_std": 0.2338666021823883,
    "state_action_x_shape": [
      956,
      447
    ],
    "state_dim": 135,
    "tf": 4,
    "th": 3,
    "train_heldout_seed_overlap": [],
    "train_visible_seed_count": 100,
    "train_visible_seeds": [
      1000,
      1001,
      1002,
      1003,
      1004,
      1005,
      1006,
      1007,
      1008,
      1009,
      1010,
      1011,
      1012,
      1013,
      1014,
      1015,
      1016,
      1017,
      1018,
      1019,
      1020,
      1021,
      1022,
      1023,
      1024,
      1025,
      1026,
      1027,
      1028,
      1029,
      1030,
      1031,
      1032,
      1033,
      1034,
      1035,
      1036,
      1037,
      1038,
      1039,
      1040,
      1041,
      1042,
      1043,
      1044,
      1045,
      1046,
      1047,
      1048,
      1049,
      1050,
      1051,
      1052,
      1053,
      1054,
      1055,
      1056,
      1057,
      1058,
      1059,
      1060,
      1061,
      1062,
      1063,
      1064,
      1065,
      1066,
      1067,
      1068,
      1069,
      1070,
      1071,
      1072,
      1073,
      1074,
      1075,
      1076,
      1077,
      1078,
      1079,
      1080,
      1081,
      1082,
      1083,
      1084,
      1085,
      1086,
      1087,
      1088,
      1089,
      1090,
      1091,
      1092,
      1093,
      1094,
      1095,
      1096,
      1097,
      1098,
      1099
    ],
    "windows_per_condition": {
      "free": 239,
      "hidden_breakaway_pin": 239,
      "hidden_high_friction": 239,
      "hidden_pin": 239
    },
    "y_action_shape": [
      956,
      14
    ]
  },
  "previews": {
    "action_dim": [
      "14"
    ],
    "action_template_json_or_pickle_path": [
      "/data/state_diff2/data/phase3_state_diff_windows/phase3_action_template.pkl"
    ],
    "condition_id": [
      "0",
      "1",
      "2",
      "3",
      "0"
    ],
    "condition_name": [
      "free",
      "hidden_pin",
      "hidden_high_friction",
      "hidden_breakaway_pin",
      "free"
    ],
    "episode_action_len": [
      "9",
      "3",
      "5",
      "4",
      "9"
    ],
    "final_fraction": [
      "1.0",
      "0.0",
      "1.0",
      "1.0",
      "1.0"
    ],
    "meta_json": [
      "{\"action_codec\": {\"class\": \"ExecutableActionCodec\", \"dim\": 14, \"num_camera_config_paths\": 0, \"num_param_paths\": 14, \"num_paths\": 14, \"paths\": [\"params/pose0/0/0\", \"params/pose0/0/1\", \"params/pose0/0/2\", \"params/pose0/1/0\", \"params/pose0/1/1\", \"params/pose0/1/2\", \"params/pose0/1/3\", \"params/pose1/0/0\", \"params/pose1/0/1\", \"params/pose1/0/2\", \"params/pose1/1/0\", \"params/pose1/1/1\", \"params/pose1/1/2\", \"params/pose1/1/3\"]}, \"action_codec_summary\": {\"class\": \"ExecutableActionCodec\", \"dim\": 14, \"num_camera_config_paths\": 0, \"num_param_paths\": 14, \"num_paths\": 14, \"paths\": [\"params/pose0/0/0\", \"params/pose0/0/1\", \"params/pose0/0/2\", \"params/pose0/1/0\", \"params/pose0/1/1\", \"params/pose0/1/2\", \"params/pose0/1/3\", \"params/pose1/0/0\", \"params/pose1/0/1\", \"params/pose1/0/2\", \"params/pose1/1/0\", \"params/pose1/1/1\", \"params/pose1/1/2\", \"params/pose1/1/3\"]}, \"action_dim\": 14, \"action_template_json_or_pickle_path\": \"/data/state_diff2/data/phase3_state_diff_windows/phase3_action_template.pkl\", \"action_template_path\": \"/data/state_diff2/data/phase3_state_diff_windows/phase3_action_template.pkl\", \"canonicalization_rule\": \"group by split_name, visible_seed, window_t; copy free input to paired hidden branches; targets remain condition-specific\", \"canonicalization_summary_path\": \"/data/state_diff2/reports/phase3_canonicalization_summary.json\", \"canonicalized_paired_input_windows\": 717, \"ccda_breakaway_bead_ratio\": \"0.45\", \"ccda_breakaway_disp\": \"0.045\", \"ccda_breakaway_force\": \"2.6\", \"ccda_oracle_breakaway_pull_dist\": \"0.36\", \"complete_condition_filter\": \"keep only split/visible_seed/window_t groups containing: free, hidden_pin, hidden_high_friction, hidden_breakaway_pin\", \"conditions\": [\"free\", \"hidden_pin\", \"hidden_high_friction\", \"hidden_breakaway_pin\"], \"diagnostic_branch_pair\": \"free_vs_hidden_pin\", \"diagnostic_hidden_condition\": \"hidden_pin\", \"dropped_windows_incomplete_condition_groups\": 1921, \"episode_action_len_max\": 20, \"episode_action_len_mean\": 7.076359832635983, \"episode_action_len_min\": 1, \"feature_schema\": {\"forbidden_not_in_x\": [\"hidden_condition\", \"hidden_contact_meta\", \"recoverability_params\", \"recoverability_class_candidate\", \"breakaway_released\", \"breakaway_release_step\", \"breakaway_step\", \"breakaway_threshold\", \"breakaway_max_disp_seen\", \"condition_id\", \"condition_name\", \"condition_label\", \"condition_id_onehot\", \"success\", \"final_fraction\", \"ccda_pair_group\", \"pair_group\", \"source_file\", \"visible_seed\", \"ccda_visible_seed\"], \"paper_x\": [\"bead_xy_history\", \"bead_velocity_history\", \"robot_pose_proxy_history\"], \"state_action_x\": [\"paper_x\", \"past_action_history_excluding_current_action\"], \"y_action\": [\"current_executable_pick_place_action\"], \"y_state\": [\"future_state_trajectory\"]}, \"forbidden_metadata_not_in_x\": [\"hidden_condition\", \"hidden_contact_meta\", \"recoverability_params\", \"recoverability_class_candidate\", \"breakaway_released\", \"breakaway_release_step\", \"breakaway_step\", \"breakaway_threshold\", \"breakaway_max_disp_seen\", \"condition_id\", \"condition_name\", \"condition_label\", \"condition_id_onehot\", \"success\", \"final_fraction\", \"ccda_pair_group\", \"pair_group\", \"source_file\", \"visible_seed\", \"ccda_visible_seed\"], \"heldout_visible_seed_count\": 30, \"heldout_visible_seeds\": [100000, 100001, 100002, 100003, 100004, 100005, 100006, 100007, 100008, 100009, 100010, 100011, 100012, 100013, 100014, 100015, 100016, 100017, 100018, 100019, 100020, 100021, 100022, 100023, 100024, 100025, 100026, 100027, 100028, 100029], \"max_windows_per_episode\": 0, \"n_beads\": 24, \"num_episodes_loaded\": 520, \"num_heldout_windows\": 188, \"num_train_windows\": 768, \"num_windows\": 956, \"paper_x_shape\": [956, 405], \"phase2_5_selected_config\": \"breakaway_force_2p6_disp_0p045_pull_0p36\", \"phase2_5_selected_recoverable_condition\": \"hidden_breakaway_pin\", \"primary_branch_pair\": \"free_vs_hidden_breakaway_pin\", \"primary_hidden_condition\": \"hidden_breakaway_pin\", \"raw_num_windows_before_complete_condition_filter\": 2877, \"robot_pose_dim\": 39, \"robot_pose_proxy_source_counts\": {\"pybullet_robot_body\": 13471}, \"state_action_extra_all_zero\": false, \"state_action_extra_std\": 0.2338666021823883, \"state_action_x_shape\": [956, 447], \"state_dim\": 135, \"tf\": 4, \"th\": 3, \"train_heldout_seed_overlap\": [], \"train_visible_seed_count\": 100, \"train_visible_seeds\": [1000, 1001, 1002, 1003, 1004, 1005, 1006, 1007, 1008, 1009, 1010, 1011, 1012, 1013, 1014, 1015, 1016, 1017, 1018, 1019, 1020, 1021, 1022, 1023, 1024, 1025, 1026, 1027, 1028, 1029, 1030, 1031, 1032, 1033, 1034, 1035, 1036, 1037, 1038, 1039, 1040, 1041, 1042, 1043, 1044, 1045, 1046, 1047, 1048, 1049, 1050, 1051, 1052, 1053, 1054, 1055, 1056, 1057, 1058, 1059, 1060, 1061, 1062, 1063, 1064, 1065, 1066, 1067, 1068, 1069, 1070, 1071, 1072, 1073, 1074, 1075, 1076, 1077, 1078, 1079, 1080, 1081, 1082, 1083, 1084, 1085, 1086, 1087, 1088, 1089, 1090, 1091, 1092, 1093, 1094, 1095, 1096, 1097, 1098, 1099], \"windows_per_condition\": {\"free\": 239, \"hidden_breakaway_pin\": 239, \"hidden_high_friction\": 239, \"hidden_pin\": 239}, \"y_action_shape\": [956, 14]}"
    ],
    "n_beads": [
      "24"
    ],
    "paper_x": [
      "0.6833013",
      "0.45117375",
      "0.69494087",
      "0.45916364",
      "0.6943897"
    ],
    "robot_pose_dim": [
      "39"
    ],
    "robot_pose_proxy_source": [
      "pybullet_robot_body",
      "pybullet_robot_body",
      "pybullet_robot_body",
      "pybullet_robot_body",
      "pybullet_robot_body"
    ],
    "source_file": [
      "000000-9.pkl",
      "000000-3.pkl",
      "000000-5.pkl",
      "000000-4.pkl",
      "000000-9.pkl"
    ],
    "split_name": [
      "train",
      "train",
      "train",
      "train",
      "train"
    ],
    "state_action_x": [
      "0.6833013",
      "0.45117375",
      "0.69494087",
      "0.45916364",
      "0.6943897"
    ],
    "state_dim": [
      "135"
    ],
    "success": [
      "1",
      "0",
      "1",
      "1",
      "1"
    ],
    "tf": [
      "4"
    ],
    "th": [
      "3"
    ],
    "visible_seed": [
      "1000",
      "1000",
      "1000",
      "1000",
      "1000"
    ],
    "window_t": [
      "0",
      "0",
      "0",
      "0",
      "1"
    ],
    "y_action": [
      "0.66875",
      "0.40625",
      "0.03550928",
      "0.0",
      "0.0"
    ],
    "y_final_state": [
      "0.6188594",
      "0.18970697",
      "0.60672563",
      "0.18237871",
      "0.5929038"
    ],
    "y_state": [
      "0.6020681",
      "0.23566061",
      "0.5942435",
      "0.22384235",
      "0.58630484"
    ]
  },
  "shape_table": {
    "action_dim": [],
    "action_template_json_or_pickle_path": [],
    "condition_id": [
      956
    ],
    "condition_name": [
      956
    ],
    "episode_action_len": [
      956
    ],
    "final_fraction": [
      956
    ],
    "meta_json": [],
    "n_beads": [],
    "paper_x": [
      956,
      405
    ],
    "robot_pose_dim": [],
    "robot_pose_proxy_source": [
      956
    ],
    "source_file": [
      956
    ],
    "split_name": [
      956
    ],
    "state_action_x": [
      956,
      447
    ],
    "state_dim": [],
    "success": [
      956
    ],
    "tf": [],
    "th": [],
    "visible_seed": [
      956
    ],
    "window_t": [
      956
    ],
    "y_action": [
      956,
      14
    ],
    "y_final_state": [
      956,
      135
    ],
    "y_state": [
      956,
      4,
      135
    ]
  },
  "source_key": "source_file",
  "verdict": "PASS",
  "visible_seed_key": "visible_seed",
  "window_t_key": "window_t"
}
/data/state_diff2/external/deformable-ravens/ravens/tasks/defs_cloth.py:53: UserWarning: pkg_resources is deprecated as an API. See https://setuptools.pypa.io/en/latest/pkg_resources.html. The pkg_resources package is slated for removal as early as 2025-11-30. Refrain from using this package or pin to Setuptools<81.
  import pkg_resources
{
  "action_template": {
    "class": "ExecutableActionCodec",
    "dim": 14,
    "exists": true,
    "num_camera_config_paths": 0,
    "num_paths": 14
  },
  "checks": {
    "action_template_dim_14": true,
    "action_template_exists": true,
    "action_template_no_camera_config": true,
    "can_low_conf_prefix": true,
    "forbidden_modules_not_loaded": true,
    "has_any_prefix_source": true,
    "has_condition_key": true,
    "has_high_conf_source_key": true,
    "has_visible_seed_key": true,
    "has_window_t_key": true,
    "has_y_action": true,
    "import_numpy": true,
    "import_pybullet": true,
    "import_ravens_environment": true,
    "import_ravens_tasks": true,
    "import_torch": true,
    "phase35_exists": true,
    "phase35_root_cause_recorded": true,
    "phase35_verdict_fail_expected": true,
    "running_in_coord_bimanual": true,
    "schema_audit_exists": true,
    "schema_audit_not_fail": true,
    "script_import_hazard_free": true,
    "task_has_hidden_breakaway_pin": true,
    "task_has_required_conditions": true,
    "task_instantiates": true,
    "task_registered": true,
    "windows_conditions_match": true,
    "windows_diagnostic_match": true,
    "windows_loadable": true,
    "windows_primary_match": true,
    "y_action_dim_14": true
  },
  "conda_env": "coord_bimanual",
  "git": {
    "branch": "Experiment1",
    "head": "6a5232205349211716d84a96ba2f5ef428960069",
    "origin_experiment1": "6a5232205349211716d84a96ba2f5ef428960069",
    "status": "?? reports/phase3_6_matched_replay_preflight_report.md\n?? reports/phase3_6_matched_replay_preflight_summary.json\n?? reports/phase3_6_matched_replay_start_audit.md\n?? reports/phase3_6_window_schema_audit_report.md\n?? reports/phase3_6_window_schema_audit_summary.json\n?? scripts/phase3_6_analyze_matched_replay.py\n?? scripts/phase3_6_matched_action_replay_diag.py\n?? scripts/phase3_6_matched_replay_preflight.py\n?? scripts/phase3_6_run_matched_replay.sh\n?? scripts/phase3_6_window_schema_audit.py\n",
    "submodule": "388a3f5582c8fdffaecb06448f285d693a45b83c external/deformable-ravens (heads/ccda-cable)"
  },
  "imports": {
    "numpy": {
      "error": null,
      "ok": true,
      "version": "1.23.3"
    },
    "pybullet": {
      "error": null,
      "ok": true,
      "version": "unknown"
    },
    "ravens.environment": {
      "error": null,
      "ok": true,
      "version": "unknown"
    },
    "ravens.tasks": {
      "error": null,
      "ok": true,
      "version": "unknown"
    },
    "torch": {
      "error": null,
      "ok": true,
      "version": "1.12.1.post200"
    }
  },
  "issues": [],
  "python": "/miniforge3/envs/coord_bimanual/bin/python",
  "schema_summary": {
    "condition_key": "condition_name",
    "source_key": "source_file",
    "visible_seed_key": "visible_seed",
    "window_t_key": "window_t"
  },
  "verdict": "PASS",
  "windows_meta": {
    "action_codec": {
      "class": "ExecutableActionCodec",
      "dim": 14,
      "num_camera_config_paths": 0,
      "num_param_paths": 14,
      "num_paths": 14,
      "paths": [
        "params/pose0/0/0",
        "params/pose0/0/1",
        "params/pose0/0/2",
        "params/pose0/1/0",
        "params/pose0/1/1",
        "params/pose0/1/2",
        "params/pose0/1/3",
        "params/pose1/0/0",
        "params/pose1/0/1",
        "params/pose1/0/2",
        "params/pose1/1/0",
        "params/pose1/1/1",
        "params/pose1/1/2",
        "params/pose1/1/3"
      ]
    },
    "action_codec_summary": {
      "class": "ExecutableActionCodec",
      "dim": 14,
      "num_camera_config_paths": 0,
      "num_param_paths": 14,
      "num_paths": 14,
      "paths": [
        "params/pose0/0/0",
        "params/pose0/0/1",
        "params/pose0/0/2",
        "params/pose0/1/0",
        "params/pose0/1/1",
        "params/pose0/1/2",
        "params/pose0/1/3",
        "params/pose1/0/0",
        "params/pose1/0/1",
        "params/pose1/0/2",
        "params/pose1/1/0",
        "params/pose1/1/1",
        "params/pose1/1/2",
        "params/pose1/1/3"
      ]
    },
    "action_dim": 14,
    "action_template_json_or_pickle_path": "/data/state_diff2/data/phase3_state_diff_windows/phase3_action_template.pkl",
    "action_template_path": "/data/state_diff2/data/phase3_state_diff_windows/phase3_action_template.pkl",
    "canonicalization_rule": "group by split_name, visible_seed, window_t; copy free input to paired hidden branches; targets remain condition-specific",
    "canonicalization_summary_path": "/data/state_diff2/reports/phase3_canonicalization_summary.json",
    "canonicalized_paired_input_windows": 717,
    "ccda_breakaway_bead_ratio": "0.45",
    "ccda_breakaway_disp": "0.045",
    "ccda_breakaway_force": "2.6",
    "ccda_oracle_breakaway_pull_dist": "0.36",
    "complete_condition_filter": "keep only split/visible_seed/window_t groups containing: free, hidden_pin, hidden_high_friction, hidden_breakaway_pin",
    "conditions": [
      "free",
      "hidden_pin",
      "hidden_high_friction",
      "hidden_breakaway_pin"
    ],
    "diagnostic_branch_pair": "free_vs_hidden_pin",
    "diagnostic_hidden_condition": "hidden_pin",
    "dropped_windows_incomplete_condition_groups": 1921,
    "episode_action_len_max": 20,
    "episode_action_len_mean": 7.076359832635983,
    "episode_action_len_min": 1,
    "feature_schema": {
      "forbidden_not_in_x": [
        "hidden_condition",
        "hidden_contact_meta",
        "recoverability_params",
        "recoverability_class_candidate",
        "breakaway_released",
        "breakaway_release_step",
        "breakaway_step",
        "breakaway_threshold",
        "breakaway_max_disp_seen",
        "condition_id",
        "condition_name",
        "condition_label",
        "condition_id_onehot",
        "success",
        "final_fraction",
        "ccda_pair_group",
        "pair_group",
        "source_file",
        "visible_seed",
        "ccda_visible_seed"
      ],
      "paper_x": [
        "bead_xy_history",
        "bead_velocity_history",
        "robot_pose_proxy_history"
      ],
      "state_action_x": [
        "paper_x",
        "past_action_history_excluding_current_action"
      ],
      "y_action": [
        "current_executable_pick_place_action"
      ],
      "y_state": [
        "future_state_trajectory"
      ]
    },
    "forbidden_metadata_not_in_x": [
      "hidden_condition",
      "hidden_contact_meta",
      "recoverability_params",
      "recoverability_class_candidate",
      "breakaway_released",
      "breakaway_release_step",
      "breakaway_step",
      "breakaway_threshold",
      "breakaway_max_disp_seen",
      "condition_id",
      "condition_name",
      "condition_label",
      "condition_id_onehot",
      "success",
      "final_fraction",
      "ccda_pair_group",
      "pair_group",
      "source_file",
      "visible_seed",
      "ccda_visible_seed"
    ],
    "heldout_visible_seed_count": 30,
    "heldout_visible_seeds": [
      100000,
      100001,
      100002,
      100003,
      100004,
      100005,
      100006,
      100007,
      100008,
      100009,
      100010,
      100011,
      100012,
      100013,
      100014,
      100015,
      100016,
      100017,
      100018,
      100019,
      100020,
      100021,
      100022,
      100023,
      100024,
      100025,
      100026,
      100027,
      100028,
      100029
    ],
    "max_windows_per_episode": 0,
    "n_beads": 24,
    "num_episodes_loaded": 520,
    "num_heldout_windows": 188,
    "num_train_windows": 768,
    "num_windows": 956,
    "paper_x_shape": [
      956,
      405
    ],
    "phase2_5_selected_config": "breakaway_force_2p6_disp_0p045_pull_0p36",
    "phase2_5_selected_recoverable_condition": "hidden_breakaway_pin",
    "primary_branch_pair": "free_vs_hidden_breakaway_pin",
    "primary_hidden_condition": "hidden_breakaway_pin",
    "raw_num_windows_before_complete_condition_filter": 2877,
    "robot_pose_dim": 39,
    "robot_pose_proxy_source_counts": {
      "pybullet_robot_body": 13471
    },
    "state_action_extra_all_zero": false,
    "state_action_extra_std": 0.2338666021823883,
    "state_action_x_shape": [
      956,
      447
    ],
    "state_dim": 135,
    "tf": 4,
    "th": 3,
    "train_heldout_seed_overlap": [],
    "train_visible_seed_count": 100,
    "train_visible_seeds": [
      1000,
      1001,
      1002,
      1003,
      1004,
      1005,
      1006,
      1007,
      1008,
      1009,
      1010,
      1011,
      1012,
      1013,
      1014,
      1015,
      1016,
      1017,
      1018,
      1019,
      1020,
      1021,
      1022,
      1023,
      1024,
      1025,
      1026,
      1027,
      1028,
      1029,
      1030,
      1031,
      1032,
      1033,
      1034,
      1035,
      1036,
      1037,
      1038,
      1039,
      1040,
      1041,
      1042,
      1043,
      1044,
      1045,
      1046,
      1047,
      1048,
      1049,
      1050,
      1051,
      1052,
      1053,
      1054,
      1055,
      1056,
      1057,
      1058,
      1059,
      1060,
      1061,
      1062,
      1063,
      1064,
      1065,
      1066,
      1067,
      1068,
      1069,
      1070,
      1071,
      1072,
      1073,
      1074,
      1075,
      1076,
      1077,
      1078,
      1079,
      1080,
      1081,
      1082,
      1083,
      1084,
      1085,
      1086,
      1087,
      1088,
      1089,
      1090,
      1091,
      1092,
      1093,
      1094,
      1095,
      1096,
      1097,
      1098,
      1099
    ],
    "windows_per_condition": {
      "free": 239,
      "hidden_breakaway_pin": 239,
      "hidden_high_friction": 239,
      "hidden_pin": 239
    },
    "y_action_shape": [
      956,
      14
    ]
  }
}
/data/state_diff2/scripts/phase3_policy_rollout.py:104: UserWarning: pkg_resources is deprecated as an API. See https://setuptools.pypa.io/en/latest/pkg_resources.html. The pkg_resources package is slated for removal as early as 2025-11-30. Refrain from using this package or pin to Setuptools<81.
  import pkg_resources
Warning: movej exceeded 15.0 sec timeout. Skipping.
Warning: movej exceeded 15.0 sec timeout. Skipping.
Warning: movej exceeded 15.0 sec timeout. Skipping.
Warning: movej exceeded 15.0 sec timeout. Skipping.
Warning: movej exceeded 15.0 sec timeout. Skipping.
{
  "allow_low_conf_prefix": false,
  "max_prefix_actions": 20,
  "motion_timeouts": [
    15.0
  ],
  "num_rows": 24,
  "out_csv": "reports/phase3_6_matched_action_replay_trials.csv",
  "samples_per_condition": 3,
  "scope": "phase3_6_matched_state_replay_no_phase4_no_cps",
  "selected_windows": [
    {
      "condition": "free",
      "idx": 0,
      "source_value": "000000-9.pkl",
      "visible_seed": "1000",
      "window_t": 0
    },
    {
      "condition": "free",
      "idx": 4,
      "source_value": "000000-9.pkl",
      "visible_seed": "1000",
      "window_t": 1
    },
    {
      "condition": "free",
      "idx": 8,
      "source_value": "000000-9.pkl",
      "visible_seed": "1000",
      "window_t": 2
    },
    {
      "condition": "hidden_pin",
      "idx": 1,
      "source_value": "000000-3.pkl",
      "visible_seed": "1000",
      "window_t": 0
    },
    {
      "condition": "hidden_pin",
      "idx": 5,
      "source_value": "000000-3.pkl",
      "visible_seed": "1000",
      "window_t": 1
    },
    {
      "condition": "hidden_pin",
      "idx": 9,
      "source_value": "000000-3.pkl",
      "visible_seed": "1000",
      "window_t": 2
    },
    {
      "condition": "hidden_high_friction",
      "idx": 2,
      "source_value": "000000-5.pkl",
      "visible_seed": "1000",
      "window_t": 0
    },
    {
      "condition": "hidden_high_friction",
      "idx": 6,
      "source_value": "000000-5.pkl",
      "visible_seed": "1000",
      "window_t": 1
    },
    {
      "condition": "hidden_high_friction",
      "idx": 10,
      "source_value": "000000-5.pkl",
      "visible_seed": "1000",
      "window_t": 2
    },
    {
      "condition": "hidden_breakaway_pin",
      "idx": 3,
      "source_value": "000000-4.pkl",
      "visible_seed": "1000",
      "window_t": 0
    },
    {
      "condition": "hidden_breakaway_pin",
      "idx": 7,
      "source_value": "000000-4.pkl",
      "visible_seed": "1000",
      "window_t": 1
    },
    {
      "condition": "hidden_breakaway_pin",
      "idx": 11,
      "source_value": "000000-4.pkl",
      "visible_seed": "1000",
      "window_t": 2
    }
  ]
}
{
  "gt_failure_count": 0,
  "gt_mean_delta_final_fraction": 0.20416666666666666,
  "gt_success_count": 2,
  "high_conf_raw_prefix_available": true,
  "issues": [
    {
      "detail": "Matched GT y_action shows progress; Phase3.5 unmatched replay failure should not be interpreted as codec failure.",
      "level": "WARN",
      "name": "phase35_gt_failure_may_be_unmatched_reset_artifact"
    }
  ],
  "low_conf_prefix_used": false,
  "mean_prefix_state_mae": 0.0552976528997533,
  "num_rows": 24,
  "oracle_failure_count": 0,
  "oracle_mean_delta_final_fraction": 0.11742424242424243,
  "oracle_success_count": 1,
  "prefix_sources": [
    "raw_action_file_high_confidence"
  ],
  "recommendation": "Review WARNs; Phase3.6 may have downgraded Phase3.5 codec conclusion.",
  "root_cause": "phase35_unmatched_replay_artifact_possible",
  "state_match": true,
  "table": [
    {
      "condition": "free",
      "failure_count": 0,
      "mean_delta_final_fraction": 0.3055555555555555,
      "mean_final_fraction_after": 0.3055555555555555,
      "mean_prefix_state_l2_error": 1.3176620428760846,
      "mean_prefix_state_mae": 0.06514038502549131,
      "prefix_done_or_success_rate": 0.0,
      "prefix_failure_rate": 0.0,
      "prefix_source": "raw_action_file_high_confidence",
      "rows": 3,
      "success_count": 0,
      "success_rate": 0.0,
      "test_type": "matched_gt_y_action",
      "timeout": "15.0",
      "valid_action_rate": 1.0
    },
    {
      "condition": "hidden_breakaway_pin",
      "failure_count": 0,
      "mean_delta_final_fraction": 0.20833333333333334,
      "mean_final_fraction_after": 0.20833333333333334,
      "mean_prefix_state_l2_error": 1.317752535144488,
      "mean_prefix_state_mae": 0.06515298248268664,
      "prefix_done_or_success_rate": 0.0,
      "prefix_failure_rate": 0.0,
      "prefix_source": "raw_action_file_high_confidence",
      "rows": 3,
      "success_count": 0,
      "success_rate": 0.0,
      "test_type": "matched_gt_y_action",
      "timeout": "15.0",
      "valid_action_rate": 1.0
    },
    {
      "condition": "hidden_high_friction",
      "failure_count": 0,
      "mean_delta_final_fraction": 0.5,
      "mean_final_fraction_after": 0.5,
      "mean_prefix_state_l2_error": 0.8021307612458864,
      "mean_prefix_state_mae": 0.03317283404370149,
      "prefix_done_or_success_rate": 0.6666666666666666,
      "prefix_failure_rate": 0.0,
      "prefix_source": "raw_action_file_high_confidence",
      "rows": 3,
      "success_count": 2,
      "success_rate": 0.6666666666666666,
      "test_type": "matched_gt_y_action",
      "timeout": "15.0",
      "valid_action_rate": 1.0
    },
    {
      "condition": "hidden_pin",
      "failure_count": 0,
      "mean_delta_final_fraction": 0.0,
      "mean_final_fraction_after": 0.0,
      "mean_prefix_state_l2_error": 1.3021266063054402,
      "mean_prefix_state_mae": 0.059609158585468926,
      "prefix_done_or_success_rate": 0.6666666666666666,
      "prefix_failure_rate": 0.0,
      "prefix_source": "raw_action_file_high_confidence",
      "rows": 3,
      "success_count": 0,
      "success_rate": 0.0,
      "test_type": "matched_gt_y_action",
      "timeout": "15.0",
      "valid_action_rate": 1.0
    },
    {
      "condition": "free",
      "failure_count": 0,
      "mean_delta_final_fraction": 0.2222222222222222,
      "mean_final_fraction_after": 0.2222222222222222,
      "mean_prefix_state_l2_error": 1.3176837638020515,
      "mean_prefix_state_mae": 0.06514534548235436,
      "prefix_done_or_success_rate": 0.0,
      "prefix_failure_rate": 0.0,
      "prefix_source": "raw_action_file_high_confidence",
      "rows": 3,
      "success_count": 0,
      "success_rate": 0.0,
      "test_type": "same_state_oracle",
      "timeout": "15.0",
      "valid_action_rate": 0.6666666666666666
    },
    {
      "condition": "hidden_breakaway_pin",
      "failure_count": 0,
      "mean_delta_final_fraction": 0.23611111111111108,
      "mean_final_fraction_after": 0.23611111111111108,
      "mean_prefix_state_l2_error": 1.3176030293107033,
      "mean_prefix_state_mae": 0.06513906246982515,
      "prefix_done_or_success_rate": 0.0,
      "prefix_failure_rate": 0.0,
      "prefix_source": "raw_action_file_high_confidence",
      "rows": 3,
      "success_count": 0,
      "success_rate": 0.0,
      "test_type": "same_state_oracle",
      "timeout": "15.0",
      "valid_action_rate": 0.6666666666666666
    },
    {
      "condition": "hidden_high_friction",
      "failure_count": 0,
      "mean_delta_final_fraction": -0.04166666666666663,
      "mean_final_fraction_after": 0.4166666666666667,
      "mean_prefix_state_l2_error": 0.6099616289138794,
      "mean_prefix_state_mae": 0.02838261363406976,
      "prefix_done_or_success_rate": 0.3333333333333333,
      "prefix_failure_rate": 0.0,
      "prefix_source": "raw_action_file_high_confidence",
      "rows": 3,
      "success_count": 1,
      "success_rate": 0.3333333333333333,
      "test_type": "same_state_oracle",
      "timeout": "15.0",
      "valid_action_rate": 0.3333333333333333
    },
    {
      "condition": "hidden_pin",
      "failure_count": 0,
      "mean_delta_final_fraction": 0.0,
      "mean_final_fraction_after": 0.0,
      "mean_prefix_state_l2_error": 1.3167546639839809,
      "mean_prefix_state_mae": 0.06063884147442877,
      "prefix_done_or_success_rate": 0.6666666666666666,
      "prefix_failure_rate": 0.0,
      "prefix_source": "raw_action_file_high_confidence",
      "rows": 3,
      "success_count": 0,
      "success_rate": 0.0,
      "test_type": "same_state_oracle",
      "timeout": "15.0",
      "valid_action_rate": 0.0
    }
  ],
  "verdict": "WARN"
}
[Phase3.6] done
