[Phase3.8c] root=/data/state_diff2
[Phase3.8c] python=/miniforge3/envs/coord_bimanual/bin/python
[Phase3.8c] conda_env=coord_bimanual
[Phase3.8c] head=e7bcdc0e15512509cee47699ed9435f9e07ebc7e
/data/state_diff2/external/deformable-ravens/ravens/tasks/defs_cloth.py:53: UserWarning: pkg_resources is deprecated as an API. See https://setuptools.pypa.io/en/latest/pkg_resources.html. The pkg_resources package is slated for removal as early as 2025-11-30. Refrain from using this package or pin to Setuptools<81.
  import pkg_resources
{
  "checks": {
    "exists_phase3_8b_narrow_pose1_repair_probe.py": true,
    "exists_phase3_8c_analyze_pose0_confirmation.py": true,
    "exists_phase3_8c_run_pose0_confirmation.sh": true,
    "forbidden_modules_not_loaded": true,
    "has_all_confirmation_conditions": true,
    "has_condition_name": true,
    "has_paper_x": true,
    "has_source_file": true,
    "has_state_action_x": true,
    "has_visible_seed": true,
    "has_window_t": true,
    "has_y_action": true,
    "import_numpy": true,
    "import_phase3_8_idm_geometry_repair_probe": true,
    "import_phase3_8b_analyze_narrow_pose1_repair": true,
    "import_phase3_8b_narrow_pose1_repair_probe": true,
    "import_pybullet": true,
    "import_ravens_environment": true,
    "import_ravens_tasks": true,
    "import_torch": true,
    "phase36_raw_prefix_available": true,
    "phase36_state_match": true,
    "phase36_summary_exists": true,
    "phase37_root_geometry_blocker": true,
    "phase37_summary_exists": true,
    "phase38_sensitivity_exists": true,
    "phase38_sensitivity_pass": true,
    "phase38b_early_stop_expected": true,
    "phase38b_pose0_supported": true,
    "phase38b_summary_exists": true,
    "phase38b_warn_expected": true,
    "running_in_coord_bimanual": true,
    "script_import_and_input_hazard_free": true,
    "task_has_hidden_breakaway_pin": true,
    "task_has_required_conditions": true,
    "task_instantiates": true,
    "task_registered": true,
    "windows_conditions_match": true,
    "windows_diagnostic_match": true,
    "windows_loadable": true,
    "windows_primary_match": true,
    "y_action_dim_14": true
  },
  "conda_env": "coord_bimanual",
  "git": {
    "branch": "Experiment1",
    "head": "e7bcdc0e15512509cee47699ed9435f9e07ebc7e",
    "origin_experiment1": "e7bcdc0e15512509cee47699ed9435f9e07ebc7e",
    "status": "?? reports/phase3_8c_pose0_confirmation_preflight_report.md\n?? reports/phase3_8c_pose0_confirmation_preflight_summary.json\n?? \"reports/phase3_8c_pose0_confirmation_run.log\\r\"\n?? reports/phase3_8c_pose0_confirmation_start_audit.md\n?? scripts/phase3_8c_analyze_pose0_confirmation.py\n?? scripts/phase3_8c_pose0_confirmation_preflight.py\n?? scripts/phase3_8c_run_pose0_confirmation.sh\n",
    "submodule": "388a3f5582c8fdffaecb06448f285d693a45b83c external/deformable-ravens (heads/ccda-cable)"
  },
  "issues": [],
  "phase38b_summary": {
    "gt_reference_delta": 0.875,
    "idm_original_delta": 0.0,
    "pose0_xy_delta": 0.6666666666666666,
    "pose1_xy_delta": 0.0,
    "progress": {
      "already_completed_on_resume": 0,
      "completed": 4,
      "failed": 0,
      "finished_at": "2026-07-06T18:52:41+0800",
      "last_row": {
        "baseline": "state_action",
        "condition": "free",
        "exec_delta_final_fraction": 0.6666666666666666,
        "exec_failure_reason": "",
        "repair_variant": "idm_gt_pose0_xy",
        "source_action": "idm_gt_future",
        "status": "ok"
      },
      "ok": 4,
      "out_csv": "reports/phase3_8b_narrow_pose1_repair_trials.csv",
      "scope": "phase3_8b_narrow_pose1_repair_no_phase4_no_cps",
      "started_at": "2026-07-06T18:51:53+0800",
      "status": "stopped_after_first_effective",
      "timeout": 0,
      "total_specs": 18
    },
    "root_cause": "pose0_pick_xy_geometry_blocker_supported",
    "verdict": "WARN"
  },
  "python": "/miniforge3/envs/coord_bimanual/bin/python",
  "shapes": {
    "action_dim": [],
    "action_template_json_or_pickle_path": [],
    "condition_id": [
      956
    ],
    "condition_name": [
      956
    ],
    "episode_action_len": [
      956
    ],
    "final_fraction": [
      956
    ],
    "meta_json": [],
    "n_beads": [],
    "paper_x": [
      956,
      405
    ],
    "robot_pose_dim": [],
    "robot_pose_proxy_source": [
      956
    ],
    "source_file": [
      956
    ],
    "split_name": [
      956
    ],
    "state_action_x": [
      956,
      447
    ],
    "state_dim": [],
    "success": [
      956
    ],
    "tf": [],
    "th": [],
    "visible_seed": [
      956
    ],
    "window_t": [
      956
    ],
    "y_action": [
      956,
      14
    ],
    "y_final_state": [
      956,
      135
    ],
    "y_state": [
      956,
      4,
      135
    ]
  },
  "verdict": "PASS",
  "windows_meta": {
    "action_codec": {
      "class": "ExecutableActionCodec",
      "dim": 14,
      "num_camera_config_paths": 0,
      "num_param_paths": 14,
      "num_paths": 14,
      "paths": [
        "params/pose0/0/0",
        "params/pose0/0/1",
        "params/pose0/0/2",
        "params/pose0/1/0",
        "params/pose0/1/1",
        "params/pose0/1/2",
        "params/pose0/1/3",
        "params/pose1/0/0",
        "params/pose1/0/1",
        "params/pose1/0/2",
        "params/pose1/1/0",
        "params/pose1/1/1",
        "params/pose1/1/2",
        "params/pose1/1/3"
      ]
    },
    "action_codec_summary": {
      "class": "ExecutableActionCodec",
      "dim": 14,
      "num_camera_config_paths": 0,
      "num_param_paths": 14,
      "num_paths": 14,
      "paths": [
        "params/pose0/0/0",
        "params/pose0/0/1",
        "params/pose0/0/2",
        "params/pose0/1/0",
        "params/pose0/1/1",
        "params/pose0/1/2",
        "params/pose0/1/3",
        "params/pose1/0/0",
        "params/pose1/0/1",
        "params/pose1/0/2",
        "params/pose1/1/0",
        "params/pose1/1/1",
        "params/pose1/1/2",
        "params/pose1/1/3"
      ]
    },
    "action_dim": 14,
    "action_template_json_or_pickle_path": "/data/state_diff2/data/phase3_state_diff_windows/phase3_action_template.pkl",
    "action_template_path": "/data/state_diff2/data/phase3_state_diff_windows/phase3_action_template.pkl",
    "canonicalization_rule": "group by split_name, visible_seed, window_t; copy free input to paired hidden branches; targets remain condition-specific",
    "canonicalization_summary_path": "/data/state_diff2/reports/phase3_canonicalization_summary.json",
    "canonicalized_paired_input_windows": 717,
    "ccda_breakaway_bead_ratio": "0.45",
    "ccda_breakaway_disp": "0.045",
    "ccda_breakaway_force": "2.6",
    "ccda_oracle_breakaway_pull_dist": "0.36",
    "complete_condition_filter": "keep only split/visible_seed/window_t groups containing: free, hidden_pin, hidden_high_friction, hidden_breakaway_pin",
    "conditions": [
      "free",
      "hidden_pin",
      "hidden_high_friction",
      "hidden_breakaway_pin"
    ],
    "diagnostic_branch_pair": "free_vs_hidden_pin",
    "diagnostic_hidden_condition": "hidden_pin",
    "dropped_windows_incomplete_condition_groups": 1921,
    "episode_action_len_max": 20,
    "episode_action_len_mean": 7.076359832635983,
    "episode_action_len_min": 1,
    "feature_schema": {
      "forbidden_not_in_x": [
        "hidden_condition",
        "hidden_contact_meta",
        "recoverability_params",
        "recoverability_class_candidate",
        "breakaway_released",
        "breakaway_release_step",
        "breakaway_step",
        "breakaway_threshold",
        "breakaway_max_disp_seen",
        "condition_id",
        "condition_name",
        "condition_label",
        "condition_id_onehot",
        "success",
        "final_fraction",
        "ccda_pair_group",
        "pair_group",
        "source_file",
        "visible_seed",
        "ccda_visible_seed"
      ],
      "paper_x": [
        "bead_xy_history",
        "bead_velocity_history",
        "robot_pose_proxy_history"
      ],
      "state_action_x": [
        "paper_x",
        "past_action_history_excluding_current_action"
      ],
      "y_action": [
        "current_executable_pick_place_action"
      ],
      "y_state": [
        "future_state_trajectory"
      ]
    },
    "forbidden_metadata_not_in_x": [
      "hidden_condition",
      "hidden_contact_meta",
      "recoverability_params",
      "recoverability_class_candidate",
      "breakaway_released",
      "breakaway_release_step",
      "breakaway_step",
      "breakaway_threshold",
      "breakaway_max_disp_seen",
      "condition_id",
      "condition_name",
      "condition_label",
      "condition_id_onehot",
      "success",
      "final_fraction",
      "ccda_pair_group",
      "pair_group",
      "source_file",
      "visible_seed",
      "ccda_visible_seed"
    ],
    "heldout_visible_seed_count": 30,
    "heldout_visible_seeds": [
      100000,
      100001,
      100002,
      100003,
      100004,
      100005,
      100006,
      100007,
      100008,
      100009,
      100010,
      100011,
      100012,
      100013,
      100014,
      100015,
      100016,
      100017,
      100018,
      100019,
      100020,
      100021,
      100022,
      100023,
      100024,
      100025,
      100026,
      100027,
      100028,
      100029
    ],
    "max_windows_per_episode": 0,
    "n_beads": 24,
    "num_episodes_loaded": 520,
    "num_heldout_windows": 188,
    "num_train_windows": 768,
    "num_windows": 956,
    "paper_x_shape": [
      956,
      405
    ],
    "phase2_5_selected_config": "breakaway_force_2p6_disp_0p045_pull_0p36",
    "phase2_5_selected_recoverable_condition": "hidden_breakaway_pin",
    "primary_branch_pair": "free_vs_hidden_breakaway_pin",
    "primary_hidden_condition": "hidden_breakaway_pin",
    "raw_num_windows_before_complete_condition_filter": 2877,
    "robot_pose_dim": 39,
    "robot_pose_proxy_source_counts": {
      "pybullet_robot_body": 13471
    },
    "state_action_extra_all_zero": false,
    "state_action_extra_std": 0.2338666021823883,
    "state_action_x_shape": [
      956,
      447
    ],
    "state_dim": 135,
    "tf": 4,
    "th": 3,
    "train_heldout_seed_overlap": [],
    "train_visible_seed_count": 100,
    "train_visible_seeds": [
      1000,
      1001,
      1002,
      1003,
      1004,
      1005,
      1006,
      1007,
      1008,
      1009,
      1010,
      1011,
      1012,
      1013,
      1014,
      1015,
      1016,
      1017,
      1018,
      1019,
      1020,
      1021,
      1022,
      1023,
      1024,
      1025,
      1026,
      1027,
      1028,
      1029,
      1030,
      1031,
      1032,
      1033,
      1034,
      1035,
      1036,
      1037,
      1038,
      1039,
      1040,
      1041,
      1042,
      1043,
      1044,
      1045,
      1046,
      1047,
      1048,
      1049,
      1050,
      1051,
      1052,
      1053,
      1054,
      1055,
      1056,
      1057,
      1058,
      1059,
      1060,
      1061,
      1062,
      1063,
      1064,
      1065,
      1066,
      1067,
      1068,
      1069,
      1070,
      1071,
      1072,
      1073,
      1074,
      1075,
      1076,
      1077,
      1078,
      1079,
      1080,
      1081,
      1082,
      1083,
      1084,
      1085,
      1086,
      1087,
      1088,
      1089,
      1090,
      1091,
      1092,
      1093,
      1094,
      1095,
      1096,
      1097,
      1098,
      1099
    ],
    "windows_per_condition": {
      "free": 239,
      "hidden_breakaway_pin": 239,
      "hidden_high_friction": 239,
      "hidden_pin": 239
    },
    "y_action_shape": [
      956,
      14
    ]
  }
}
{
  "failed": 0,
  "important_note": "This is a narrowed diagnostic. GT-blended variants are diagnostic upper bounds only, not deployable policy actions.",
  "narrowed_matrix": {
    "baselines": [
      "state_action"
    ],
    "conditions": [
      "free",
      "hidden_breakaway_pin",
      "hidden_high_friction"
    ],
    "max_rows": 30,
    "samples_per_condition": 2,
    "sources": [
      "idm_gt_future"
    ],
    "variants": [
      "gt_reference",
      "idm_original",
      "idm_gt_pose0_xy",
      "idm_gt_pose1_xy",
      "idm_gt_pose0_pose1_xy"
    ]
  },
  "num_rows_written": 30,
  "ok": 30,
  "out_csv": "reports/phase3_8c_pose0_confirmation_trials.csv",
  "progress_json": "reports/phase3_8c_pose0_confirmation_progress.json",
  "scope": "phase3_8b_narrow_pose1_repair_no_phase4_no_cps",
  "status": "completed",
  "timeout": 0,
  "worker_dir": "reports/phase3_8c_workers"
}
{
  "both_xy_supported_conditions": [
    "free",
    "hidden_breakaway_pin",
    "hidden_high_friction"
  ],
  "completed_fraction": 1.0,
  "condition_table": [
    {
      "both_xy_effective": true,
      "condition": "free",
      "gt_reference_delta": 0.4375,
      "gt_reference_success": 0.0,
      "idm_original_delta": 0.0,
      "idm_original_success": 0.0,
      "pose0_effective": true,
      "pose0_pose1_xy_delta": 0.4583333333333333,
      "pose0_pose1_xy_success": 0.0,
      "pose0_xy_delta": 0.3333333333333333,
      "pose0_xy_pose0_dist": 0.0,
      "pose0_xy_pose1_dist": 0.04729683083118329,
      "pose0_xy_success": 0.0,
      "pose1_effective": false,
      "pose1_xy_delta": 0.0,
      "pose1_xy_pose0_dist": 0.05903867776963223,
      "pose1_xy_pose1_dist": 0.0,
      "pose1_xy_success": 0.0
    },
    {
      "both_xy_effective": true,
      "condition": "hidden_breakaway_pin",
      "gt_reference_delta": 0.3541666666666667,
      "gt_reference_success": 0.0,
      "idm_original_delta": 0.0,
      "idm_original_success": 0.0,
      "pose0_effective": false,
      "pose0_pose1_xy_delta": 0.2708333333333333,
      "pose0_pose1_xy_success": 0.0,
      "pose0_xy_delta": 0.020833333333333332,
      "pose0_xy_pose0_dist": 0.0,
      "pose0_xy_pose1_dist": 0.058719387294197144,
      "pose0_xy_success": 0.0,
      "pose1_effective": true,
      "pose1_xy_delta": 0.3541666666666667,
      "pose1_xy_pose0_dist": 0.05143384376850292,
      "pose1_xy_pose1_dist": 0.0,
      "pose1_xy_success": 0.0
    },
    {
      "both_xy_effective": true,
      "condition": "hidden_high_friction",
      "gt_reference_delta": 0.75,
      "gt_reference_success": 0.5,
      "idm_original_delta": 0.08333333333333333,
      "idm_original_success": 0.5,
      "pose0_effective": false,
      "pose0_pose1_xy_delta": 0.875,
      "pose0_pose1_xy_success": 0.5,
      "pose0_xy_delta": 0.0,
      "pose0_xy_pose0_dist": 0.0,
      "pose0_xy_pose1_dist": 0.04899482678496475,
      "pose0_xy_success": 0.5,
      "pose1_effective": true,
      "pose1_xy_delta": 0.22916666666666666,
      "pose1_xy_pose0_dist": 0.03919596735476642,
      "pose1_xy_pose1_dist": 0.0,
      "pose1_xy_success": 0.0
    }
  ],
  "important_note": "This is a confirmation diagnostic. GT-blended variants are diagnostic upper bounds only, not deployable policy actions.",
  "issues": [
    {
      "detail": "['free', 'hidden_breakaway_pin', 'hidden_high_friction']",
      "level": "WARN",
      "name": "coupled_xy_repair_supported"
    }
  ],
  "num_failed_rows": 0,
  "num_ok_rows": 30,
  "num_rows": 30,
  "num_timeout_rows": 0,
  "pose0_supported_conditions": [
    "free"
  ],
  "pose1_supported_conditions": [
    "hidden_breakaway_pin",
    "hidden_high_friction"
  ],
  "progress": {
    "already_completed_on_resume": 0,
    "completed": 30,
    "failed": 0,
    "finished_at": "2026-07-06T19:19:00+0800",
    "last_row": {
      "baseline": "state_action",
      "condition": "hidden_high_friction",
      "exec_delta_final_fraction": NaN,
      "exec_failure_reason": "",
      "repair_variant": "idm_gt_pose0_pose1_xy",
      "source_action": "idm_gt_future",
      "status": "ok"
    },
    "ok": 30,
    "out_csv": "reports/phase3_8c_pose0_confirmation_trials.csv",
    "scope": "phase3_8b_narrow_pose1_repair_no_phase4_no_cps",
    "started_at": "2026-07-06T19:12:54+0800",
    "status": "completed",
    "timeout": 0,
    "total_specs": 30
  },
  "raw_summary": {
    "failed": 0,
    "important_note": "This is a narrowed diagnostic. GT-blended variants are diagnostic upper bounds only, not deployable policy actions.",
    "narrowed_matrix": {
      "baselines": [
        "state_action"
      ],
      "conditions": [
        "free",
        "hidden_breakaway_pin",
        "hidden_high_friction"
      ],
      "max_rows": 30,
      "samples_per_condition": 2,
      "sources": [
        "idm_gt_future"
      ],
      "variants": [
        "gt_reference",
        "idm_original",
        "idm_gt_pose0_xy",
        "idm_gt_pose1_xy",
        "idm_gt_pose0_pose1_xy"
      ]
    },
    "num_rows_written": 30,
    "ok": 30,
    "out_csv": "reports/phase3_8c_pose0_confirmation_trials.csv",
    "progress_json": "reports/phase3_8c_pose0_confirmation_progress.json",
    "scope": "phase3_8b_narrow_pose1_repair_no_phase4_no_cps",
    "status": "completed",
    "timeout": 0,
    "worker_dir": "reports/phase3_8c_workers"
  },
  "recommendation": "Do not enter Phase4/CPS. Proceed to Phase3.9 IDM geometry-aware loss or pose0/pick weighted action repair.",
  "root_cause": "coupled_pick_place_xy_geometry_blocker_supported",
  "table": [
    {
      "baseline": "state_action",
      "condition": "free",
      "exec_failure_count": 0,
      "failed_rows": 0,
      "mean_action_mae_to_gt": 0.0,
      "mean_delta_final_fraction": 0.4375,
      "mean_final_fraction_after": 0.4375,
      "mean_pose0_xy_dist_to_gt": 0.0,
      "mean_pose1_xy_dist_to_gt": 0.0,
      "mean_prefix_mae": 0.04740335827227682,
      "mean_pull_angle_deg_to_gt": 6.037091348628667e-07,
      "ok_rows": 2,
      "repair_variant": "gt_reference",
      "rows": 2,
      "source_action": "idm_gt_future",
      "success_rate": 0.0,
      "timeout_rows": 0
    },
    {
      "baseline": "state_action",
      "condition": "hidden_breakaway_pin",
      "exec_failure_count": 0,
      "failed_rows": 0,
      "mean_action_mae_to_gt": 0.0,
      "mean_delta_final_fraction": 0.3541666666666667,
      "mean_final_fraction_after": 0.3541666666666667,
      "mean_pose0_xy_dist_to_gt": 0.0,
      "mean_pose1_xy_dist_to_gt": 0.0,
      "mean_prefix_mae": 0.04739119438454509,
      "mean_pull_angle_deg_to_gt": 6.037091348628667e-07,
      "ok_rows": 2,
      "repair_variant": "gt_reference",
      "rows": 2,
      "source_action": "idm_gt_future",
      "success_rate": 0.0,
      "timeout_rows": 0
    },
    {
      "baseline": "state_action",
      "condition": "hidden_high_friction",
      "exec_failure_count": 0,
      "failed_rows": 0,
      "mean_action_mae_to_gt": 0.0,
      "mean_delta_final_fraction": 0.75,
      "mean_final_fraction_after": 0.75,
      "mean_pose0_xy_dist_to_gt": 0.0,
      "mean_pose1_xy_dist_to_gt": 0.0,
      "mean_prefix_mae": 0.022188836243003607,
      "mean_pull_angle_deg_to_gt": 0.0,
      "ok_rows": 2,
      "repair_variant": "gt_reference",
      "rows": 2,
      "source_action": "idm_gt_future",
      "success_rate": 0.5,
      "timeout_rows": 0
    },
    {
      "baseline": "state_action",
      "condition": "free",
      "exec_failure_count": 0,
      "failed_rows": 0,
      "mean_action_mae_to_gt": 0.0008422237224294804,
      "mean_delta_final_fraction": 0.4583333333333333,
      "mean_final_fraction_after": 0.4583333333333333,
      "mean_pose0_xy_dist_to_gt": 0.0,
      "mean_pose1_xy_dist_to_gt": 0.0,
      "mean_prefix_mae": 0.04735803313087672,
      "mean_pull_angle_deg_to_gt": 6.037091348628667e-07,
      "ok_rows": 2,
      "repair_variant": "idm_gt_pose0_pose1_xy",
      "rows": 2,
      "source_action": "idm_gt_future",
      "success_rate": 0.0,
      "timeout_rows": 0
    },
    {
      "baseline": "state_action",
      "condition": "hidden_breakaway_pin",
      "exec_failure_count": 0,
      "failed_rows": 0,
      "mean_action_mae_to_gt": 0.0009015122050186619,
      "mean_delta_final_fraction": 0.2708333333333333,
      "mean_final_fraction_after": 0.2708333333333333,
      "mean_pose0_xy_dist_to_gt": 0.0,
      "mean_pose1_xy_dist_to_gt": 0.0,
      "mean_prefix_mae": 0.04738194134552032,
      "mean_pull_angle_deg_to_gt": 6.037091348628667e-07,
      "ok_rows": 2,
      "repair_variant": "idm_gt_pose0_pose1_xy",
      "rows": 2,
      "source_action": "idm_gt_future",
      "success_rate": 0.0,
      "timeout_rows": 0
    },
    {
      "baseline": "state_action",
      "condition": "hidden_high_friction",
      "exec_failure_count": 0,
      "failed_rows": 0,
      "mean_action_mae_to_gt": 0.0008341862267116085,
      "mean_delta_final_fraction": 0.875,
      "mean_final_fraction_after": 0.875,
      "mean_pose0_xy_dist_to_gt": 0.0,
      "mean_pose1_xy_dist_to_gt": 0.0,
      "mean_prefix_mae": 0.022492907708510756,
      "mean_pull_angle_deg_to_gt": 0.0,
      "ok_rows": 2,
      "repair_variant": "idm_gt_pose0_pose1_xy",
      "rows": 2,
      "source_action": "idm_gt_future",
      "success_rate": 0.5,
      "timeout_rows": 0
    },
    {
      "baseline": "state_action",
      "condition": "free",
      "exec_failure_count": 0,
      "failed_rows": 0,
      "mean_action_mae_to_gt": 0.004910746123641729,
      "mean_delta_final_fraction": 0.3333333333333333,
      "mean_final_fraction_after": 0.3333333333333333,
      "mean_pose0_xy_dist_to_gt": 0.0,
      "mean_pose1_xy_dist_to_gt": 0.04729683083118329,
      "mean_prefix_mae": 0.047351345769129694,
      "mean_pull_angle_deg_to_gt": 5.127211125847715,
      "ok_rows": 2,
      "repair_variant": "idm_gt_pose0_xy",
      "rows": 2,
      "source_action": "idm_gt_future",
      "success_rate": 0.0,
      "timeout_rows": 0
    },
    {
      "baseline": "state_action",
      "condition": "hidden_breakaway_pin",
      "exec_failure_count": 0,
      "failed_rows": 0,
      "mean_action_mae_to_gt": 0.005803663516417146,
      "mean_delta_final_fraction": 0.020833333333333332,
      "mean_final_fraction_after": 0.020833333333333332,
      "mean_pose0_xy_dist_to_gt": 0.0,
      "mean_pose1_xy_dist_to_gt": 0.058719387294197144,
      "mean_prefix_mae": 0.04738589224871248,
      "mean_pull_angle_deg_to_gt": 8.89186101872476,
      "ok_rows": 2,
      "repair_variant": "idm_gt_pose0_xy",
      "rows": 2,
      "source_action": "idm_gt_future",
      "success_rate": 0.0,
      "timeout_rows": 0
    },
    {
      "baseline": "state_action",
      "condition": "hidden_high_friction",
      "exec_failure_count": 0,
      "failed_rows": 0,
      "mean_action_mae_to_gt": 0.00489832554012537,
      "mean_delta_final_fraction": 0.0,
      "mean_final_fraction_after": 0.0,
      "mean_pose0_xy_dist_to_gt": 0.0,
      "mean_pose1_xy_dist_to_gt": 0.04899482678496475,
      "mean_prefix_mae": 0.022810026537626982,
      "mean_pull_angle_deg_to_gt": 8.193523290427747,
      "ok_rows": 2,
      "repair_variant": "idm_gt_pose0_xy",
      "rows": 2,
      "source_action": "idm_gt_future",
      "success_rate": 0.5,
      "timeout_rows": 0
    },
    {
      "baseline": "state_action",
      "condition": "free",
      "exec_failure_count": 0,
      "failed_rows": 0,
      "mean_action_mae_to_gt": 0.006482754833996296,
      "mean_delta_final_fraction": 0.0,
      "mean_final_fraction_after": 0.0,
      "mean_pose0_xy_dist_to_gt": 0.05903867776963223,
      "mean_pose1_xy_dist_to_gt": 0.0,
      "mean_prefix_mae": 0.04740086279343814,
      "mean_pull_angle_deg_to_gt": 17.961362796167453,
      "ok_rows": 2,
      "repair_variant": "idm_gt_pose1_xy",
      "rows": 2,
      "source_action": "idm_gt_future",
      "success_rate": 0.0,
      "timeout_rows": 0
    },
    {
      "baseline": "state_action",
      "condition": "hidden_breakaway_pin",
      "exec_failure_count": 0,
      "failed_rows": 0,
      "mean_action_mae_to_gt": 0.005788091337308288,
      "mean_delta_final_fraction": 0.3541666666666667,
      "mean_final_fraction_after": 0.3541666666666667,
      "mean_pose0_xy_dist_to_gt": 0.05143384376850292,
      "mean_pose1_xy_dist_to_gt": 0.0,
      "mean_prefix_mae": 0.04736764123663306,
      "mean_pull_angle_deg_to_gt": 12.828365508375512,
      "ok_rows": 2,
      "repair_variant": "idm_gt_pose1_xy",
      "rows": 2,
      "source_action": "idm_gt_future",
      "success_rate": 0.0,
      "timeout_rows": 0
    },
    {
      "baseline": "state_action",
      "condition": "hidden_high_friction",
      "exec_failure_count": 0,
      "failed_rows": 0,
      "mean_action_mae_to_gt": 0.004732810542918742,
      "mean_delta_final_fraction": 0.22916666666666666,
      "mean_final_fraction_after": 0.7083333333333334,
      "mean_pose0_xy_dist_to_gt": 0.03919596735476642,
      "mean_pose1_xy_dist_to_gt": 0.0,
      "mean_prefix_mae": 0.022034353110939264,
      "mean_pull_angle_deg_to_gt": 13.85395301899279,
      "ok_rows": 2,
      "repair_variant": "idm_gt_pose1_xy",
      "rows": 2,
      "source_action": "idm_gt_future",
      "success_rate": 0.0,
      "timeout_rows": 0
    },
    {
      "baseline": "state_action",
      "condition": "free",
      "exec_failure_count": 0,
      "failed_rows": 0,
      "mean_action_mae_to_gt": 0.010551276849582791,
      "mean_delta_final_fraction": 0.0,
      "mean_final_fraction_after": 0.0,
      "mean_pose0_xy_dist_to_gt": 0.05903867776963223,
      "mean_pose1_xy_dist_to_gt": 0.04729683083118329,
      "mean_prefix_mae": 0.047403230564668775,
      "mean_pull_angle_deg_to_gt": 15.179273479760264,
      "ok_rows": 2,
      "repair_variant": "idm_original",
      "rows": 2,
      "source_action": "idm_gt_future",
      "success_rate": 0.0,
      "timeout_rows": 0
    },
    {
      "baseline": "state_action",
      "condition": "hidden_breakaway_pin",
      "exec_failure_count": 0,
      "failed_rows": 0,
      "mean_action_mae_to_gt": 0.010690242983400822,
      "mean_delta_final_fraction": 0.0,
      "mean_final_fraction_after": 0.0,
      "mean_pose0_xy_dist_to_gt": 0.05143384376850292,
      "mean_pose1_xy_dist_to_gt": 0.058719387294197144,
      "mean_prefix_mae": 0.04738178930711001,
      "mean_pull_angle_deg_to_gt": 13.731026661383606,
      "ok_rows": 2,
      "repair_variant": "idm_original",
      "rows": 2,
      "source_action": "idm_gt_future",
      "success_rate": 0.0,
      "timeout_rows": 0
    },
    {
      "baseline": "state_action",
      "condition": "hidden_high_friction",
      "exec_failure_count": 0,
      "failed_rows": 0,
      "mean_action_mae_to_gt": 0.008796949172392488,
      "mean_delta_final_fraction": 0.08333333333333333,
      "mean_final_fraction_after": 0.08333333333333333,
      "mean_pose0_xy_dist_to_gt": 0.03919596735476642,
      "mean_pose1_xy_dist_to_gt": 0.04899482678496475,
      "mean_prefix_mae": 0.02205964783206582,
      "mean_pull_angle_deg_to_gt": 14.890756199376945,
      "ok_rows": 2,
      "repair_variant": "idm_original",
      "rows": 2,
      "source_action": "idm_gt_future",
      "success_rate": 0.5,
      "timeout_rows": 0
    }
  ],
  "verdict": "WARN"
}
