[Phase3.7] root=/data/state_diff2
[Phase3.7] python=/miniforge3/envs/coord_bimanual/bin/python
[Phase3.7] conda_env=coord_bimanual
[Phase3.7] head=45aea45571ed2c2392d60ffc45c0c0fe2f7b71fe
/data/state_diff2/external/deformable-ravens/ravens/tasks/defs_cloth.py:53: UserWarning: pkg_resources is deprecated as an API. See https://setuptools.pypa.io/en/latest/pkg_resources.html. The pkg_resources package is slated for removal as early as 2025-11-30. Refrain from using this package or pin to Setuptools<81.
  import pkg_resources
{
  "action_template": {
    "class": "ExecutableActionCodec",
    "dim": 14,
    "exists": true,
    "num_camera_config_paths": 0,
    "path": "/data/state_diff2/data/phase3_state_diff_windows/phase3_action_template.pkl",
    "summary": {
      "class": "ExecutableActionCodec",
      "dim": 14,
      "num_camera_config_paths": 0,
      "num_param_paths": 14,
      "num_paths": 14,
      "paths": [
        "params/pose0/0/0",
        "params/pose0/0/1",
        "params/pose0/0/2",
        "params/pose0/1/0",
        "params/pose0/1/1",
        "params/pose0/1/2",
        "params/pose0/1/3",
        "params/pose1/0/0",
        "params/pose1/0/1",
        "params/pose1/0/2",
        "params/pose1/1/0",
        "params/pose1/1/1",
        "params/pose1/1/2",
        "params/pose1/1/3"
      ]
    }
  },
  "checkpoint_summary": {
    "paper_state": {
      "exists": true,
      "first_complete": "/data/state_diff2/checkpoints/phase3/paper_state/fold_0_seed_0",
      "num_complete": 6
    },
    "state_action": {
      "exists": true,
      "first_complete": "/data/state_diff2/checkpoints/phase3/state_action/fold_0_seed_0",
      "num_complete": 6
    }
  },
  "checks": {
    "action_template_dim_14": true,
    "action_template_exists": true,
    "action_template_no_camera_config": true,
    "forbidden_modules_not_loaded": true,
    "has_condition_name": true,
    "has_paper_x": true,
    "has_source_file": true,
    "has_state_action_x": true,
    "has_visible_seed": true,
    "has_window_t": true,
    "has_y_action": true,
    "has_y_state_or_y_final": true,
    "import_numpy": true,
    "import_pybullet": true,
    "import_ravens_environment": true,
    "import_ravens_tasks": true,
    "import_torch": true,
    "paper_state_checkpoints_complete": true,
    "phase36_matched_gt_progress": true,
    "phase36_raw_prefix_available": true,
    "phase36_summary_exists": true,
    "phase36_warn_or_pass": true,
    "running_in_coord_bimanual": true,
    "script_import_and_input_hazard_free": true,
    "state_action_checkpoints_complete": true,
    "task_has_hidden_breakaway_pin": true,
    "task_has_required_conditions": true,
    "task_instantiates": true,
    "task_registered": true,
    "windows_conditions_match": true,
    "windows_diagnostic_match": true,
    "windows_loadable": true,
    "windows_primary_match": true,
    "y_action_dim_14": true
  },
  "conda_env": "coord_bimanual",
  "git": {
    "branch": "Experiment1",
    "head": "45aea45571ed2c2392d60ffc45c0c0fe2f7b71fe",
    "origin_experiment1": "45aea45571ed2c2392d60ffc45c0c0fe2f7b71fe",
    "status": "?? reports/phase3_7_learned_action_alignment_preflight_report.md\n?? reports/phase3_7_learned_action_alignment_preflight_summary.json\n?? reports/phase3_7_learned_action_alignment_runtime_config.md\n?? reports/phase3_7_learned_action_alignment_start_audit.md\n?? scripts/phase3_7_analyze_learned_action_alignment.py\n?? scripts/phase3_7_learned_action_alignment_diag.py\n?? scripts/phase3_7_learned_action_alignment_preflight.py\n?? scripts/phase3_7_run_learned_action_alignment.sh\n",
    "submodule": "388a3f5582c8fdffaecb06448f285d693a45b83c external/deformable-ravens (heads/ccda-cable)"
  },
  "imports": {
    "numpy": {
      "error": null,
      "ok": true,
      "version": "1.23.3"
    },
    "pybullet": {
      "error": null,
      "ok": true,
      "version": "unknown"
    },
    "ravens.environment": {
      "error": null,
      "ok": true,
      "version": "unknown"
    },
    "ravens.tasks": {
      "error": null,
      "ok": true,
      "version": "unknown"
    },
    "torch": {
      "error": null,
      "ok": true,
      "version": "1.12.1.post200"
    }
  },
  "issues": [],
  "phase36_summary": {
    "gt_mean_delta_final_fraction": 0.20416666666666666,
    "oracle_mean_delta_final_fraction": 0.11742424242424243,
    "root_cause": "phase35_unmatched_replay_artifact_possible",
    "verdict": "WARN"
  },
  "python": "/miniforge3/envs/coord_bimanual/bin/python",
  "shapes": {
    "action_dim": [],
    "action_template_json_or_pickle_path": [],
    "condition_id": [
      956
    ],
    "condition_name": [
      956
    ],
    "episode_action_len": [
      956
    ],
    "final_fraction": [
      956
    ],
    "meta_json": [],
    "n_beads": [],
    "paper_x": [
      956,
      405
    ],
    "robot_pose_dim": [],
    "robot_pose_proxy_source": [
      956
    ],
    "source_file": [
      956
    ],
    "split_name": [
      956
    ],
    "state_action_x": [
      956,
      447
    ],
    "state_dim": [],
    "success": [
      956
    ],
    "tf": [],
    "th": [],
    "visible_seed": [
      956
    ],
    "window_t": [
      956
    ],
    "y_action": [
      956,
      14
    ],
    "y_final_state": [
      956,
      135
    ],
    "y_state": [
      956,
      4,
      135
    ]
  },
  "verdict": "PASS",
  "windows_meta": {
    "action_codec": {
      "class": "ExecutableActionCodec",
      "dim": 14,
      "num_camera_config_paths": 0,
      "num_param_paths": 14,
      "num_paths": 14,
      "paths": [
        "params/pose0/0/0",
        "params/pose0/0/1",
        "params/pose0/0/2",
        "params/pose0/1/0",
        "params/pose0/1/1",
        "params/pose0/1/2",
        "params/pose0/1/3",
        "params/pose1/0/0",
        "params/pose1/0/1",
        "params/pose1/0/2",
        "params/pose1/1/0",
        "params/pose1/1/1",
        "params/pose1/1/2",
        "params/pose1/1/3"
      ]
    },
    "action_codec_summary": {
      "class": "ExecutableActionCodec",
      "dim": 14,
      "num_camera_config_paths": 0,
      "num_param_paths": 14,
      "num_paths": 14,
      "paths": [
        "params/pose0/0/0",
        "params/pose0/0/1",
        "params/pose0/0/2",
        "params/pose0/1/0",
        "params/pose0/1/1",
        "params/pose0/1/2",
        "params/pose0/1/3",
        "params/pose1/0/0",
        "params/pose1/0/1",
        "params/pose1/0/2",
        "params/pose1/1/0",
        "params/pose1/1/1",
        "params/pose1/1/2",
        "params/pose1/1/3"
      ]
    },
    "action_dim": 14,
    "action_template_json_or_pickle_path": "/data/state_diff2/data/phase3_state_diff_windows/phase3_action_template.pkl",
    "action_template_path": "/data/state_diff2/data/phase3_state_diff_windows/phase3_action_template.pkl",
    "canonicalization_rule": "group by split_name, visible_seed, window_t; copy free input to paired hidden branches; targets remain condition-specific",
    "canonicalization_summary_path": "/data/state_diff2/reports/phase3_canonicalization_summary.json",
    "canonicalized_paired_input_windows": 717,
    "ccda_breakaway_bead_ratio": "0.45",
    "ccda_breakaway_disp": "0.045",
    "ccda_breakaway_force": "2.6",
    "ccda_oracle_breakaway_pull_dist": "0.36",
    "complete_condition_filter": "keep only split/visible_seed/window_t groups containing: free, hidden_pin, hidden_high_friction, hidden_breakaway_pin",
    "conditions": [
      "free",
      "hidden_pin",
      "hidden_high_friction",
      "hidden_breakaway_pin"
    ],
    "diagnostic_branch_pair": "free_vs_hidden_pin",
    "diagnostic_hidden_condition": "hidden_pin",
    "dropped_windows_incomplete_condition_groups": 1921,
    "episode_action_len_max": 20,
    "episode_action_len_mean": 7.076359832635983,
    "episode_action_len_min": 1,
    "feature_schema": {
      "forbidden_not_in_x": [
        "hidden_condition",
        "hidden_contact_meta",
        "recoverability_params",
        "recoverability_class_candidate",
        "breakaway_released",
        "breakaway_release_step",
        "breakaway_step",
        "breakaway_threshold",
        "breakaway_max_disp_seen",
        "condition_id",
        "condition_name",
        "condition_label",
        "condition_id_onehot",
        "success",
        "final_fraction",
        "ccda_pair_group",
        "pair_group",
        "source_file",
        "visible_seed",
        "ccda_visible_seed"
      ],
      "paper_x": [
        "bead_xy_history",
        "bead_velocity_history",
        "robot_pose_proxy_history"
      ],
      "state_action_x": [
        "paper_x",
        "past_action_history_excluding_current_action"
      ],
      "y_action": [
        "current_executable_pick_place_action"
      ],
      "y_state": [
        "future_state_trajectory"
      ]
    },
    "forbidden_metadata_not_in_x": [
      "hidden_condition",
      "hidden_contact_meta",
      "recoverability_params",
      "recoverability_class_candidate",
      "breakaway_released",
      "breakaway_release_step",
      "breakaway_step",
      "breakaway_threshold",
      "breakaway_max_disp_seen",
      "condition_id",
      "condition_name",
      "condition_label",
      "condition_id_onehot",
      "success",
      "final_fraction",
      "ccda_pair_group",
      "pair_group",
      "source_file",
      "visible_seed",
      "ccda_visible_seed"
    ],
    "heldout_visible_seed_count": 30,
    "heldout_visible_seeds": [
      100000,
      100001,
      100002,
      100003,
      100004,
      100005,
      100006,
      100007,
      100008,
      100009,
      100010,
      100011,
      100012,
      100013,
      100014,
      100015,
      100016,
      100017,
      100018,
      100019,
      100020,
      100021,
      100022,
      100023,
      100024,
      100025,
      100026,
      100027,
      100028,
      100029
    ],
    "max_windows_per_episode": 0,
    "n_beads": 24,
    "num_episodes_loaded": 520,
    "num_heldout_windows": 188,
    "num_train_windows": 768,
    "num_windows": 956,
    "paper_x_shape": [
      956,
      405
    ],
    "phase2_5_selected_config": "breakaway_force_2p6_disp_0p045_pull_0p36",
    "phase2_5_selected_recoverable_condition": "hidden_breakaway_pin",
    "primary_branch_pair": "free_vs_hidden_breakaway_pin",
    "primary_hidden_condition": "hidden_breakaway_pin",
    "raw_num_windows_before_complete_condition_filter": 2877,
    "robot_pose_dim": 39,
    "robot_pose_proxy_source_counts": {
      "pybullet_robot_body": 13471
    },
    "state_action_extra_all_zero": false,
    "state_action_extra_std": 0.2338666021823883,
    "state_action_x_shape": [
      956,
      447
    ],
    "state_dim": 135,
    "tf": 4,
    "th": 3,
    "train_heldout_seed_overlap": [],
    "train_visible_seed_count": 100,
    "train_visible_seeds": [
      1000,
      1001,
      1002,
      1003,
      1004,
      1005,
      1006,
      1007,
      1008,
      1009,
      1010,
      1011,
      1012,
      1013,
      1014,
      1015,
      1016,
      1017,
      1018,
      1019,
      1020,
      1021,
      1022,
      1023,
      1024,
      1025,
      1026,
      1027,
      1028,
      1029,
      1030,
      1031,
      1032,
      1033,
      1034,
      1035,
      1036,
      1037,
      1038,
      1039,
      1040,
      1041,
      1042,
      1043,
      1044,
      1045,
      1046,
      1047,
      1048,
      1049,
      1050,
      1051,
      1052,
      1053,
      1054,
      1055,
      1056,
      1057,
      1058,
      1059,
      1060,
      1061,
      1062,
      1063,
      1064,
      1065,
      1066,
      1067,
      1068,
      1069,
      1070,
      1071,
      1072,
      1073,
      1074,
      1075,
      1076,
      1077,
      1078,
      1079,
      1080,
      1081,
      1082,
      1083,
      1084,
      1085,
      1086,
      1087,
      1088,
      1089,
      1090,
      1091,
      1092,
      1093,
      1094,
      1095,
      1096,
      1097,
      1098,
      1099
    ],
    "windows_per_condition": {
      "free": 239,
      "hidden_breakaway_pin": 239,
      "hidden_high_friction": 239,
      "hidden_pin": 239
    },
    "y_action_shape": [
      956,
      14
    ]
  }
}
/data/state_diff2/scripts/phase3_policy_rollout.py:104: UserWarning: pkg_resources is deprecated as an API. See https://setuptools.pypa.io/en/latest/pkg_resources.html. The pkg_resources package is slated for removal as early as 2025-11-30. Refrain from using this package or pin to Setuptools<81.
  import pkg_resources
Warning: movej exceeded 15.0 sec timeout. Skipping.
Warning: movej exceeded 15.0 sec timeout. Skipping.
Warning: movej exceeded 15.0 sec timeout. Skipping.
Warning: movej exceeded 15.0 sec timeout. Skipping.
Warning: movej exceeded 15.0 sec timeout. Skipping.
Warning: movej exceeded 15.0 sec timeout. Skipping.
Warning: movej exceeded 15.0 sec timeout. Skipping.
Warning: movej exceeded 15.0 sec timeout. Skipping.
Warning: movej exceeded 15.0 sec timeout. Skipping.
Warning: movej exceeded 15.0 sec timeout. Skipping.
Warning: movej exceeded 15.0 sec timeout. Skipping.
Warning: movej exceeded 15.0 sec timeout. Skipping.
Warning: movej exceeded 15.0 sec timeout. Skipping.
Warning: movej exceeded 15.0 sec timeout. Skipping.
Warning: movej exceeded 15.0 sec timeout. Skipping.
Warning: movej exceeded 15.0 sec timeout. Skipping.
Warning: movej exceeded 15.0 sec timeout. Skipping.
Warning: movej exceeded 15.0 sec timeout. Skipping.
{
  "baselines": [
    "paper_state",
    "state_action"
  ],
  "checkpoint_info": {
    "paper_state": "/data/state_diff2/checkpoints/phase3/paper_state/fold_0_seed_0",
    "state_action": "/data/state_diff2/checkpoints/phase3/state_action/fold_0_seed_0"
  },
  "execute_actions": true,
  "max_prefix_actions": 20,
  "motion_timeout": 15.0,
  "num_rows": 96,
  "out_csv": "reports/phase3_7_learned_action_alignment_trials.csv",
  "pred_samples": 16,
  "scope": "phase3_7_learned_action_alignment_no_phase4_no_cps",
  "selected_windows": [
    {
      "condition": "free",
      "idx": 0,
      "source_file": "000000-9.pkl",
      "visible_seed": "1000",
      "window_t": 0
    },
    {
      "condition": "free",
      "idx": 4,
      "source_file": "000000-9.pkl",
      "visible_seed": "1000",
      "window_t": 1
    },
    {
      "condition": "free",
      "idx": 8,
      "source_file": "000000-9.pkl",
      "visible_seed": "1000",
      "window_t": 2
    },
    {
      "condition": "hidden_pin",
      "idx": 1,
      "source_file": "000000-3.pkl",
      "visible_seed": "1000",
      "window_t": 0
    },
    {
      "condition": "hidden_pin",
      "idx": 5,
      "source_file": "000000-3.pkl",
      "visible_seed": "1000",
      "window_t": 1
    },
    {
      "condition": "hidden_pin",
      "idx": 9,
      "source_file": "000000-3.pkl",
      "visible_seed": "1000",
      "window_t": 2
    },
    {
      "condition": "hidden_high_friction",
      "idx": 2,
      "source_file": "000000-5.pkl",
      "visible_seed": "1000",
      "window_t": 0
    },
    {
      "condition": "hidden_high_friction",
      "idx": 6,
      "source_file": "000000-5.pkl",
      "visible_seed": "1000",
      "window_t": 1
    },
    {
      "condition": "hidden_high_friction",
      "idx": 10,
      "source_file": "000000-5.pkl",
      "visible_seed": "1000",
      "window_t": 2
    },
    {
      "condition": "hidden_breakaway_pin",
      "idx": 3,
      "source_file": "000000-4.pkl",
      "visible_seed": "1000",
      "window_t": 0
    },
    {
      "condition": "hidden_breakaway_pin",
      "idx": 7,
      "source_file": "000000-4.pkl",
      "visible_seed": "1000",
      "window_t": 1
    },
    {
      "condition": "hidden_breakaway_pin",
      "idx": 11,
      "source_file": "000000-4.pkl",
      "visible_seed": "1000",
      "window_t": 2
    }
  ]
}
{
  "gt_exec_mean_delta_final_fraction": 0.20833333333333337,
  "idm_gt_exec_mean_delta_final_fraction": 1.4456028966473393e-18,
  "idm_gt_mean_action_mae_to_gt": 0.012991073657758534,
  "idm_gt_mean_pose1_xy_dist_to_gt": 0.07834774946125579,
  "idm_pred_exec_mean_delta_final_fraction": 0.005681818181818183,
  "idm_pred_mean_action_mae_to_gt": 0.028539080056361854,
  "idm_pred_mean_pose1_xy_dist_to_gt": 0.20669863983504355,
  "issues": [
    {
      "detail": "IDM(pred future) worse than IDM(GT future): gt_mae=0.012991, pred_mae=0.028539, gt_pose1=0.078348, pred_pose1=0.206699",
      "level": "WARN",
      "name": "future_prediction_degrades_idm_action"
    },
    {
      "detail": "GT action progresses but IDM(GT future) does not: gt_delta=0.208333, idm_gt_delta=0.000000",
      "level": "FAIL",
      "name": "idm_gt_future_executes_poorly_despite_gt_progress"
    }
  ],
  "mean_future_error_mae": 0.06957633560523391,
  "num_rows": 96,
  "oracle_exec_mean_delta_final_fraction": 0.12500000000000003,
  "recommendation": "Do not enter Phase4/CPS. Fix the blocking alignment issue first.",
  "root_cause": "idm_action_execution_geometry_blocker",
  "table": [
    {
      "action_source": "gt_y_action",
      "baseline": "paper_state",
      "condition": "free",
      "exec_attempted_rate": 1.0,
      "exec_failure_count": 0,
      "exec_success_rate": 0.0,
      "mean_action_cosine_to_gt": 1.0000000000000002,
      "mean_action_l2_to_gt": 0.0,
      "mean_action_mae_to_gt": 0.0,
      "mean_action_ood": NaN,
      "mean_clip_fraction": 0.0,
      "mean_exec_delta_final_fraction": 0.2916666666666667,
      "mean_exec_prefix_state_mae": 0.0651575419275711,
      "mean_future_error_l2": 2.6399972438812256,
      "mean_future_error_mae": 0.05486022308468819,
      "mean_pose0_xy_dist_to_gt": 0.0,
      "mean_pose1_xy_dist_to_gt": 0.0,
      "mean_pull_angle_deg_to_gt": 4.0247275657524445e-07,
      "mean_pull_len_ratio_to_gt": 1.0,
      "rows": 3
    },
    {
      "action_source": "gt_y_action",
      "baseline": "paper_state",
      "condition": "hidden_breakaway_pin",
      "exec_attempted_rate": 1.0,
      "exec_failure_count": 0,
      "exec_success_rate": 0.0,
      "mean_action_cosine_to_gt": 1.0,
      "mean_action_l2_to_gt": 0.0,
      "mean_action_mae_to_gt": 0.0,
      "mean_action_ood": NaN,
      "mean_clip_fraction": 0.0,
      "mean_exec_delta_final_fraction": 0.16666666666666666,
      "mean_exec_prefix_state_mae": 0.06515664630569518,
      "mean_future_error_l2": 2.525946299235026,
      "mean_future_error_mae": 0.05095968643824259,
      "mean_pose0_xy_dist_to_gt": 0.0,
      "mean_pose1_xy_dist_to_gt": 0.0,
      "mean_pull_angle_deg_to_gt": 6.870639719924424e-07,
      "mean_pull_len_ratio_to_gt": 1.0,
      "rows": 3
    },
    {
      "action_source": "gt_y_action",
      "baseline": "paper_state",
      "condition": "hidden_high_friction",
      "exec_attempted_rate": 1.0,
      "exec_failure_count": 0,
      "exec_success_rate": 0.6666666666666666,
      "mean_action_cosine_to_gt": 1.0,
      "mean_action_l2_to_gt": 0.0,
      "mean_action_mae_to_gt": 0.0,
      "mean_action_ood": NaN,
      "mean_clip_fraction": 0.0,
      "mean_exec_delta_final_fraction": 0.9166666666666666,
      "mean_exec_prefix_state_mae": 0.03305466139378647,
      "mean_future_error_l2": 2.599398374557495,
      "mean_future_error_mae": 0.053167980164289474,
      "mean_pose0_xy_dist_to_gt": 0.0,
      "mean_pose1_xy_dist_to_gt": 0.0,
      "mean_pull_angle_deg_to_gt": 0.0,
      "mean_pull_len_ratio_to_gt": 1.0,
      "rows": 3
    },
    {
      "action_source": "gt_y_action",
      "baseline": "paper_state",
      "condition": "hidden_pin",
      "exec_attempted_rate": 1.0,
      "exec_failure_count": 0,
      "exec_success_rate": 0.0,
      "mean_action_cosine_to_gt": 1.0,
      "mean_action_l2_to_gt": 0.0,
      "mean_action_mae_to_gt": 0.0,
      "mean_action_ood": NaN,
      "mean_clip_fraction": 0.0,
      "mean_exec_delta_final_fraction": 0.0,
      "mean_exec_prefix_state_mae": 0.05968737796259423,
      "mean_future_error_l2": 5.165957768758138,
      "mean_future_error_mae": 0.11970528711875279,
      "mean_pose0_xy_dist_to_gt": 0.0,
      "mean_pose1_xy_dist_to_gt": 0.0,
      "mean_pull_angle_deg_to_gt": 0.0,
      "mean_pull_len_ratio_to_gt": 1.0,
      "rows": 3
    },
    {
      "action_source": "idm_gt_future",
      "baseline": "paper_state",
      "condition": "free",
      "exec_attempted_rate": 1.0,
      "exec_failure_count": 0,
      "exec_success_rate": 0.0,
      "mean_action_cosine_to_gt": 0.9952823483239994,
      "mean_action_l2_to_gt": 0.1326675203939279,
      "mean_action_mae_to_gt": 0.01575681349883477,
      "mean_action_ood": 0.7539358337720236,
      "mean_clip_fraction": 0.0,
      "mean_exec_delta_final_fraction": 0.0,
      "mean_exec_prefix_state_mae": 0.06517552235163748,
      "mean_future_error_l2": 2.6399972438812256,
      "mean_future_error_mae": 0.05486022308468819,
      "mean_pose0_xy_dist_to_gt": 0.11935638020549715,
      "mean_pose1_xy_dist_to_gt": 0.043409718428056486,
      "mean_pull_angle_deg_to_gt": 23.37435692574138,
      "mean_pull_len_ratio_to_gt": 4.272636153907746,
      "rows": 3
    },
    {
      "action_source": "idm_gt_future",
      "baseline": "paper_state",
      "condition": "hidden_breakaway_pin",
      "exec_attempted_rate": 1.0,
      "exec_failure_count": 0,
      "exec_success_rate": 0.0,
      "mean_action_cosine_to_gt": 0.9971447291448944,
      "mean_action_l2_to_gt": 0.11279846852024396,
      "mean_action_mae_to_gt": 0.013182169757783413,
      "mean_action_ood": 0.6962549289067587,
      "mean_clip_fraction": 0.0,
      "mean_exec_delta_final_fraction": 0.0,
      "mean_exec_prefix_state_mae": 0.06513799455327292,
      "mean_future_error_l2": 2.525946299235026,
      "mean_future_error_mae": 0.05095968643824259,
      "mean_pose0_xy_dist_to_gt": 0.041847672193400125,
      "mean_pose1_xy_dist_to_gt": 0.09845475916535484,
      "mean_pull_angle_deg_to_gt": 18.973852656381705,
      "mean_pull_len_ratio_to_gt": 3.7395621102125047,
      "rows": 3
    },
    {
      "action_source": "idm_gt_future",
      "baseline": "paper_state",
      "condition": "hidden_high_friction",
      "exec_attempted_rate": 1.0,
      "exec_failure_count": 0,
      "exec_success_rate": 0.0,
      "mean_action_cosine_to_gt": 0.9980086870710047,
      "mean_action_l2_to_gt": 0.09296177700161934,
      "mean_action_mae_to_gt": 0.011369904813667139,
      "mean_action_ood": 0.654514729976654,
      "mean_clip_fraction": 0.0,
      "mean_exec_delta_final_fraction": 0.0,
      "mean_exec_prefix_state_mae": 0.018931010272353888,
      "mean_future_error_l2": 2.599398374557495,
      "mean_future_error_mae": 0.053167980164289474,
      "mean_pose0_xy_dist_to_gt": 0.03309376206275448,
      "mean_pose1_xy_dist_to_gt": 0.08221109563335566,
      "mean_pull_angle_deg_to_gt": 21.002621231750656,
      "mean_pull_len_ratio_to_gt": 2.521797600375551,
      "rows": 3
    },
    {
      "action_source": "idm_gt_future",
      "baseline": "paper_state",
      "condition": "hidden_pin",
      "exec_attempted_rate": 1.0,
      "exec_failure_count": 0,
      "exec_success_rate": 0.0,
      "mean_action_cosine_to_gt": 0.9974108778459391,
      "mean_action_l2_to_gt": 0.09820215652386348,
      "mean_action_mae_to_gt": 0.011655406560748816,
      "mean_action_ood": 0.772844115893046,
      "mean_clip_fraction": 0.0,
      "mean_exec_delta_final_fraction": 0.0,
      "mean_exec_prefix_state_mae": 0.060868475663786135,
      "mean_future_error_l2": 5.165957768758138,
      "mean_future_error_mae": 0.11970528711875279,
      "mean_pose0_xy_dist_to_gt": 0.03032375485115588,
      "mean_pose1_xy_dist_to_gt": 0.08931542461825619,
      "mean_pull_angle_deg_to_gt": 3.9314659876616447,
      "mean_pull_len_ratio_to_gt": 1.1338357211296994,
      "rows": 3
    },
    {
      "action_source": "idm_pred_future",
      "baseline": "paper_state",
      "condition": "free",
      "exec_attempted_rate": 1.0,
      "exec_failure_count": 0,
      "exec_success_rate": 0.0,
      "mean_action_cosine_to_gt": 0.9853138777445878,
      "mean_action_l2_to_gt": 0.2788998434940974,
      "mean_action_mae_to_gt": 0.03223624577124914,
      "mean_action_ood": 0.7189133564631144,
      "mean_clip_fraction": 0.0,
      "mean_exec_delta_final_fraction": 0.0,
      "mean_exec_prefix_state_mae": 0.06513666338287294,
      "mean_future_error_l2": 2.6399972438812256,
      "mean_future_error_mae": 0.05486022308468819,
      "mean_pose0_xy_dist_to_gt": 0.09442104468424778,
      "mean_pose1_xy_dist_to_gt": 0.25044066065764936,
      "mean_pull_angle_deg_to_gt": 34.70206393889113,
      "mean_pull_len_ratio_to_gt": 6.136195132484784,
      "rows": 3
    },
    {
      "action_source": "idm_pred_future",
      "baseline": "paper_state",
      "condition": "hidden_breakaway_pin",
      "exec_attempted_rate": 1.0,
      "exec_failure_count": 0,
      "exec_success_rate": 0.0,
      "mean_action_cosine_to_gt": 0.9905439402551134,
      "mean_action_l2_to_gt": 0.23173874616622925,
      "mean_action_mae_to_gt": 0.02698524482548237,
      "mean_action_ood": 0.6798769334952036,
      "mean_clip_fraction": 0.0,
      "mean_exec_delta_final_fraction": 0.0,
      "mean_exec_prefix_state_mae": 0.06514771243867774,
      "mean_future_error_l2": 2.525946299235026,
      "mean_future_error_mae": 0.05095968643824259,
      "mean_pose0_xy_dist_to_gt": 0.07483025114473901,
      "mean_pose1_xy_dist_to_gt": 0.21765096784004778,
      "mean_pull_angle_deg_to_gt": 37.39700454892746,
      "mean_pull_len_ratio_to_gt": 4.2421522809945955,
      "rows": 3
    },
    {
      "action_source": "idm_pred_future",
      "baseline": "paper_state",
      "condition": "hidden_high_friction",
      "exec_attempted_rate": 1.0,
      "exec_failure_count": 0,
      "exec_success_rate": 0.3333333333333333,
      "mean_action_cosine_to_gt": 0.9930254514707654,
      "mean_action_l2_to_gt": 0.1823128933707873,
      "mean_action_mae_to_gt": 0.020892175224920113,
      "mean_action_ood": 0.6675047179063162,
      "mean_clip_fraction": 0.0,
      "mean_exec_delta_final_fraction": -0.020833333333333343,
      "mean_exec_prefix_state_mae": 0.02363223520418008,
      "mean_future_error_l2": 2.599398374557495,
      "mean_future_error_mae": 0.053167980164289474,
      "mean_pose0_xy_dist_to_gt": 0.0425630525948204,
      "mean_pose1_xy_dist_to_gt": 0.17366765914791618,
      "mean_pull_angle_deg_to_gt": 27.212937222759056,
      "mean_pull_len_ratio_to_gt": 2.8947622607739554,
      "rows": 3
    },
    {
      "action_source": "idm_pred_future",
      "baseline": "paper_state",
      "condition": "hidden_pin",
      "exec_attempted_rate": 1.0,
      "exec_failure_count": 0,
      "exec_success_rate": 0.0,
      "mean_action_cosine_to_gt": 0.9784498132959306,
      "mean_action_l2_to_gt": 0.3415015637874603,
      "mean_action_mae_to_gt": 0.0407811434318622,
      "mean_action_ood": 0.7726588050524393,
      "mean_clip_fraction": 0.0,
      "mean_exec_delta_final_fraction": 0.0,
      "mean_exec_prefix_state_mae": 0.06050984437266985,
      "mean_future_error_l2": 5.165957768758138,
      "mean_future_error_mae": 0.11970528711875279,
      "mean_pose0_xy_dist_to_gt": 0.2401558591021066,
      "mean_pose1_xy_dist_to_gt": 0.22414676766846955,
      "mean_pull_angle_deg_to_gt": 15.097821717315165,
      "mean_pull_len_ratio_to_gt": 0.6399573262462764,
      "rows": 3
    },
    {
      "action_source": "same_state_oracle",
      "baseline": "paper_state",
      "condition": "free",
      "exec_attempted_rate": 1.0,
      "exec_failure_count": 0,
      "exec_success_rate": 0.0,
      "mean_action_cosine_to_gt": NaN,
      "mean_action_l2_to_gt": NaN,
      "mean_action_mae_to_gt": NaN,
      "mean_action_ood": NaN,
      "mean_clip_fraction": NaN,
      "mean_exec_delta_final_fraction": 0.22222222222222224,
      "mean_exec_prefix_state_mae": 0.06513694091700017,
      "mean_future_error_l2": 2.6399972438812256,
      "mean_future_error_mae": 0.05486022308468819,
      "mean_pose0_xy_dist_to_gt": 0.32797324373676884,
      "mean_pose1_xy_dist_to_gt": 0.16443496054254883,
      "mean_pull_angle_deg_to_gt": 45.20207116906185,
      "mean_pull_len_ratio_to_gt": 13.379286907541822,
      "rows": 3
    },
    {
      "action_source": "same_state_oracle",
      "baseline": "paper_state",
      "condition": "hidden_breakaway_pin",
      "exec_attempted_rate": 1.0,
      "exec_failure_count": 0,
      "exec_success_rate": 0.0,
      "mean_action_cosine_to_gt": NaN,
      "mean_action_l2_to_gt": NaN,
      "mean_action_mae_to_gt": NaN,
      "mean_action_ood": NaN,
      "mean_clip_fraction": NaN,
      "mean_exec_delta_final_fraction": 0.23611111111111108,
      "mean_exec_prefix_state_mae": 0.06515406545562048,
      "mean_future_error_l2": 2.525946299235026,
      "mean_future_error_mae": 0.05095968643824259,
      "mean_pose0_xy_dist_to_gt": 0.2090628142573221,
      "mean_pose1_xy_dist_to_gt": 0.28549846220759456,
      "mean_pull_angle_deg_to_gt": 54.85217906007718,
      "mean_pull_len_ratio_to_gt": 11.990912574665717,
      "rows": 3
    },
    {
      "action_source": "same_state_oracle",
      "baseline": "paper_state",
      "condition": "hidden_high_friction",
      "exec_attempted_rate": 1.0,
      "exec_failure_count": 0,
      "exec_success_rate": 0.6666666666666666,
      "mean_action_cosine_to_gt": NaN,
      "mean_action_l2_to_gt": NaN,
      "mean_action_mae_to_gt": NaN,
      "mean_action_ood": NaN,
      "mean_clip_fraction": NaN,
      "mean_exec_delta_final_fraction": 0.0,
      "mean_exec_prefix_state_mae": 0.03363208984956145,
      "mean_future_error_l2": 2.599398374557495,
      "mean_future_error_mae": 0.053167980164289474,
      "mean_pose0_xy_dist_to_gt": NaN,
      "mean_pose1_xy_dist_to_gt": NaN,
      "mean_pull_angle_deg_to_gt": NaN,
      "mean_pull_len_ratio_to_gt": NaN,
      "rows": 3
    },
    {
      "action_source": "same_state_oracle",
      "baseline": "paper_state",
      "condition": "hidden_pin",
      "exec_attempted_rate": 1.0,
      "exec_failure_count": 0,
      "exec_success_rate": 0.0,
      "mean_action_cosine_to_gt": NaN,
      "mean_action_l2_to_gt": NaN,
      "mean_action_mae_to_gt": NaN,
      "mean_action_ood": NaN,
      "mean_clip_fraction": NaN,
      "mean_exec_delta_final_fraction": 0.0,
      "mean_exec_prefix_state_mae": 0.05743972514756024,
      "mean_future_error_l2": 5.165957768758138,
      "mean_future_error_mae": 0.11970528711875279,
      "mean_pose0_xy_dist_to_gt": NaN,
      "mean_pose1_xy_dist_to_gt": NaN,
      "mean_pull_angle_deg_to_gt": NaN,
      "mean_pull_len_ratio_to_gt": NaN,
      "rows": 3
    },
    {
      "action_source": "gt_y_action",
      "baseline": "state_action",
      "condition": "free",
      "exec_attempted_rate": 1.0,
      "exec_failure_count": 0,
      "exec_success_rate": 0.0,
      "mean_action_cosine_to_gt": 1.0000000000000002,
      "mean_action_l2_to_gt": 0.0,
      "mean_action_mae_to_gt": 0.0,
      "mean_action_ood": NaN,
      "mean_clip_fraction": 0.0,
      "mean_exec_delta_final_fraction": 0.2777777777777778,
      "mean_exec_prefix_state_mae": 0.06514152178230385,
      "mean_future_error_l2": 2.6082995732625327,
      "mean_future_error_mae": 0.05433456227183342,
      "mean_pose0_xy_dist_to_gt": 0.0,
      "mean_pose1_xy_dist_to_gt": 0.0,
      "mean_pull_angle_deg_to_gt": 4.0247275657524445e-07,
      "mean_pull_len_ratio_to_gt": 1.0,
      "rows": 3
    },
    {
      "action_source": "gt_y_action",
      "baseline": "state_action",
      "condition": "hidden_breakaway_pin",
      "exec_attempted_rate": 1.0,
      "exec_failure_count": 0,
      "exec_success_rate": 0.0,
      "mean_action_cosine_to_gt": 1.0,
      "mean_action_l2_to_gt": 0.0,
      "mean_action_mae_to_gt": 0.0,
      "mean_action_ood": NaN,
      "mean_clip_fraction": 0.0,
      "mean_exec_delta_final_fraction": 0.2222222222222222,
      "mean_exec_prefix_state_mae": 0.06514092992680769,
      "mean_future_error_l2": 2.5050881703694663,
      "mean_future_error_mae": 0.05132713168859482,
      "mean_pose0_xy_dist_to_gt": 0.0,
      "mean_pose1_xy_dist_to_gt": 0.0,
      "mean_pull_angle_deg_to_gt": 6.870639719924424e-07,
      "mean_pull_len_ratio_to_gt": 1.0,
      "rows": 3
    },
    {
      "action_source": "gt_y_action",
      "baseline": "state_action",
      "condition": "hidden_high_friction",
      "exec_attempted_rate": 1.0,
      "exec_failure_count": 0,
      "exec_success_rate": 0.0,
      "mean_action_cosine_to_gt": 1.0,
      "mean_action_l2_to_gt": 0.0,
      "mean_action_mae_to_gt": 0.0,
      "mean_action_ood": NaN,
      "mean_clip_fraction": 0.0,
      "mean_exec_delta_final_fraction": 0.2638888888888889,
      "mean_exec_prefix_state_mae": 0.007813893491402268,
      "mean_future_error_l2": 2.4986534913380942,
      "mean_future_error_mae": 0.05088037997484207,
      "mean_pose0_xy_dist_to_gt": 0.0,
      "mean_pose1_xy_dist_to_gt": 0.0,
      "mean_pull_angle_deg_to_gt": 0.0,
      "mean_pull_len_ratio_to_gt": 1.0,
      "rows": 3
    },
    {
      "action_source": "gt_y_action",
      "baseline": "state_action",
      "condition": "hidden_pin",
      "exec_attempted_rate": 1.0,
      "exec_failure_count": 0,
      "exec_success_rate": 0.0,
      "mean_action_cosine_to_gt": 1.0,
      "mean_action_l2_to_gt": 0.0,
      "mean_action_mae_to_gt": 0.0,
      "mean_action_ood": NaN,
      "mean_clip_fraction": 0.0,
      "mean_exec_delta_final_fraction": 0.0,
      "mean_exec_prefix_state_mae": 0.05763656793472668,
      "mean_future_error_l2": 5.182542165120442,
      "mean_future_error_mae": 0.1213754341006279,
      "mean_pose0_xy_dist_to_gt": 0.0,
      "mean_pose1_xy_dist_to_gt": 0.0,
      "mean_pull_angle_deg_to_gt": 0.0,
      "mean_pull_len_ratio_to_gt": 1.0,
      "rows": 3
    },
    {
      "action_source": "idm_gt_future",
      "baseline": "state_action",
      "condition": "free",
      "exec_attempted_rate": 1.0,
      "exec_failure_count": 0,
      "exec_success_rate": 0.0,
      "mean_action_cosine_to_gt": 0.9952823483239994,
      "mean_action_l2_to_gt": 0.1326675203939279,
      "mean_action_mae_to_gt": 0.01575681349883477,
      "mean_action_ood": 0.7539358337720236,
      "mean_clip_fraction": 0.0,
      "mean_exec_delta_final_fraction": 0.0,
      "mean_exec_prefix_state_mae": 0.06514527167504032,
      "mean_future_error_l2": 2.6082995732625327,
      "mean_future_error_mae": 0.05433456227183342,
      "mean_pose0_xy_dist_to_gt": 0.11935638020549715,
      "mean_pose1_xy_dist_to_gt": 0.043409718428056486,
      "mean_pull_angle_deg_to_gt": 23.37435692574138,
      "mean_pull_len_ratio_to_gt": 4.272636153907746,
      "rows": 3
    },
    {
      "action_source": "idm_gt_future",
      "baseline": "state_action",
      "condition": "hidden_breakaway_pin",
      "exec_attempted_rate": 1.0,
      "exec_failure_count": 0,
      "exec_success_rate": 0.0,
      "mean_action_cosine_to_gt": 0.9971447291448944,
      "mean_action_l2_to_gt": 0.11279846852024396,
      "mean_action_mae_to_gt": 0.013182169757783413,
      "mean_action_ood": 0.6962549289067587,
      "mean_clip_fraction": 0.0,
      "mean_exec_delta_final_fraction": 0.013888888888888888,
      "mean_exec_prefix_state_mae": 0.06515803824489315,
      "mean_future_error_l2": 2.5050881703694663,
      "mean_future_error_mae": 0.05132713168859482,
      "mean_pose0_xy_dist_to_gt": 0.041847672193400125,
      "mean_pose1_xy_dist_to_gt": 0.09845475916535484,
      "mean_pull_angle_deg_to_gt": 18.973852656381705,
      "mean_pull_len_ratio_to_gt": 3.7395621102125047,
      "rows": 3
    },
    {
      "action_source": "idm_gt_future",
      "baseline": "state_action",
      "condition": "hidden_high_friction",
      "exec_attempted_rate": 1.0,
      "exec_failure_count": 0,
      "exec_success_rate": 0.0,
      "mean_action_cosine_to_gt": 0.9980086870710047,
      "mean_action_l2_to_gt": 0.09296177700161934,
      "mean_action_mae_to_gt": 0.011369904813667139,
      "mean_action_ood": 0.654514729976654,
      "mean_clip_fraction": 0.0,
      "mean_exec_delta_final_fraction": -0.013888888888888876,
      "mean_exec_prefix_state_mae": 0.008161018757770458,
      "mean_future_error_l2": 2.4986534913380942,
      "mean_future_error_mae": 0.05088037997484207,
      "mean_pose0_xy_dist_to_gt": 0.03309376206275448,
      "mean_pose1_xy_dist_to_gt": 0.08221109563335566,
      "mean_pull_angle_deg_to_gt": 21.002621231750656,
      "mean_pull_len_ratio_to_gt": 2.521797600375551,
      "rows": 3
    },
    {
      "action_source": "idm_gt_future",
      "baseline": "state_action",
      "condition": "hidden_pin",
      "exec_attempted_rate": 1.0,
      "exec_failure_count": 0,
      "exec_success_rate": 0.0,
      "mean_action_cosine_to_gt": 0.9974108778459391,
      "mean_action_l2_to_gt": 0.09820215652386348,
      "mean_action_mae_to_gt": 0.011655406560748816,
      "mean_action_ood": 0.772844115893046,
      "mean_clip_fraction": 0.0,
      "mean_exec_delta_final_fraction": 0.0,
      "mean_exec_prefix_state_mae": 0.059003201856588326,
      "mean_future_error_l2": 5.182542165120442,
      "mean_future_error_mae": 0.1213754341006279,
      "mean_pose0_xy_dist_to_gt": 0.03032375485115588,
      "mean_pose1_xy_dist_to_gt": 0.08931542461825619,
      "mean_pull_angle_deg_to_gt": 3.9314659876616447,
      "mean_pull_len_ratio_to_gt": 1.1338357211296994,
      "rows": 3
    },
    {
      "action_source": "idm_pred_future",
      "baseline": "state_action",
      "condition": "free",
      "exec_attempted_rate": 1.0,
      "exec_failure_count": 0,
      "exec_success_rate": 0.0,
      "mean_action_cosine_to_gt": 0.9899501602258415,
      "mean_action_l2_to_gt": 0.23139103750387827,
      "mean_action_mae_to_gt": 0.0288705180088679,
      "mean_action_ood": 0.6507652799288431,
      "mean_clip_fraction": 0.0,
      "mean_exec_delta_final_fraction": 0.0,
      "mean_exec_prefix_state_mae": 0.06518072565086186,
      "mean_future_error_l2": 2.6082995732625327,
      "mean_future_error_mae": 0.05433456227183342,
      "mean_pose0_xy_dist_to_gt": 0.08751926090342171,
      "mean_pose1_xy_dist_to_gt": 0.2037662267575732,
      "mean_pull_angle_deg_to_gt": 38.08354211314649,
      "mean_pull_len_ratio_to_gt": 5.1473004846975385,
      "rows": 3
    },
    {
      "action_source": "idm_pred_future",
      "baseline": "state_action",
      "condition": "hidden_breakaway_pin",
      "exec_attempted_rate": 1.0,
      "exec_failure_count": 0,
      "exec_success_rate": 0.0,
      "mean_action_cosine_to_gt": 0.9901688058378578,
      "mean_action_l2_to_gt": 0.23324856658776602,
      "mean_action_mae_to_gt": 0.024644240116079647,
      "mean_action_ood": 0.6734936535358429,
      "mean_clip_fraction": 0.0,
      "mean_exec_delta_final_fraction": 0.0,
      "mean_exec_prefix_state_mae": 0.06515980899954836,
      "mean_future_error_l2": 2.5050881703694663,
      "mean_future_error_mae": 0.05132713168859482,
      "mean_pose0_xy_dist_to_gt": 0.06561912887661057,
      "mean_pose1_xy_dist_to_gt": 0.21877073927899535,
      "mean_pull_angle_deg_to_gt": 17.04841578671869,
      "mean_pull_len_ratio_to_gt": 5.3434082949014945,
      "rows": 3
    },
    {
      "action_source": "idm_pred_future",
      "baseline": "state_action",
      "condition": "hidden_high_friction",
      "exec_attempted_rate": 1.0,
      "exec_failure_count": 0,
      "exec_success_rate": 0.3333333333333333,
      "mean_action_cosine_to_gt": 0.9933750047384439,
      "mean_action_l2_to_gt": 0.18182379504044852,
      "mean_action_mae_to_gt": 0.01860055203239123,
      "mean_action_ood": 0.6812154650688171,
      "mean_clip_fraction": 0.0,
      "mean_exec_delta_final_fraction": 0.08333333333333336,
      "mean_exec_prefix_state_mae": 0.028125778151055176,
      "mean_future_error_l2": 2.4986534913380942,
      "mean_future_error_mae": 0.05088037997484207,
      "mean_pose0_xy_dist_to_gt": 0.03916744667503955,
      "mean_pose1_xy_dist_to_gt": 0.17513661318046045,
      "mean_pull_angle_deg_to_gt": 16.091357109152096,
      "mean_pull_len_ratio_to_gt": 3.390406469167455,
      "rows": 3
    },
    {
      "action_source": "idm_pred_future",
      "baseline": "state_action",
      "condition": "hidden_pin",
      "exec_attempted_rate": 1.0,
      "exec_failure_count": 0,
      "exec_success_rate": 0.0,
      "mean_action_cosine_to_gt": 0.9844489613799348,
      "mean_action_l2_to_gt": 0.29827559490998584,
      "mean_action_mae_to_gt": 0.035302521040042244,
      "mean_action_ood": 0.6848061283429464,
      "mean_clip_fraction": 0.0,
      "mean_exec_delta_final_fraction": 0.0,
      "mean_exec_prefix_state_mae": 0.0576483648425589,
      "mean_future_error_l2": 5.182542165120442,
      "mean_future_error_mae": 0.1213754341006279,
      "mean_pose0_xy_dist_to_gt": 0.20650153604275934,
      "mean_pose1_xy_dist_to_gt": 0.19000948414923668,
      "mean_pull_angle_deg_to_gt": 8.613169775580042,
      "mean_pull_len_ratio_to_gt": 0.6460528406590513,
      "rows": 3
    },
    {
      "action_source": "same_state_oracle",
      "baseline": "state_action",
      "condition": "free",
      "exec_attempted_rate": 1.0,
      "exec_failure_count": 0,
      "exec_success_rate": 0.0,
      "mean_action_cosine_to_gt": NaN,
      "mean_action_l2_to_gt": NaN,
      "mean_action_mae_to_gt": NaN,
      "mean_action_ood": NaN,
      "mean_clip_fraction": NaN,
      "mean_exec_delta_final_fraction": 0.23611111111111113,
      "mean_exec_prefix_state_mae": 0.06515258240203063,
      "mean_future_error_l2": 2.6082995732625327,
      "mean_future_error_mae": 0.05433456227183342,
      "mean_pose0_xy_dist_to_gt": 0.32797324373676884,
      "mean_pose1_xy_dist_to_gt": 0.16443298660402625,
      "mean_pull_angle_deg_to_gt": 45.201847246631175,
      "mean_pull_len_ratio_to_gt": 13.379270839986354,
      "rows": 3
    },
    {
      "action_source": "same_state_oracle",
      "baseline": "state_action",
      "condition": "hidden_breakaway_pin",
      "exec_attempted_rate": 1.0,
      "exec_failure_count": 0,
      "exec_success_rate": 0.0,
      "mean_action_cosine_to_gt": NaN,
      "mean_action_l2_to_gt": NaN,
      "mean_action_mae_to_gt": NaN,
      "mean_action_ood": NaN,
      "mean_clip_fraction": NaN,
      "mean_exec_delta_final_fraction": 0.23611111111111108,
      "mean_exec_prefix_state_mae": 0.06517257859619956,
      "mean_future_error_l2": 2.5050881703694663,
      "mean_future_error_mae": 0.05132713168859482,
      "mean_pose0_xy_dist_to_gt": 0.2090628142573221,
      "mean_pose1_xy_dist_to_gt": 0.285516389412003,
      "mean_pull_angle_deg_to_gt": 54.852664092914026,
      "mean_pull_len_ratio_to_gt": 11.991322099945647,
      "rows": 3
    },
    {
      "action_source": "same_state_oracle",
      "baseline": "state_action",
      "condition": "hidden_high_friction",
      "exec_attempted_rate": 1.0,
      "exec_failure_count": 0,
      "exec_success_rate": 0.3333333333333333,
      "mean_action_cosine_to_gt": NaN,
      "mean_action_l2_to_gt": NaN,
      "mean_action_mae_to_gt": NaN,
      "mean_action_ood": NaN,
      "mean_clip_fraction": NaN,
      "mean_exec_delta_final_fraction": -0.013888888888888876,
      "mean_exec_prefix_state_mae": 0.01799716443444292,
      "mean_future_error_l2": 2.4986534913380942,
      "mean_future_error_mae": 0.05088037997484207,
      "mean_pose0_xy_dist_to_gt": 0.1769404446938265,
      "mean_pose1_xy_dist_to_gt": 0.030297086997167533,
      "mean_pull_angle_deg_to_gt": 92.75852839305438,
      "mean_pull_len_ratio_to_gt": 1.9061940076389696,
      "rows": 3
    },
    {
      "action_source": "same_state_oracle",
      "baseline": "state_action",
      "condition": "hidden_pin",
      "exec_attempted_rate": 1.0,
      "exec_failure_count": 0,
      "exec_success_rate": 0.0,
      "mean_action_cosine_to_gt": NaN,
      "mean_action_l2_to_gt": NaN,
      "mean_action_mae_to_gt": NaN,
      "mean_action_ood": NaN,
      "mean_clip_fraction": NaN,
      "mean_exec_delta_final_fraction": 0.0,
      "mean_exec_prefix_state_mae": 0.05640398579028746,
      "mean_future_error_l2": 5.182542165120442,
      "mean_future_error_mae": 0.1213754341006279,
      "mean_pose0_xy_dist_to_gt": NaN,
      "mean_pose1_xy_dist_to_gt": NaN,
      "mean_pull_angle_deg_to_gt": NaN,
      "mean_pull_len_ratio_to_gt": NaN,
      "rows": 3
    }
  ],
  "verdict": "FAIL"
}
[Phase3.7][FAIL] learned action alignment found a blocking issue
