[Phase3.12] root=/data/state_diff2
[Phase3.12] python=/miniforge3/envs/coord_bimanual/bin/python
[Phase3.12] conda_env=coord_bimanual
[Phase3.12] head=04ff1504eb7fc84e4d710caf967ba17bafc0d3c2
/data/state_diff2/scripts/phase3_policy_rollout.py:104: UserWarning: pkg_resources is deprecated as an API. See https://setuptools.pypa.io/en/latest/pkg_resources.html. The pkg_resources package is slated for removal as early as 2025-11-30. Refrain from using this package or pin to Setuptools<81.
  import pkg_resources
{
  "checkpoints": {
    "best_ablation": "xy_only_high_weight",
    "old_state_action": "/data/state_diff2/checkpoints/phase3/state_action/fold_0_seed_0",
    "phase39b_best": "/data/state_diff2/checkpoints/phase3_9b_geometry_idm/state_action/xy_only_high_weight/fold_phase3_9b_seed_392003/inverse_dynamics.pt"
  },
  "checks": {
    "action_codec_dim_14": true,
    "action_codec_no_camera_config": true,
    "forbidden_modules_not_loaded": true,
    "has_action_dim": true,
    "has_condition_name": true,
    "has_n_beads": true,
    "has_split_name": true,
    "has_state_action_x": true,
    "has_th": true,
    "has_y_action": true,
    "has_y_state": true,
    "import_ccda_phase3_rollout": true,
    "import_ccda_phase3_train_utils": true,
    "import_numpy": true,
    "import_phase3_policy_rollout": true,
    "import_pybullet": true,
    "import_ravens_environment": true,
    "import_ravens_tasks": true,
    "import_torch": true,
    "old_state_action_checkpoint_complete": true,
    "phase311b_live_source_context_mismatch": true,
    "phase311b_no_phase4_scope": true,
    "phase311b_summary_exists": true,
    "phase39b_best_idm_exists": true,
    "running_in_coord_bimanual": true,
    "script_import_and_input_hazard_free": true,
    "task_has_primary": true,
    "task_has_required_conditions": true,
    "task_instantiates": true,
    "task_registered": true,
    "windows_conditions_match": true,
    "windows_diagnostic_match": true,
    "windows_loadable": true,
    "windows_primary_match": true,
    "y_action_dim_14": true
  },
  "codec": {
    "dim": 14,
    "path": "/data/state_diff2/data/phase3_state_diff_windows/phase3_action_template.pkl",
    "summary": {
      "class": "ExecutableActionCodec",
      "dim": 14,
      "num_camera_config_paths": 0,
      "num_param_paths": 14,
      "num_paths": 14,
      "paths": [
        "params/pose0/0/0",
        "params/pose0/0/1",
        "params/pose0/0/2",
        "params/pose0/1/0",
        "params/pose0/1/1",
        "params/pose0/1/2",
        "params/pose0/1/3",
        "params/pose1/0/0",
        "params/pose1/0/1",
        "params/pose1/0/2",
        "params/pose1/1/0",
        "params/pose1/1/1",
        "params/pose1/1/2",
        "params/pose1/1/3"
      ]
    }
  },
  "conda_env": "coord_bimanual",
  "git": {
    "branch": "Experiment1",
    "head": "04ff1504eb7fc84e4d710caf967ba17bafc0d3c2",
    "origin_experiment1": "04ff1504eb7fc84e4d710caf967ba17bafc0d3c2",
    "status": "?? checkpoints/\n?? reports/phase3_12_compat_selection_preflight_report.md\n?? reports/phase3_12_compat_selection_preflight_summary.json\n?? reports/phase3_12_compat_selection_start.md\n?? scripts/phase3_12_analyze_compat_selection.py\n?? scripts/phase3_12_compat_selection_preflight.py\n?? scripts/phase3_12_compat_selection_rollout.py\n?? scripts/phase3_12_run_compat_selection.sh\n",
    "submodule": "388a3f5582c8fdffaecb06448f285d693a45b83c external/deformable-ravens (heads/ccda-cable)"
  },
  "issues": [],
  "phase311b_summary": {
    "root_cause": "phase311b_live_source_context_mismatch_supported",
    "verdict": "WARN"
  },
  "python": "/miniforge3/envs/coord_bimanual/bin/python",
  "shapes": {
    "action_dim": [],
    "action_template_json_or_pickle_path": [],
    "condition_id": [
      956
    ],
    "condition_name": [
      956
    ],
    "episode_action_len": [
      956
    ],
    "final_fraction": [
      956
    ],
    "meta_json": [],
    "n_beads": [],
    "paper_x": [
      956,
      405
    ],
    "robot_pose_dim": [],
    "robot_pose_proxy_source": [
      956
    ],
    "source_file": [
      956
    ],
    "split_name": [
      956
    ],
    "state_action_x": [
      956,
      447
    ],
    "state_dim": [],
    "success": [
      956
    ],
    "tf": [],
    "th": [],
    "visible_seed": [
      956
    ],
    "window_t": [
      956
    ],
    "y_action": [
      956,
      14
    ],
    "y_final_state": [
      956,
      135
    ],
    "y_state": [
      956,
      4,
      135
    ]
  },
  "verdict": "PASS",
  "windows_meta": {
    "action_codec": {
      "class": "ExecutableActionCodec",
      "dim": 14,
      "num_camera_config_paths": 0,
      "num_param_paths": 14,
      "num_paths": 14,
      "paths": [
        "params/pose0/0/0",
        "params/pose0/0/1",
        "params/pose0/0/2",
        "params/pose0/1/0",
        "params/pose0/1/1",
        "params/pose0/1/2",
        "params/pose0/1/3",
        "params/pose1/0/0",
        "params/pose1/0/1",
        "params/pose1/0/2",
        "params/pose1/1/0",
        "params/pose1/1/1",
        "params/pose1/1/2",
        "params/pose1/1/3"
      ]
    },
    "action_codec_summary": {
      "class": "ExecutableActionCodec",
      "dim": 14,
      "num_camera_config_paths": 0,
      "num_param_paths": 14,
      "num_paths": 14,
      "paths": [
        "params/pose0/0/0",
        "params/pose0/0/1",
        "params/pose0/0/2",
        "params/pose0/1/0",
        "params/pose0/1/1",
        "params/pose0/1/2",
        "params/pose0/1/3",
        "params/pose1/0/0",
        "params/pose1/0/1",
        "params/pose1/0/2",
        "params/pose1/1/0",
        "params/pose1/1/1",
        "params/pose1/1/2",
        "params/pose1/1/3"
      ]
    },
    "action_dim": 14,
    "action_template_json_or_pickle_path": "/data/state_diff2/data/phase3_state_diff_windows/phase3_action_template.pkl",
    "action_template_path": "/data/state_diff2/data/phase3_state_diff_windows/phase3_action_template.pkl",
    "canonicalization_rule": "group by split_name, visible_seed, window_t; copy free input to paired hidden branches; targets remain condition-specific",
    "canonicalization_summary_path": "/data/state_diff2/reports/phase3_canonicalization_summary.json",
    "canonicalized_paired_input_windows": 717,
    "ccda_breakaway_bead_ratio": "0.45",
    "ccda_breakaway_disp": "0.045",
    "ccda_breakaway_force": "2.6",
    "ccda_oracle_breakaway_pull_dist": "0.36",
    "complete_condition_filter": "keep only split/visible_seed/window_t groups containing: free, hidden_pin, hidden_high_friction, hidden_breakaway_pin",
    "conditions": [
      "free",
      "hidden_pin",
      "hidden_high_friction",
      "hidden_breakaway_pin"
    ],
    "diagnostic_branch_pair": "free_vs_hidden_pin",
    "diagnostic_hidden_condition": "hidden_pin",
    "dropped_windows_incomplete_condition_groups": 1921,
    "episode_action_len_max": 20,
    "episode_action_len_mean": 7.076359832635983,
    "episode_action_len_min": 1,
    "feature_schema": {
      "forbidden_not_in_x": [
        "hidden_condition",
        "hidden_contact_meta",
        "recoverability_params",
        "recoverability_class_candidate",
        "breakaway_released",
        "breakaway_release_step",
        "breakaway_step",
        "breakaway_threshold",
        "breakaway_max_disp_seen",
        "condition_id",
        "condition_name",
        "condition_label",
        "condition_id_onehot",
        "success",
        "final_fraction",
        "ccda_pair_group",
        "pair_group",
        "source_file",
        "visible_seed",
        "ccda_visible_seed"
      ],
      "paper_x": [
        "bead_xy_history",
        "bead_velocity_history",
        "robot_pose_proxy_history"
      ],
      "state_action_x": [
        "paper_x",
        "past_action_history_excluding_current_action"
      ],
      "y_action": [
        "current_executable_pick_place_action"
      ],
      "y_state": [
        "future_state_trajectory"
      ]
    },
    "forbidden_metadata_not_in_x": [
      "hidden_condition",
      "hidden_contact_meta",
      "recoverability_params",
      "recoverability_class_candidate",
      "breakaway_released",
      "breakaway_release_step",
      "breakaway_step",
      "breakaway_threshold",
      "breakaway_max_disp_seen",
      "condition_id",
      "condition_name",
      "condition_label",
      "condition_id_onehot",
      "success",
      "final_fraction",
      "ccda_pair_group",
      "pair_group",
      "source_file",
      "visible_seed",
      "ccda_visible_seed"
    ],
    "heldout_visible_seed_count": 30,
    "heldout_visible_seeds": [
      100000,
      100001,
      100002,
      100003,
      100004,
      100005,
      100006,
      100007,
      100008,
      100009,
      100010,
      100011,
      100012,
      100013,
      100014,
      100015,
      100016,
      100017,
      100018,
      100019,
      100020,
      100021,
      100022,
      100023,
      100024,
      100025,
      100026,
      100027,
      100028,
      100029
    ],
    "max_windows_per_episode": 0,
    "n_beads": 24,
    "num_episodes_loaded": 520,
    "num_heldout_windows": 188,
    "num_train_windows": 768,
    "num_windows": 956,
    "paper_x_shape": [
      956,
      405
    ],
    "phase2_5_selected_config": "breakaway_force_2p6_disp_0p045_pull_0p36",
    "phase2_5_selected_recoverable_condition": "hidden_breakaway_pin",
    "primary_branch_pair": "free_vs_hidden_breakaway_pin",
    "primary_hidden_condition": "hidden_breakaway_pin",
    "raw_num_windows_before_complete_condition_filter": 2877,
    "robot_pose_dim": 39,
    "robot_pose_proxy_source_counts": {
      "pybullet_robot_body": 13471
    },
    "state_action_extra_all_zero": false,
    "state_action_extra_std": 0.2338666021823883,
    "state_action_x_shape": [
      956,
      447
    ],
    "state_dim": 135,
    "tf": 4,
    "th": 3,
    "train_heldout_seed_overlap": [],
    "train_visible_seed_count": 100,
    "train_visible_seeds": [
      1000,
      1001,
      1002,
      1003,
      1004,
      1005,
      1006,
      1007,
      1008,
      1009,
      1010,
      1011,
      1012,
      1013,
      1014,
      1015,
      1016,
      1017,
      1018,
      1019,
      1020,
      1021,
      1022,
      1023,
      1024,
      1025,
      1026,
      1027,
      1028,
      1029,
      1030,
      1031,
      1032,
      1033,
      1034,
      1035,
      1036,
      1037,
      1038,
      1039,
      1040,
      1041,
      1042,
      1043,
      1044,
      1045,
      1046,
      1047,
      1048,
      1049,
      1050,
      1051,
      1052,
      1053,
      1054,
      1055,
      1056,
      1057,
      1058,
      1059,
      1060,
      1061,
      1062,
      1063,
      1064,
      1065,
      1066,
      1067,
      1068,
      1069,
      1070,
      1071,
      1072,
      1073,
      1074,
      1075,
      1076,
      1077,
      1078,
      1079,
      1080,
      1081,
      1082,
      1083,
      1084,
      1085,
      1086,
      1087,
      1088,
      1089,
      1090,
      1091,
      1092,
      1093,
      1094,
      1095,
      1096,
      1097,
      1098,
      1099
    ],
    "windows_per_condition": {
      "free": 239,
      "hidden_breakaway_pin": 239,
      "hidden_high_friction": 239,
      "hidden_pin": 239
    },
    "y_action_shape": [
      956,
      14
    ]
  }
}
{
  "failed": 0,
  "matrix": {
    "conditions": [
      "free",
      "hidden_breakaway_pin",
      "hidden_high_friction"
    ],
    "episodes_per_condition": 3,
    "max_steps": 16,
    "samples_per_step": 32,
    "selectors": [
      "ddpm_mean",
      "input_nearest",
      "condition_nearest",
      "compat_global_topk",
      "compat_condition_topk",
      "compat_condition_action_geom"
    ],
    "top_k": 32
  },
  "num_episodes_written": 54,
  "ok": 54,
  "out_episode_csv": "reports/phase3_12_compat_selection_episodes.csv",
  "out_step_csv": "reports/phase3_12_compat_selection_steps.csv",
  "scope": "phase3_12_compat_selection_no_phase4_no_cps",
  "status": "completed",
  "timeout": 0
}
{
  "condition_table": [
    {
      "compat_action_geom_context_l2": 0.09845735045382753,
      "compat_action_geom_future_match": 1.0,
      "compat_action_geom_pull": 0.10379426992343117,
      "compat_condition_action_geom_final": 0.125,
      "compat_condition_action_geom_improvement": 0.09722222222222222,
      "compat_condition_context_l2": 0.06798941797266404,
      "compat_condition_future_match": 1.0,
      "compat_condition_pull": 0.09870848354573052,
      "compat_condition_topk_final": 0.0,
      "compat_condition_topk_improvement": -0.027777777777777776,
      "compat_global_context_l2": 0.09520153289971252,
      "compat_global_pull": 0.26863964336613816,
      "compat_global_topk_final": 0.05555555555555555,
      "compat_global_topk_improvement": 0.027777777777777776,
      "condition": "free",
      "condition_nearest_final": 0.0,
      "condition_nearest_future_match": 1.0,
      "condition_nearest_improvement": -0.027777777777777776,
      "ddpm_mean_final": 0.027777777777777776,
      "ddpm_mean_future_match": 0.041666666666666664,
      "ddpm_mean_pull": 0.14083288739978647,
      "input_nearest_final": 0.0,
      "input_nearest_improvement": -0.027777777777777776
    },
    {
      "compat_action_geom_context_l2": 0.12364157058376198,
      "compat_action_geom_future_match": 1.0,
      "compat_action_geom_pull": 0.1286391520019,
      "compat_condition_action_geom_final": 0.041666666666666664,
      "compat_condition_action_geom_improvement": -0.06944444444444445,
      "compat_condition_context_l2": 0.09868668627071504,
      "compat_condition_future_match": 1.0,
      "compat_condition_pull": 0.13421412689300874,
      "compat_condition_topk_final": 0.0,
      "compat_condition_topk_improvement": -0.11111111111111112,
      "compat_global_context_l2": 0.07160416658734903,
      "compat_global_pull": 0.17365815055867037,
      "compat_global_topk_final": 0.041666666666666664,
      "compat_global_topk_improvement": -0.06944444444444445,
      "condition": "hidden_breakaway_pin",
      "condition_nearest_final": 0.23611111111111113,
      "condition_nearest_future_match": 1.0,
      "condition_nearest_improvement": 0.125,
      "ddpm_mean_final": 0.11111111111111112,
      "ddpm_mean_future_match": 0.375,
      "ddpm_mean_pull": 0.06479922902265874,
      "input_nearest_final": 0.0,
      "input_nearest_improvement": -0.11111111111111112
    },
    {
      "compat_action_geom_context_l2": 0.09034993848763406,
      "compat_action_geom_future_match": 1.0,
      "compat_action_geom_pull": 0.11305891086036961,
      "compat_condition_action_geom_final": 0.041666666666666664,
      "compat_condition_action_geom_improvement": -0.027777777777777783,
      "compat_condition_context_l2": 0.06958891664786886,
      "compat_condition_future_match": 1.0,
      "compat_condition_pull": 0.0893104214919731,
      "compat_condition_topk_final": 0.15277777777777776,
      "compat_condition_topk_improvement": 0.08333333333333331,
      "compat_global_context_l2": 0.11118887392027925,
      "compat_global_pull": 0.3857676262656848,
      "compat_global_topk_final": 0.25,
      "compat_global_topk_improvement": 0.18055555555555555,
      "condition": "hidden_high_friction",
      "condition_nearest_final": 0.0,
      "condition_nearest_future_match": 1.0,
      "condition_nearest_improvement": -0.06944444444444445,
      "ddpm_mean_final": 0.06944444444444445,
      "ddpm_mean_future_match": 0.5833333333333334,
      "ddpm_mean_pull": 0.11093327222624794,
      "input_nearest_final": 0.05555555555555555,
      "input_nearest_improvement": -0.013888888888888895
    }
  ],
  "diagnostic_flags": {
    "compat_action_geom_supported": false,
    "compat_condition_supported": false,
    "compat_global_supported": false,
    "simple_condition_supported": true,
    "simple_input_supported": false
  },
  "important_note": "Phase3.12 is diagnostic future selection only. Condition-aware selectors use labels as upper-bound diagnostics. No Phase4/CPS.",
  "issues": [
    {
      "detail": "{'gain': 0.125}",
      "level": "WARN",
      "name": "condition_nearest_improves_primary_upper_bound"
    }
  ],
  "num_episode_rows": 54,
  "num_step_rows": 864,
  "progress": {
    "completed": 54,
    "failed": 0,
    "finished_at": "2026-07-07T15:33:58+0800",
    "last_row": {
      "condition": "hidden_high_friction",
      "delta_fraction": 0.0,
      "failure_reason": "",
      "final_fraction": 0.0,
      "selector": "compat_condition_action_geom",
      "status": "ok"
    },
    "ok": 54,
    "scope": "phase3_12_compat_selection_no_phase4_no_cps",
    "started_at": "2026-07-07T14:56:23+0800",
    "status": "completed",
    "timeout": 0,
    "total_specs": 54
  },
  "raw_summary": {
    "failed": 0,
    "matrix": {
      "conditions": [
        "free",
        "hidden_breakaway_pin",
        "hidden_high_friction"
      ],
      "episodes_per_condition": 3,
      "max_steps": 16,
      "samples_per_step": 32,
      "selectors": [
        "ddpm_mean",
        "input_nearest",
        "condition_nearest",
        "compat_global_topk",
        "compat_condition_topk",
        "compat_condition_action_geom"
      ],
      "top_k": 32
    },
    "num_episodes_written": 54,
    "ok": 54,
    "out_episode_csv": "reports/phase3_12_compat_selection_episodes.csv",
    "out_step_csv": "reports/phase3_12_compat_selection_steps.csv",
    "scope": "phase3_12_compat_selection_no_phase4_no_cps",
    "status": "completed",
    "timeout": 0
  },
  "recommendation": "Do not enter Phase4/CPS. Inspect step traces and compatibility score components.",
  "root_cause": "phase312_simple_locality_selection_supported",
  "table": [
    {
      "condition": "free",
      "failed_rows": 0,
      "mean_action_mae_to_source": NaN,
      "mean_action_ood": 0.3688946827314794,
      "mean_clip_frac": 0.0,
      "mean_delta_fraction": 0.027777777777777776,
      "mean_final_fraction": 0.027777777777777776,
      "mean_future_match": 0.041666666666666664,
      "mean_pull_diff_to_source": NaN,
      "mean_pull_len": 0.14083288739978647,
      "mean_selected_context_l2": NaN,
      "mean_selected_score": NaN,
      "mean_source_pull_len": NaN,
      "ok_rows": 3,
      "rows": 3,
      "selector": "ddpm_mean",
      "timeout_rows": 0,
      "uses_condition_label": 0
    },
    {
      "condition": "hidden_breakaway_pin",
      "failed_rows": 0,
      "mean_action_mae_to_source": NaN,
      "mean_action_ood": 0.24037693565090498,
      "mean_clip_frac": 0.0,
      "mean_delta_fraction": 0.11111111111111112,
      "mean_final_fraction": 0.11111111111111112,
      "mean_future_match": 0.375,
      "mean_pull_diff_to_source": NaN,
      "mean_pull_len": 0.06479922902265874,
      "mean_selected_context_l2": NaN,
      "mean_selected_score": NaN,
      "mean_source_pull_len": NaN,
      "ok_rows": 3,
      "rows": 3,
      "selector": "ddpm_mean",
      "timeout_rows": 0,
      "uses_condition_label": 0
    },
    {
      "condition": "hidden_high_friction",
      "failed_rows": 0,
      "mean_action_mae_to_source": NaN,
      "mean_action_ood": 0.31067207936818403,
      "mean_clip_frac": 0.0,
      "mean_delta_fraction": 0.05555555555555556,
      "mean_final_fraction": 0.06944444444444445,
      "mean_future_match": 0.5833333333333334,
      "mean_pull_diff_to_source": NaN,
      "mean_pull_len": 0.11093327222624794,
      "mean_selected_context_l2": NaN,
      "mean_selected_score": NaN,
      "mean_source_pull_len": NaN,
      "ok_rows": 3,
      "rows": 3,
      "selector": "ddpm_mean",
      "timeout_rows": 0,
      "uses_condition_label": 0
    },
    {
      "condition": "free",
      "failed_rows": 0,
      "mean_action_mae_to_source": NaN,
      "mean_action_ood": 0.6416908067961534,
      "mean_clip_frac": 0.005952380952380952,
      "mean_delta_fraction": 0.0,
      "mean_final_fraction": 0.0,
      "mean_future_match": 0.3541666666666667,
      "mean_pull_diff_to_source": NaN,
      "mean_pull_len": 0.2136714393661047,
      "mean_selected_context_l2": 0.08181032881839201,
      "mean_selected_score": NaN,
      "mean_source_pull_len": NaN,
      "ok_rows": 3,
      "rows": 3,
      "selector": "input_nearest",
      "timeout_rows": 0,
      "uses_condition_label": 0
    },
    {
      "condition": "hidden_breakaway_pin",
      "failed_rows": 0,
      "mean_action_mae_to_source": NaN,
      "mean_action_ood": 0.6433754575749239,
      "mean_clip_frac": 0.0,
      "mean_delta_fraction": 0.0,
      "mean_final_fraction": 0.0,
      "mean_future_match": 0.4166666666666667,
      "mean_pull_diff_to_source": NaN,
      "mean_pull_len": 0.22089217750666043,
      "mean_selected_context_l2": 0.07996504208616291,
      "mean_selected_score": NaN,
      "mean_source_pull_len": NaN,
      "ok_rows": 3,
      "rows": 3,
      "selector": "input_nearest",
      "timeout_rows": 0,
      "uses_condition_label": 0
    },
    {
      "condition": "hidden_high_friction",
      "failed_rows": 0,
      "mean_action_mae_to_source": NaN,
      "mean_action_ood": 0.44282171844194335,
      "mean_clip_frac": 0.0,
      "mean_delta_fraction": 0.05555555555555555,
      "mean_final_fraction": 0.05555555555555555,
      "mean_future_match": 0.0625,
      "mean_pull_diff_to_source": NaN,
      "mean_pull_len": 0.1256982076835508,
      "mean_selected_context_l2": 0.05521554053605845,
      "mean_selected_score": NaN,
      "mean_source_pull_len": NaN,
      "ok_rows": 3,
      "rows": 3,
      "selector": "input_nearest",
      "timeout_rows": 0,
      "uses_condition_label": 0
    },
    {
      "condition": "free",
      "failed_rows": 0,
      "mean_action_mae_to_source": NaN,
      "mean_action_ood": 0.7011180237556497,
      "mean_clip_frac": 0.005952380952380952,
      "mean_delta_fraction": 0.0,
      "mean_final_fraction": 0.0,
      "mean_future_match": 1.0,
      "mean_pull_diff_to_source": NaN,
      "mean_pull_len": 0.20525930845178664,
      "mean_selected_context_l2": 0.0870373629538032,
      "mean_selected_score": NaN,
      "mean_source_pull_len": NaN,
      "ok_rows": 3,
      "rows": 3,
      "selector": "condition_nearest",
      "timeout_rows": 0,
      "uses_condition_label": 1
    },
    {
      "condition": "hidden_breakaway_pin",
      "failed_rows": 0,
      "mean_action_mae_to_source": NaN,
      "mean_action_ood": 0.4192127889643113,
      "mean_clip_frac": 0.0,
      "mean_delta_fraction": 0.18055555555555558,
      "mean_final_fraction": 0.23611111111111113,
      "mean_future_match": 1.0,
      "mean_pull_diff_to_source": NaN,
      "mean_pull_len": 0.07617430082367112,
      "mean_selected_context_l2": 0.053125455538975075,
      "mean_selected_score": NaN,
      "mean_source_pull_len": NaN,
      "ok_rows": 3,
      "rows": 3,
      "selector": "condition_nearest",
      "timeout_rows": 0,
      "uses_condition_label": 1
    },
    {
      "condition": "hidden_high_friction",
      "failed_rows": 0,
      "mean_action_mae_to_source": NaN,
      "mean_action_ood": 0.4677891228348017,
      "mean_clip_frac": 0.0,
      "mean_delta_fraction": -0.05555555555555555,
      "mean_final_fraction": 0.0,
      "mean_future_match": 1.0,
      "mean_pull_diff_to_source": NaN,
      "mean_pull_len": 0.12377002602443099,
      "mean_selected_context_l2": 0.05653258570237085,
      "mean_selected_score": NaN,
      "mean_source_pull_len": NaN,
      "ok_rows": 3,
      "rows": 3,
      "selector": "condition_nearest",
      "timeout_rows": 0,
      "uses_condition_label": 1
    },
    {
      "condition": "free",
      "failed_rows": 0,
      "mean_action_mae_to_source": 0.009469668662253147,
      "mean_action_ood": 0.599209009980162,
      "mean_clip_frac": 0.0,
      "mean_delta_fraction": 0.05555555555555555,
      "mean_final_fraction": 0.05555555555555555,
      "mean_future_match": 0.10416666666666667,
      "mean_pull_diff_to_source": 0.035250714766637735,
      "mean_pull_len": 0.26863964336613816,
      "mean_selected_context_l2": 0.09520153289971252,
      "mean_selected_score": 0.29400472882514195,
      "mean_source_pull_len": 0.2566528381430544,
      "ok_rows": 3,
      "rows": 3,
      "selector": "compat_global_topk",
      "timeout_rows": 0,
      "uses_condition_label": 0
    },
    {
      "condition": "hidden_breakaway_pin",
      "failed_rows": 0,
      "mean_action_mae_to_source": 0.007938353167749787,
      "mean_action_ood": 0.41142680775374174,
      "mean_clip_frac": 0.0,
      "mean_delta_fraction": 0.041666666666666664,
      "mean_final_fraction": 0.041666666666666664,
      "mean_future_match": 0.25,
      "mean_pull_diff_to_source": 0.014436629173966745,
      "mean_pull_len": 0.17365815055867037,
      "mean_selected_context_l2": 0.07160416658734903,
      "mean_selected_score": 0.20590203396704357,
      "mean_source_pull_len": 0.16356138337869197,
      "ok_rows": 3,
      "rows": 3,
      "selector": "compat_global_topk",
      "timeout_rows": 0,
      "uses_condition_label": 0
    },
    {
      "condition": "hidden_high_friction",
      "failed_rows": 0,
      "mean_action_mae_to_source": 0.01470107639518877,
      "mean_action_ood": 0.716855412038664,
      "mean_clip_frac": 0.0,
      "mean_delta_fraction": 0.25,
      "mean_final_fraction": 0.25,
      "mean_future_match": 0.14583333333333334,
      "mean_pull_diff_to_source": 0.013118620108192166,
      "mean_pull_len": 0.3857676262656848,
      "mean_selected_context_l2": 0.11118887392027925,
      "mean_selected_score": 0.3123811632286137,
      "mean_source_pull_len": 0.3834796720960488,
      "ok_rows": 3,
      "rows": 3,
      "selector": "compat_global_topk",
      "timeout_rows": 0,
      "uses_condition_label": 0
    },
    {
      "condition": "free",
      "failed_rows": 0,
      "mean_action_mae_to_source": 0.007632874568419841,
      "mean_action_ood": 0.42830773536115885,
      "mean_clip_frac": 0.0,
      "mean_delta_fraction": 0.0,
      "mean_final_fraction": 0.0,
      "mean_future_match": 1.0,
      "mean_pull_diff_to_source": 0.032866006096204124,
      "mean_pull_len": 0.09870848354573052,
      "mean_selected_context_l2": 0.06798941797266404,
      "mean_selected_score": 0.2604137803451158,
      "mean_source_pull_len": 0.06900732684880495,
      "ok_rows": 3,
      "rows": 3,
      "selector": "compat_condition_topk",
      "timeout_rows": 0,
      "uses_condition_label": 1
    },
    {
      "condition": "hidden_breakaway_pin",
      "failed_rows": 0,
      "mean_action_mae_to_source": 0.008118041187117342,
      "mean_action_ood": 0.4520470568289359,
      "mean_clip_frac": 0.0,
      "mean_delta_fraction": 0.0,
      "mean_final_fraction": 0.0,
      "mean_future_match": 1.0,
      "mean_pull_diff_to_source": 0.027732092421501875,
      "mean_pull_len": 0.13421412689300874,
      "mean_selected_context_l2": 0.09868668627071504,
      "mean_selected_score": 0.2662198406896399,
      "mean_source_pull_len": 0.10852949003068109,
      "ok_rows": 3,
      "rows": 3,
      "selector": "compat_condition_topk",
      "timeout_rows": 0,
      "uses_condition_label": 1
    },
    {
      "condition": "hidden_high_friction",
      "failed_rows": 0,
      "mean_action_mae_to_source": 0.00674898367045292,
      "mean_action_ood": 0.34480709536001086,
      "mean_clip_frac": 0.0,
      "mean_delta_fraction": 0.15277777777777776,
      "mean_final_fraction": 0.15277777777777776,
      "mean_future_match": 1.0,
      "mean_pull_diff_to_source": 0.008359076105989516,
      "mean_pull_len": 0.0893104214919731,
      "mean_selected_context_l2": 0.06958891664786886,
      "mean_selected_score": 0.20523344265529886,
      "mean_source_pull_len": 0.08628615162645777,
      "ok_rows": 3,
      "rows": 3,
      "selector": "compat_condition_topk",
      "timeout_rows": 0,
      "uses_condition_label": 1
    },
    {
      "condition": "free",
      "failed_rows": 0,
      "mean_action_mae_to_source": 0.010826323145010974,
      "mean_action_ood": 0.5636534746736288,
      "mean_clip_frac": 0.0,
      "mean_delta_fraction": 0.125,
      "mean_final_fraction": 0.125,
      "mean_future_match": 1.0,
      "mean_pull_diff_to_source": 0.0074167496447140975,
      "mean_pull_len": 0.10379426992343117,
      "mean_selected_context_l2": 0.09845735045382753,
      "mean_selected_score": 0.29541630211286246,
      "mean_source_pull_len": 0.09942164140132566,
      "ok_rows": 3,
      "rows": 3,
      "selector": "compat_condition_action_geom",
      "timeout_rows": 0,
      "uses_condition_label": 1
    },
    {
      "condition": "hidden_breakaway_pin",
      "failed_rows": 0,
      "mean_action_mae_to_source": 0.008615863135977028,
      "mean_action_ood": 0.6660418299337229,
      "mean_clip_frac": 0.0,
      "mean_delta_fraction": 0.041666666666666664,
      "mean_final_fraction": 0.041666666666666664,
      "mean_future_match": 1.0,
      "mean_pull_diff_to_source": 0.009361952970114848,
      "mean_pull_len": 0.1286391520019,
      "mean_selected_context_l2": 0.12364157058376198,
      "mean_selected_score": 0.3101530649412113,
      "mean_source_pull_len": 0.12277379841543734,
      "ok_rows": 3,
      "rows": 3,
      "selector": "compat_condition_action_geom",
      "timeout_rows": 0,
      "uses_condition_label": 1
    },
    {
      "condition": "hidden_high_friction",
      "failed_rows": 0,
      "mean_action_mae_to_source": 0.006764997703915772,
      "mean_action_ood": 0.4415941558157404,
      "mean_clip_frac": 0.0,
      "mean_delta_fraction": 0.041666666666666664,
      "mean_final_fraction": 0.041666666666666664,
      "mean_future_match": 1.0,
      "mean_pull_diff_to_source": 0.007444654901822408,
      "mean_pull_len": 0.11305891086036961,
      "mean_selected_context_l2": 0.09034993848763406,
      "mean_selected_score": 0.24002646010058623,
      "mean_source_pull_len": 0.1082240918961664,
      "ok_rows": 3,
      "rows": 3,
      "selector": "compat_condition_action_geom",
      "timeout_rows": 0,
      "uses_condition_label": 1
    }
  ],
  "verdict": "WARN"
}
[Phase3.12] done
